REM 2019-06-12 10:17:24.038413
set PROJECT_NAME=SCMIta
set BRANCH_FROM=10.35
set BRANCH_TO=10.40
set REV_FROM=373705
set REV_TO=374059
set COMMENT="riportate modifiche dal branch %BRANCH_FROM% da rev %REV_FROM% a %REV_TO% sul %BRANCH_TO%"
cd \OVERIT\geocall61\%PROJECT_NAME%-%BRANCH_TO%\overit
svn update
svn_merge_branch.cmd

C:\development-cri\test-python\test-python\mergesvnscmita>REM 2019-06-12 10:17:24.038413 

C:\development-cri\test-python\test-python\mergesvnscmita>set PROJECT_NAME=SCMIta 

C:\development-cri\test-python\test-python\mergesvnscmita>set BRANCH_FROM=10.35 

C:\development-cri\test-python\test-python\mergesvnscmita>set BRANCH_TO=10.40 

C:\development-cri\test-python\test-python\mergesvnscmita>set REV_FROM=373705 

C:\development-cri\test-python\test-python\mergesvnscmita>set REV_TO=374059 

C:\development-cri\test-python\test-python\mergesvnscmita>set COMMENT="riportate modifiche dal branch 10.35 da rev 373705 a 374059 sul 10.40" 

C:\development-cri\test-python\test-python\mergesvnscmita>cd \OVERIT\geocall61\SCMIta-10.40\overit 

C:\OVERIT\geocall61\SCMIta-10.40\overit>svn update 
Updating '.':
Alla revisione 374059.

C:\OVERIT\geocall61\SCMIta-10.40\overit>svn_merge_branch.cmd

C:\OVERIT\geocall61\SCMIta-10.40\overit>svn merge -r 373705:374059 http://svn.overit.it/repositories/geocall/SCMIta/branches/10.35/src/overit --accept postpone 
--- Fusione di r373706 attraverso r374059 in '.':
U    geocallapp\scmita\amministrazione\aschede\AllegatiSchede.xsl
U    geocallapp\scmita\amministrazione\aschede\CAllegatiSchede.java
A    geocallapp\scmita\anagrafiche\strategiecl\RicercaStrategiaCL.java
U    geocallapp\scmita\fibraottica\anagrafiche\attocontrollofovf\DATLavorazioniAttoVF.java
U    geocallapp\scmita\fibraottica\anagrafiche\attocontrollofovf\LavorazioneAttoVF.java
 G   .
--- Recording mergeinfo for merge of r373706 through r374059 into '.':
 G   .

C:\development-cri\test-python\test-python\mergesvnscmita>set PROJECT_NAME=SCMIta 

C:\development-cri\test-python\test-python\mergesvnscmita>set BRANCH_FROM=10.35 

C:\development-cri\test-python\test-python\mergesvnscmita>set BRANCH_TO=10.40 

C:\development-cri\test-python\test-python\mergesvnscmita>set REV_FROM=373705 

C:\development-cri\test-python\test-python\mergesvnscmita>set REV_TO=374059 

C:\development-cri\test-python\test-python\mergesvnscmita>set COMMENT="riportate modifiche dal branch 10.35 da rev 373705 a 374059 sul 10.40" 

C:\development-cri\test-python\test-python\mergesvnscmita>cd \OVERIT\geocall61\SCMIta-10.40\overit 

C:\OVERIT\geocall61\SCMIta-10.40\overit>svn_commit.cmd

C:\OVERIT\geocall61\SCMIta-10.40\overit>svn commit -m "riportate modifiche dal branch 10.35 da rev 373705 a 374059 sul 10.40" 
Trasmetto      .
Trasmetto      geocallapp\scmita\amministrazione\aschede\AllegatiSchede.xsl
Trasmetto      geocallapp\scmita\amministrazione\aschede\CAllegatiSchede.java
Aggiungo       geocallapp\scmita\anagrafiche\strategiecl\RicercaStrategiaCL.java
Trasmetto      geocallapp\scmita\fibraottica\anagrafiche\attocontrollofovf\DATLavorazioniAttoVF.java
Trasmetto      geocallapp\scmita\fibraottica\anagrafiche\attocontrollofovf\LavorazioneAttoVF.java
Trasmissione dati ....
Committed revision 374061.


----
REM 2019-06-10 17:55:19.325578
set PROJECT_NAME=SCMIta
set BRANCH_FROM=10.35
set BRANCH_TO=10.40
set REV_FROM=373297
set REV_TO=373705
set COMMENT="riportate modifiche dal branch %BRANCH_FROM% da rev %REV_FROM% a %REV_TO% sul %BRANCH_TO%"
cd \OVERIT\geocall61\%PROJECT_NAME%-%BRANCH_TO%\overit
svn update
svn_merge_branch.cmd

C:\development-cri\test-python\test-python>REM 2019-06-10 17:55:19.325578 

C:\development-cri\test-python\test-python>set PROJECT_NAME=SCMIta 

C:\development-cri\test-python\test-python>set BRANCH_FROM=10.35 

C:\development-cri\test-python\test-python>set BRANCH_TO=10.40 

C:\development-cri\test-python\test-python>set REV_FROM=373297 

C:\development-cri\test-python\test-python>set REV_TO=373705 

C:\development-cri\test-python\test-python>set COMMENT="riportate modifiche dal branch 10.35 da rev 373297 a 373705 sul 10.40" 

C:\development-cri\test-python\test-python>cd \OVERIT\geocall61\SCMIta-10.40\overit 

C:\OVERIT\geocall61\SCMIta-10.40\overit>svn update 
Updating '.':
Alla revisione 373705.

C:\OVERIT\geocall61\SCMIta-10.40\overit>svn_merge_branch.cmd

C:\OVERIT\geocall61\SCMIta-10.40\overit>svn merge -r 373297:373705 http://svn.overit.it/repositories/geocall/SCMIta/branches/10.35/src/overit --accept postpone 
--- Fusione di r373298 attraverso r373705 in '.':
 G   .
--- Recording mergeinfo for merge of r373298 through r373705 into '.':
 G   .

C:\development-cri\test-python\test-python>set PROJECT_NAME=SCMIta 

C:\development-cri\test-python\test-python>set BRANCH_FROM=10.35 

C:\development-cri\test-python\test-python>set BRANCH_TO=10.40 

C:\development-cri\test-python\test-python>set REV_FROM=373297 

C:\development-cri\test-python\test-python>set REV_TO=373705 

C:\development-cri\test-python\test-python>set COMMENT="riportate modifiche dal branch 10.35 da rev 373297 a 373705 sul 10.40" 

C:\development-cri\test-python\test-python>cd \OVERIT\geocall61\SCMIta-10.40\overit 

C:\OVERIT\geocall61\SCMIta-10.40\overit>svn_commit.cmd

C:\OVERIT\geocall61\SCMIta-10.40\overit>svn commit -m "riportate modifiche dal branch 10.35 da rev 373297 a 373705 sul 10.40" 
Trasmetto      .

Committed revision 373706.


----
2019-06-07 11:51:32.485764
set PROJECT_NAME=SCMIta
set BRANCH_FROM=10.35
set BRANCH_TO=10.40
set REV_FROM=373227
set REV_TO=373297
set COMMENT="riportate modifiche dal branch %BRANCH_FROM% da rev %REV_FROM% a %REV_TO% sul %BRANCH_TO%"
cd ..\..\%PROJECT_NAME%-%BRANCH_TO%\overit
svn update
svn_merge_branch.cmd
svn_commit.cmd

C:\OVERIT\geocall61\SCMIta-10.35\overit> set PROJECT_NAME=SCMIta

C:\OVERIT\geocall61\SCMIta-10.35\overit>set BRANCH_FROM=10.35

C:\OVERIT\geocall61\SCMIta-10.35\overit>set BRANCH_TO=10.40

C:\OVERIT\geocall61\SCMIta-10.35\overit>set REV_FROM=373227

C:\OVERIT\geocall61\SCMIta-10.35\overit>set REV_TO=373297

C:\OVERIT\geocall61\SCMIta-10.35\overit>set COMMENT="riportate modifiche dal branch %BRANCH_FROM% da rev %REV_FROM% a %REV_TO% sul %BRANCH_TO%"

C:\OVERIT\geocall61\SCMIta-10.35\overit>cd ..\..\%PROJECT_NAME%-%BRANCH_TO%\overit

C:\OVERIT\geocall61\SCMIta-10.40\overit>svn update
Updating '.':
Alla revisione 373297.

C:\OVERIT\geocall61\SCMIta-10.40\overit>svn_merge_branch.cmd

C:\OVERIT\geocall61\SCMIta-10.40\overit>svn merge -r 373227:373297 http://svn.overit.it/repositories/geocall/SCMIta/branches/10.35/src/overit --accept postpone
--- Fusione di r373228 attraverso r373297 in '.':
U    geocallapp\scmita\anagrafiche\lcl\DATSalvaLcl.java
 G   .
--- Recording mergeinfo for merge of r373228 through r373297 into '.':
 G   .

C:\OVERIT\geocall61\SCMIta-10.40\overit>svn_commit.cmd

C:\OVERIT\geocall61\SCMIta-10.40\overit>svn commit -m "riportate modifiche dal branch 10.35 da rev 373227 a 373297 sul 10.40"
Trasmetto      .
Trasmetto      geocallapp\scmita\anagrafiche\lcl\DATSalvaLcl.java
Trasmissione dati .
Committed revision 373298.

----
2019-06-06 17:07:29.397105
set PROJECT_NAME=SCMIta
set BRANCH_FROM=10.35
set BRANCH_TO=10.40
set REV_FROM=372538
set REV_TO=373227
set COMMENT="riportate modifiche dal branch %BRANCH_FROM% da rev %REV_FROM% a %REV_TO% sul %BRANCH_TO%"
cd ..\..\%PROJECT_NAME%-%BRANCH_TO%\overit
svn update
svn_merge_branch.cmd
svn_commit.cmd

C:\OVERIT\geocall61\SCMIta-10.35\overit>set PROJECT_NAME=SCMIta

C:\OVERIT\geocall61\SCMIta-10.35\overit>set BRANCH_FROM=10.35

C:\OVERIT\geocall61\SCMIta-10.35\overit>set BRANCH_TO=10.40

C:\OVERIT\geocall61\SCMIta-10.35\overit>set REV_FROM=372538

C:\OVERIT\geocall61\SCMIta-10.35\overit>set REV_TO=373227

C:\OVERIT\geocall61\SCMIta-10.35\overit>set COMMENT="riportate modifiche dal branch %BRANCH_FROM% da rev %REV_FROM% a %REV_TO% sul %BRANCH_TO%"

C:\OVERIT\geocall61\SCMIta-10.35\overit>cd ..\..\%PROJECT_NAME%-%BRANCH_TO%\overit

C:\OVERIT\geocall61\SCMIta-10.40\overit>svn update
Updating '.':
Alla revisione 373227.

C:\OVERIT\geocall61\SCMIta-10.40\overit>svn_merge_branch.cmd

C:\OVERIT\geocall61\SCMIta-10.40\overit>svn merge -r 372538:373227 http://svn.overit.it/repositories/geocall/SCMIta/branches/10.35/src/overit --accept postpone
--- Fusione di r372539 attraverso r373227 in '.':
U    geocallapp\scmita\anagrafiche\lcl\DATSalvaLcl.java
U    geocallapp\scmita\anagrafiche\ticketguasti\CompilazioneTicketGuasto.java
U    geocallapp\scmita\cxf\scmgetem\wrapper\DATSCMGetEM.java
U    geocallapp\scmita\visitesorveglianza\programmistrategie\strategievs\PEditStrategia.java
 G   .
--- Recording mergeinfo for merge of r372539 through r373227 into '.':
 G   .

C:\OVERIT\geocall61\SCMIta-10.40\overit>svn_commit.cmd

C:\OVERIT\geocall61\SCMIta-10.40\overit>svn commit -m "riportate modifiche dal branch 10.35 da rev 372538 a 373227 sul 10.40"
Trasmetto      .
Trasmetto      geocallapp\scmita\anagrafiche\lcl\DATSalvaLcl.java
Trasmetto      geocallapp\scmita\anagrafiche\ticketguasti\CompilazioneTicketGuasto.java
Trasmetto      geocallapp\scmita\cxf\scmgetem\wrapper\DATSCMGetEM.java
Trasmetto      geocallapp\scmita\visitesorveglianza\programmistrategie\strategievs\PEditStrategia.java
Trasmissione dati ....
Committed revision 373228.

----
2019-06-04 16:07:37.920764
set PROJECT_NAME=SCMIta
set BRANCH_FROM=10.35
set BRANCH_TO=10.40
set REV_FROM=371990
set REV_TO=372538
set COMMENT="riportate modifiche dal branch %BRANCH_FROM% da rev %REV_FROM% a %REV_TO% sul %BRANCH_TO%"
cd ..\..\%PROJECT_NAME%-%BRANCH_TO%\overit
svn update
svn_merge_branch.cmd
svn_commit.cmd

C:\OVERIT\geocall61\SCMIta-10.35\overit> set PROJECT_NAME=SCMIta

C:\OVERIT\geocall61\SCMIta-10.35\overit>set BRANCH_FROM=10.35

C:\OVERIT\geocall61\SCMIta-10.35\overit>set BRANCH_TO=10.40

C:\OVERIT\geocall61\SCMIta-10.35\overit>set REV_FROM=371990

C:\OVERIT\geocall61\SCMIta-10.35\overit>set REV_TO=372538

C:\OVERIT\geocall61\SCMIta-10.35\overit>set COMMENT="riportate modifiche dal branch %BRANCH_FROM% da rev %REV_FROM% a %REV_TO% sul %BRANCH_TO%"

C:\OVERIT\geocall61\SCMIta-10.35\overit>cd ..\..\%PROJECT_NAME%-%BRANCH_TO%\overit

C:\OVERIT\geocall61\SCMIta-10.40\overit>svn update
Updating '.':
U    geocallapp\scmita\functions.xml
Aggiornato alla revisione 372540.

C:\OVERIT\geocall61\SCMIta-10.40\overit>svn_merge_branch.cmd

C:\OVERIT\geocall61\SCMIta-10.40\overit>svn merge -r 371990:372538 http://svn.overit.it/repositories/geocall/SCMIta/branches/10.35/src/overit --accept postpone
--- Fusione di r371991 attraverso r372538 in '.':
U    geocallapp\scmita\amministrazione\rdipendenticontrattirp\DARDipendentiContrattiRP.java
U    geocallapp\scmita\anagrafiche\materialiconsuntivati\DAAMaterialiConsuntivati.java
U    geocallapp\scmita\anagrafiche\ticketguasti\CompilazioneTicketGuasto.java
U    geocallapp\scmita\cxf\scmgetem\wrapper\DATSCMGetEM.java
U    geocallapp\scmita\cxf\sapvisitesorveglianza\StatusError.java
U    geocallapp\scmita\cxf\sapvisitesorveglianza\VisiteDiSorveglianzaRequest.java
U    geocallapp\scmita\cxf\sapvisitesorveglianza\VisiteSorveglianza.java
U    geocallapp\scmita\cxf\sapvisitesorveglianza\VisiteSorveglianza.wsdl
U    geocallapp\scmita\cxf\sapvisitesorveglianza\VisiteSorveglianzaEndpoint1Impl.java
U    geocallapp\scmita\cxf\sapvisitesorveglianza\VisiteSorveglianza_Service.java
U    geocallapp\scmita\cxf\sapvisitesorveglianza\VisiteSorveglianza_VisiteSorveglianzaEndpoint1_Client.java
U    geocallapp\scmita\cxf\sapvisitesorveglianza\VisiteSorveglianza_VisiteSorveglianzaEndpoint1_Server.java
 G   .
--- Recording mergeinfo for merge of r371991 through r372538 into '.':
 G   .

C:\OVERIT\geocall61\SCMIta-10.40\overit>svn_commit.cmd

C:\OVERIT\geocall61\SCMIta-10.40\overit>svn commit -m "riportate modifiche dal branch 10.35 da rev 371990 a 372538 sul 10.40"
Trasmetto      .
Trasmetto      geocallapp\scmita\amministrazione\rdipendenticontrattirp\DARDipendentiContrattiRP.java
Trasmetto      geocallapp\scmita\anagrafiche\materialiconsuntivati\DAAMaterialiConsuntivati.java
Trasmetto      geocallapp\scmita\anagrafiche\ticketguasti\CompilazioneTicketGuasto.java
Trasmetto      geocallapp\scmita\cxf\sapvisitesorveglianza\StatusError.java
Trasmetto      geocallapp\scmita\cxf\sapvisitesorveglianza\VisiteDiSorveglianzaRequest.java
Trasmetto      geocallapp\scmita\cxf\sapvisitesorveglianza\VisiteSorveglianza.java
Trasmetto      geocallapp\scmita\cxf\sapvisitesorveglianza\VisiteSorveglianza.wsdl
Trasmetto      geocallapp\scmita\cxf\sapvisitesorveglianza\VisiteSorveglianzaEndpoint1Impl.java
Trasmetto      geocallapp\scmita\cxf\sapvisitesorveglianza\VisiteSorveglianza_Service.java
Trasmetto      geocallapp\scmita\cxf\sapvisitesorveglianza\VisiteSorveglianza_VisiteSorveglianzaEndpoint1_Client.java
Trasmetto      geocallapp\scmita\cxf\sapvisitesorveglianza\VisiteSorveglianza_VisiteSorveglianzaEndpoint1_Server.java
Trasmetto      geocallapp\scmita\cxf\scmgetem\wrapper\DATSCMGetEM.java
Trasmissione dati ............
Committed revision 372541.

----
2019-05-31 14:21:28.900420
set PROJECT_NAME=SCMIta
set BRANCH_FROM=10.35
set BRANCH_TO=10.40
set REV_FROM=371491
set REV_TO=371990
set COMMENT="riportate modifiche dal branch %BRANCH_FROM% da rev %REV_FROM% a %REV_TO% sul %BRANCH_TO%"
cd ..\..\%PROJECT_NAME%-%BRANCH_TO%\overit
svn update
svn_merge_branch.cmd
svn_commit.cmd

C:\OVERIT\geocall61\SCMIta-10.35\overit>set PROJECT_NAME=SCMIta

C:\OVERIT\geocall61\SCMIta-10.35\overit>set BRANCH_FROM=10.35

C:\OVERIT\geocall61\SCMIta-10.35\overit>set BRANCH_TO=10.40

C:\OVERIT\geocall61\SCMIta-10.35\overit>set REV_FROM=371491

C:\OVERIT\geocall61\SCMIta-10.35\overit>set REV_TO=371990

C:\OVERIT\geocall61\SCMIta-10.35\overit>set COMMENT="riportate modifiche dal branch %BRANCH_FROM% da rev %REV_FROM% a %REV_TO% sul %BRANCH_TO%"

C:\OVERIT\geocall61\SCMIta-10.35\overit>cd ..\..\%PROJECT_NAME%-%BRANCH_TO%\overit

C:\OVERIT\geocall61\SCMIta-10.40\overit>svn update
Updating '.':
Alla revisione 371990.

C:\OVERIT\geocall61\SCMIta-10.40\overit>svn_merge_branch.cmd

C:\OVERIT\geocall61\SCMIta-10.40\overit>svn merge -r 371491:371990 http://svn.overit.it/repositories/geocall/SCMIta/branches/10.35/src/overit --accept postpone
--- Fusione di r371492 attraverso r371990 in '.':
 G   .
--- Recording mergeinfo for merge of r371492 through r371990 into '.':
 G   .

C:\OVERIT\geocall61\SCMIta-10.40\overit>svn_commit.cmd

C:\OVERIT\geocall61\SCMIta-10.40\overit>svn commit -m "riportate modifiche dal branch 10.35 da rev 371491 a 371990 sul 10.40"
Trasmetto      .

Committed revision 371991.

----
2019-05-29 14:03:57.072328
set PROJECT_NAME=SCMIta
set BRANCH_FROM=10.35
set BRANCH_TO=10.40
set REV_FROM=371216
set REV_TO=371491
set COMMENT="riportate modifiche dal branch %BRANCH_FROM% da rev %REV_FROM% a %REV_TO% sul %BRANCH_TO%"
cd ..\..\%PROJECT_NAME%-%BRANCH_TO%\overit
svn update
svn_merge_branch.cmd
svn_commit.cmd

C:\OVERIT\geocall61\SCMIta-10.35\overit> set PROJECT_NAME=SCMIta

C:\OVERIT\geocall61\SCMIta-10.35\overit>set BRANCH_FROM=10.35

C:\OVERIT\geocall61\SCMIta-10.35\overit>set BRANCH_TO=10.40

C:\OVERIT\geocall61\SCMIta-10.35\overit>set REV_FROM=371216

C:\OVERIT\geocall61\SCMIta-10.35\overit>set REV_TO=371491

C:\OVERIT\geocall61\SCMIta-10.35\overit>set COMMENT="riportate modifiche dal branch %BRANCH_FROM% da rev %REV_FROM% a %REV_TO% sul %BRANCH_TO%"

C:\OVERIT\geocall61\SCMIta-10.35\overit>cd ..\..\%PROJECT_NAME%-%BRANCH_TO%\overit

C:\OVERIT\geocall61\SCMIta-10.40\overit>svn update
Updating '.':
Alla revisione 371491.

C:\OVERIT\geocall61\SCMIta-10.40\overit>svn_merge_branch.cmd

C:\OVERIT\geocall61\SCMIta-10.40\overit>svn merge -r 371216:371491 http://svn.overit.it/repositories/geocall/SCMIta/branches/10.35/src/overit
--- Fusione di r371217 attraverso r371491 in '.':
U    geocallapp\scmita\fibraottica\anagrafiche\attocontrollofovf\LavorazioneAttoVF.xml
A    geocallapp\scmita\install\scripts\10.10.19052900.sql
U    geocallapp\scmita\cxf\sapletterafinelavori\wrapper\DATCallSAPLetteraFineLavori.java
 G   .
--- Recording mergeinfo for merge of r371217 through r371491 into '.':
 G   .

C:\OVERIT\geocall61\SCMIta-10.40\overit>svn_commit.cmd

C:\OVERIT\geocall61\SCMIta-10.40\overit>svn commit -m "riportate modifiche dal branch 10.35 da rev 371216 a 371491 sul 10.40"
Trasmetto      .
Trasmetto      geocallapp\scmita\cxf\sapletterafinelavori\wrapper\DATCallSAPLetteraFineLavori.java
Trasmetto      geocallapp\scmita\fibraottica\anagrafiche\attocontrollofovf\LavorazioneAttoVF.xml
Aggiungo       geocallapp\scmita\install\scripts\10.10.19052900.sql
Trasmissione dati ..
Committed revision 371492.

----
?** 2019/05/27
set PROJECT_NAME=SCMIta
set BRANCH_FROM=10.35
set BRANCH_TO=10.40
set REV_FROM=370600
set REV_TO=371216
set COMMENT="riportate modifiche dal branch %BRANCH_FROM% da rev %REV_FROM% a %REV_TO% sul %BRANCH_TO%"
cd ..\..\%PROJECT_NAME%-%BRANCH_TO%\overit
svn update
svn_merge_branch.cmd
svn_commit.cmd

C:\OVERIT\geocall61\SCMIta-10.35\overit>set PROJECT_NAME=SCMIta

C:\OVERIT\geocall61\SCMIta-10.35\overit>set BRANCH_FROM=10.35

C:\OVERIT\geocall61\SCMIta-10.35\overit>set BRANCH_TO=10.40

C:\OVERIT\geocall61\SCMIta-10.35\overit>set REV_FROM=370600

C:\OVERIT\geocall61\SCMIta-10.35\overit>set REV_TO=371216

C:\OVERIT\geocall61\SCMIta-10.35\overit>set COMMENT="riportate modifiche dal branch %BRANCH_FROM% da rev %REV_FROM% a %REV_TO% sul %BRANCH_TO%"

C:\OVERIT\geocall61\SCMIta-10.35\overit>cd ..\..\%PROJECT_NAME%-%BRANCH_TO%\overit

C:\OVERIT\geocall61\SCMIta-10.40\overit>svn update
Updating '.':
Alla revisione 371219.

C:\OVERIT\geocall61\SCMIta-10.40\overit>svn_merge_branch.cmd

C:\OVERIT\geocall61\SCMIta-10.40\overit>svn merge -r 370600:371216 http://svn.overit.it/repositories/geocall/SCMIta/branches/10.35/src/overit
--- Fusione di r370601 attraverso r371216 in '.':
U    geocallapp\scmita\amministrazione\adatifissi\ADatiFissi.xsl
U    geocallapp\scmita\amministrazione\aschedetestate\DAASchedeTestate.java
U    geocallapp\scmita\anagrafiche\lotticampioni\DAALottiCampioniTestate.java
U    geocallapp\scmita\cxf\sapvisitesorveglianza\wrapper\DATCallSAPVisiteSorveglianza.java
 G   .
--- Recording mergeinfo for merge of r370601 through r371216 into '.':
 G   .

C:\OVERIT\geocall61\SCMIta-10.40\overit>svn_commit.cmd

C:\OVERIT\geocall61\SCMIta-10.40\overit>svn commit -m "riportate modifiche dal branch 10.35 da rev 370600 a 371216 sul 10.40"
Trasmetto      .
Trasmetto      geocallapp\scmita\amministrazione\adatifissi\ADatiFissi.xsl
Trasmetto      geocallapp\scmita\amministrazione\aschedetestate\DAASchedeTestate.java
Trasmetto      geocallapp\scmita\anagrafiche\lotticampioni\DAALottiCampioniTestate.java
Trasmetto      geocallapp\scmita\cxf\sapvisitesorveglianza\wrapper\DATCallSAPVisiteSorveglianza.java
Trasmissione dati ....
Committed revision 371220.

** 2019/05/23
set PROJECT_NAME=SCMIta
set BRANCH_FROM=10.35
set BRANCH_TO=10.40
set REV_FROM=370157
set REV_TO=370600
set COMMENT="riportate modifiche dal branch %BRANCH_FROM% da rev %REV_FROM% a %REV_TO% sul %BRANCH_TO%"
cd ..\..\%PROJECT_NAME%-%BRANCH_TO%\overit
svn update
svn_merge_branch.cmd
svn_commit.cmd

C:\OVERIT\geocall61\SCMIta-10.35\overit> set PROJECT_NAME=SCMIta

C:\OVERIT\geocall61\SCMIta-10.35\overit>set BRANCH_FROM=10.35

C:\OVERIT\geocall61\SCMIta-10.35\overit>set BRANCH_TO=10.40

C:\OVERIT\geocall61\SCMIta-10.35\overit>set REV_FROM=370157

C:\OVERIT\geocall61\SCMIta-10.35\overit>set REV_TO=370600

C:\OVERIT\geocall61\SCMIta-10.35\overit>set COMMENT="riportate modifiche dal branch %BRANCH_FROM% da rev %REV_FROM% a %REV_TO% sul %BRANCH_TO%"

C:\OVERIT\geocall61\SCMIta-10.35\overit>cd ..\..\%PROJECT_NAME%-%BRANCH_TO%\overit

C:\OVERIT\geocall61\SCMIta-10.40\overit>svn update
Updating '.':
Alla revisione 370600.

C:\OVERIT\geocall61\SCMIta-10.40\overit>svn_merge_branch.cmd

C:\OVERIT\geocall61\SCMIta-10.40\overit>svn merge -r 370157:370600 http://svn.overit.it/repositories/geocall/SCMIta/branches/10.35/src/overit
--- Fusione di r370158 attraverso r370600 in '.':
U    geocallapp\scmita\amministrazione\tclusterprofili\TClusterProfili.java
U    geocallapp\scmita\anagrafiche\barcode\PSceltaBarcode.java
U    geocallapp\scmita\anagrafiche\libretti\DATSalvaLibretto.java
U    geocallapp\scmita\anagrafiche\libretti\MaterialiLM.xsl
U    geocallapp\scmita\anagrafiche\materialiconsuntivati\DAAMaterialiConsuntivati.java
U    geocallapp\scmita\cxf\scma2a\wrapper\DATSetDocumentoLM.java
U    geocallapp\scmita\cxf\sapvisitesorveglianza\VisiteDiSorveglianzaRequest.java
U    geocallapp\scmita\cxf\sapvisitesorveglianza\VisiteSorveglianza.wsdl
U    geocallapp\scmita\cxf\sapvisitesorveglianza\wrapper\DATCallSAPVisiteSorveglianza.java
U    geocallapp\scmita\visitesorveglianza\UtilsVS.java
 G   .
--- Recording mergeinfo for merge of r370158 through r370600 into '.':
 G   .

C:\OVERIT\geocall61\SCMIta-10.40\overit>svn_commit.cmd

C:\OVERIT\geocall61\SCMIta-10.40\overit>svn commit -m "riportate modifiche dal branch 10.35 da rev 370157 a 370600 sul 10.40"
Trasmetto      .
Trasmetto      geocallapp\scmita\amministrazione\tclusterprofili\TClusterProfili.java
Trasmetto      geocallapp\scmita\anagrafiche\barcode\PSceltaBarcode.java
Trasmetto      geocallapp\scmita\anagrafiche\libretti\DATSalvaLibretto.java
Trasmetto      geocallapp\scmita\anagrafiche\libretti\MaterialiLM.xsl
Trasmetto      geocallapp\scmita\anagrafiche\materialiconsuntivati\DAAMaterialiConsuntivati.java
Trasmetto      geocallapp\scmita\cxf\sapvisitesorveglianza\VisiteDiSorveglianzaRequest.java
Trasmetto      geocallapp\scmita\cxf\sapvisitesorveglianza\VisiteSorveglianza.wsdl
Trasmetto      geocallapp\scmita\cxf\sapvisitesorveglianza\wrapper\DATCallSAPVisiteSorveglianza.java
Trasmetto      geocallapp\scmita\cxf\scma2a\wrapper\DATSetDocumentoLM.java
Trasmetto      geocallapp\scmita\visitesorveglianza\UtilsVS.java
Trasmissione dati ..........
Committed revision 370601.

** 2019/05/22
set PROJECT_NAME=SCMIta
set BRANCH_FROM=10.35
set BRANCH_TO=10.40
set REV_FROM=369497
set REV_TO=370157
set COMMENT="riportate modifiche dal branch %BRANCH_FROM% da rev %REV_FROM% a %REV_TO% sul %BRANCH_TO%"
cd ..\..\%PROJECT_NAME%-%BRANCH_TO%\overit
svn update
svn_merge_branch.cmd
svn_commit.cmd

C:\OVERIT\geocall61\SCMIta-10.35\overit> set PROJECT_NAME=SCMIta

C:\OVERIT\geocall61\SCMIta-10.35\overit>set BRANCH_FROM=10.35

C:\OVERIT\geocall61\SCMIta-10.35\overit>set BRANCH_TO=10.40

C:\OVERIT\geocall61\SCMIta-10.35\overit>set REV_FROM=369497

C:\OVERIT\geocall61\SCMIta-10.35\overit>set REV_TO=370157

C:\OVERIT\geocall61\SCMIta-10.35\overit>set COMMENT="riportate modifiche dal branch %BRANCH_FROM% da rev %REV_FROM% a %REV_TO% sul %BRANCH_TO%"

C:\OVERIT\geocall61\SCMIta-10.35\overit>cd ..\..\%PROJECT_NAME%-%BRANCH_TO%\overit

C:\OVERIT\geocall61\SCMIta-10.40\overit>svn update
Updating '.':
Alla revisione 370158.

C:\OVERIT\geocall61\SCMIta-10.40\overit>svn_merge_branch.cmd

C:\OVERIT\geocall61\SCMIta-10.40\overit>svn merge -r 369497:370157 http://svn.overit.it/repositories/geocall/SCMIta/branches/10.35/src/overit
--- Fusione di r369498 attraverso r370157 in '.':
U    geocallapp\scmita\fibraottica\anagrafiche\attocontrollofoco\AttiControlloFoCo.xml
U    geocallapp\scmita\fibraottica\anagrafiche\attocontrollofoco\DAAAttiControlloFoCo.java
U    geocallapp\scmita\fibraottica\anagrafiche\attocontrollofovf\AttiControlloFoVF.xml
U    geocallapp\scmita\fibraottica\anagrafiche\attocontrollofovf\CompilaSchedaAttoFoVF.xml
U    geocallapp\scmita\fibraottica\anagrafiche\attocontrollofovf\DAAttiControlloFoVF.java
U    geocallapp\scmita\fibraottica\anagrafiche\attocontrollofovf\PFiltriRicercaAttiFoVF.xml
U    geocallapp\scmita\fibraottica\anagrafiche\incarichivf\DAIncaricoVF.java
U    geocallapp\scmita\install\scripts\10.10.19051700.sql
U    geocallapp\scmita\anagrafiche\atticontrollo\DAAAttiControllo.java
U    geocallapp\scmita\anagrafiche\comunicazioni\DATSalvaComunicazione.java
U    geocallapp\scmita\cxf\sapvisitesorveglianza\wrapper\DATCallSAPVisiteSorveglianza.java
U    geocallapp\scmita\cxf\sapvisitesorveglianza\ObjectFactory.java
U    geocallapp\scmita\cxf\sapvisitesorveglianza\VisiteDiSorveglianzaRequest.java
U    geocallapp\scmita\cxf\sapvisitesorveglianza\VisiteSorveglianza.wsdl
U    geocallapp\scmita\cxf\sapvisitesorveglianza\VisiteSorveglianza_VisiteSorveglianzaEndpoint1_Client.java
U    geocallapp\scmita\cxf\sapvisitesorveglianza\VisiteSorveglianza_VisiteSorveglianzaEndpoint1_Server.java
U    geocallapp\scmita\ws\UtilsWS.java
 G   .
--- Recording mergeinfo for merge of r369498 through r370157 into '.':
 G   .

C:\OVERIT\geocall61\SCMIta-10.40\overit>svn_commit.cmd

C:\OVERIT\geocall61\SCMIta-10.40\overit>svn commit -m "riportate modifiche dal branch 10.35 da rev 369497 a 370157 sul 10.40"
Trasmetto      .
Trasmetto      geocallapp\scmita\anagrafiche\atticontrollo\DAAAttiControllo.java
Trasmetto      geocallapp\scmita\anagrafiche\comunicazioni\DATSalvaComunicazione.java
Trasmetto      geocallapp\scmita\cxf\sapvisitesorveglianza\ObjectFactory.java
Trasmetto      geocallapp\scmita\cxf\sapvisitesorveglianza\VisiteDiSorveglianzaRequest.java
Trasmetto      geocallapp\scmita\cxf\sapvisitesorveglianza\VisiteSorveglianza.wsdl
Trasmetto      geocallapp\scmita\cxf\sapvisitesorveglianza\VisiteSorveglianza_VisiteSorveglianzaEndpoint1_Client.java
Trasmetto      geocallapp\scmita\cxf\sapvisitesorveglianza\VisiteSorveglianza_VisiteSorveglianzaEndpoint1_Server.java
Trasmetto      geocallapp\scmita\cxf\sapvisitesorveglianza\wrapper\DATCallSAPVisiteSorveglianza.java
Trasmetto      geocallapp\scmita\fibraottica\anagrafiche\attocontrollofoco\AttiControlloFoCo.xml
Trasmetto      geocallapp\scmita\fibraottica\anagrafiche\attocontrollofoco\DAAAttiControlloFoCo.java
Trasmetto      geocallapp\scmita\fibraottica\anagrafiche\attocontrollofovf\AttiControlloFoVF.xml
Trasmetto      geocallapp\scmita\fibraottica\anagrafiche\attocontrollofovf\CompilaSchedaAttoFoVF.xml
Trasmetto      geocallapp\scmita\fibraottica\anagrafiche\attocontrollofovf\DAAttiControlloFoVF.java
Trasmetto      geocallapp\scmita\fibraottica\anagrafiche\attocontrollofovf\PFiltriRicercaAttiFoVF.xml
Trasmetto      geocallapp\scmita\fibraottica\anagrafiche\incarichivf\DAIncaricoVF.java
Trasmetto      geocallapp\scmita\install\scripts\10.10.19051700.sql
Trasmetto      geocallapp\scmita\ws\UtilsWS.java
Trasmissione dati .................
Committed revision 370159.

** 2019/05/17
set PROJECT_NAME=SCMIta
set BRANCH_FROM=10.35
set BRANCH_TO=10.40
set REV_FROM=369480
set REV_TO=369497
set COMMENT="riportate modifiche dal branch %BRANCH_FROM% da rev %REV_FROM% a %REV_TO% sul %BRANCH_TO%"
cd ..\..\%PROJECT_NAME%-%BRANCH_TO%\overit
svn update
svn_merge_branch.cmd
svn_commit.cmd

C:\OVERIT\geocall61\SCMIta-10.35\overit> set PROJECT_NAME=SCMIta

C:\OVERIT\geocall61\SCMIta-10.35\overit>set BRANCH_FROM=10.35

C:\OVERIT\geocall61\SCMIta-10.35\overit>set BRANCH_TO=10.40

C:\OVERIT\geocall61\SCMIta-10.35\overit>set REV_FROM=369480

C:\OVERIT\geocall61\SCMIta-10.35\overit>set REV_TO=369497

C:\OVERIT\geocall61\SCMIta-10.35\overit>set COMMENT="riportate modifiche dal branch %BRANCH_FROM% da rev %REV_FROM% a %REV_TO% sul %BRANCH_TO%"

C:\OVERIT\geocall61\SCMIta-10.35\overit>cd ..\..\%PROJECT_NAME%-%BRANCH_TO%\overit

C:\OVERIT\geocall61\SCMIta-10.40\overit>svn update
Updating '.':
Alla revisione 369497.

C:\OVERIT\geocall61\SCMIta-10.40\overit>svn_merge_branch.cmd

C:\OVERIT\geocall61\SCMIta-10.40\overit>svn merge -r 369480:369497 http://svn.overit.it/repositories/geocall/SCMIta/branches/10.35/src/overit
--- Fusione di r369481 attraverso r369497 in '.':
U    geocallapp\scmita\cxf\scmrichiesteaccessofo\wrapper\DATSCMRichiesteAccessoFO.java
 G   .
--- Recording mergeinfo for merge of r369481 through r369497 into '.':
 G   .

C:\OVERIT\geocall61\SCMIta-10.40\overit>svn_commit.cmd

C:\OVERIT\geocall61\SCMIta-10.40\overit>svn commit -m "riportate modifiche dal branch 10.35 da rev 369480 a 369497 sul 10.40"
Trasmetto      .
Trasmetto      geocallapp\scmita\cxf\scmrichiesteaccessofo\wrapper\DATSCMRichiesteAccessoFO.java
Trasmissione dati .
Committed revision 369498.

** 2019/05/17
set PROJECT_NAME=SCMIta
set BRANCH_FROM=10.35
set BRANCH_TO=10.40
set REV_FROM=368128
set REV_TO=369480
set COMMENT="riportate modifiche dal branch %BRANCH_FROM% da rev %REV_FROM% a %REV_TO% sul %BRANCH_TO%"
cd ..\..\%PROJECT_NAME%-%BRANCH_TO%\overit
svn update
svn_merge_branch.cmd
svn_commit.cmd

C:\OVERIT\geocall61\SCMIta-10.35\overit>set PROJECT_NAME=SCMIta

C:\OVERIT\geocall61\SCMIta-10.35\overit>set BRANCH_FROM=10.35

C:\OVERIT\geocall61\SCMIta-10.35\overit>set BRANCH_TO=10.40

C:\OVERIT\geocall61\SCMIta-10.35\overit>set REV_FROM=368128

C:\OVERIT\geocall61\SCMIta-10.35\overit>set REV_TO=369480

C:\OVERIT\geocall61\SCMIta-10.35\overit>set COMMENT="riportate modifiche dal branch %BRANCH_FROM% da rev %REV_FROM% a %REV_TO% sul %BRANCH_TO%"

C:\OVERIT\geocall61\SCMIta-10.35\overit>cd ..\..\%PROJECT_NAME%-%BRANCH_TO%\overit

C:\OVERIT\geocall61\SCMIta-10.40\overit>svn update
Updating '.':
Alla revisione 369480.

C:\OVERIT\geocall61\SCMIta-10.40\overit>svn_merge_branch.cmd

C:\OVERIT\geocall61\SCMIta-10.40\overit>svn merge -r 368128:369480 http://svn.overit.it/repositories/geocall/SCMIta/branches/10.35/src/overit
--- Fusione di r368129 attraverso r369480 in '.':
U    geocallapp\scmita\anagrafiche\caricamentomaestranzemezzi\mezzi\DettaglioMezzo.java
U    geocallapp\scmita\anagrafiche\lcl\DATSalvaLcl.java
U    geocallapp\scmita\cxf\scmgetlclgu\lclgu\DATImportLclGU.java
U    geocallapp\scmita\global\LSistemiEmittentiTicket.xml
A    geocallapp\scmita\install\scripts\10.10.19051700.sql
 G   .
--- Recording mergeinfo for merge of r368129 through r369480 into '.':
 G   .

C:\OVERIT\geocall61\SCMIta-10.40\overit>svn_commit.cmd

C:\OVERIT\geocall61\SCMIta-10.40\overit>svn commit -m "riportate modifiche dal branch 10.35 da rev 368128 a 369480 sul 10.40"
Trasmetto      .
Trasmetto      geocallapp\scmita\anagrafiche\caricamentomaestranzemezzi\mezzi\DettaglioMezzo.java
Trasmetto      geocallapp\scmita\anagrafiche\lcl\DATSalvaLcl.java
Trasmetto      geocallapp\scmita\cxf\scmgetlclgu\lclgu\DATImportLclGU.java
Trasmetto      geocallapp\scmita\global\LSistemiEmittentiTicket.xml
Aggiungo       geocallapp\scmita\install\scripts\10.10.19051700.sql
Trasmissione dati ....
Committed revision 369481.

** 2019/05/10
set PROJECT_NAME=SCMIta
set BRANCH_FROM=10.35
set BRANCH_TO=10.40
set REV_FROM=367880
set REV_TO=368128
set COMMENT="riportate modifiche dal branch %BRANCH_FROM% da rev %REV_FROM% a %REV_TO% sul %BRANCH_TO%"
cd ..\..\%PROJECT_NAME%-%BRANCH_TO%\overit
svn update
svn_merge_branch.cmd
svn_commit.cmd

C:\OVERIT\geocall61\SCMIta-10.35\overit> set PROJECT_NAME=SCMIta

C:\OVERIT\geocall61\SCMIta-10.35\overit>set BRANCH_FROM=10.35

C:\OVERIT\geocall61\SCMIta-10.35\overit>set BRANCH_TO=10.40

C:\OVERIT\geocall61\SCMIta-10.35\overit>set REV_FROM=367880

C:\OVERIT\geocall61\SCMIta-10.35\overit>set REV_TO=368128

C:\OVERIT\geocall61\SCMIta-10.35\overit>set COMMENT="riportate modifiche dal branch %BRANCH_FROM% da rev %REV_FROM% a %REV_TO% sul %BRANCH_TO%"

C:\OVERIT\geocall61\SCMIta-10.35\overit>cd ..\..\%PROJECT_NAME%-%BRANCH_TO%\overit

C:\OVERIT\geocall61\SCMIta-10.40\overit>svn update
Updating '.':
Alla revisione 368129.

C:\OVERIT\geocall61\SCMIta-10.40\overit>svn_merge_branch.cmd

C:\OVERIT\geocall61\SCMIta-10.40\overit>svn merge -r 367880:368128 http://svn.overit.it/repositories/geocall/SCMIta/branches/10.35/src/overit
--- Fusione di r367881 attraverso r368128 in '.':
A    geocallapp\scmita\anagrafiche\documenti\lfl
A    geocallapp\scmita\cxf\sapletterafinelavori
A    geocallapp\scmita\cxf\sapletterafinelavori\letterafinelavorirequest
A    geocallapp\scmita\cxf\sapletterafinelavori\wrapper
A    geocallapp\scmita\cxf\sapletterafinelavori\ackresponse
A    geocallapp\scmita\cxf\sapletterafinelavori\cmd
A    geocallapp\scmita\cxf\sapletterafinelavori\eneloutputheader
A    geocallapp\scmita\cxf\sapletterafinelavori\enelwsheader
A    geocallapp\scmita\cxf\sapletterafinelavori\statuserror
U    geocallapp\scmita\fibraottica\anagrafiche\attocontrollofoco\DAAAttiControlloFoCo.java
U    geocallapp\scmita\fibraottica\report\spotfire\ReportSpotfire.xml
A    geocallapp\scmita\install\scripts\10.35.19051000.sql
A    geocallapp\scmita\anagrafiche\documenti\lfl\DATSalvaDocumentoLfl.java
A    geocallapp\scmita\anagrafiche\lcl\DAALclLavori.java
A    geocallapp\scmita\cxf\sapletterafinelavori\letterafinelavorirequest\LetteraFineLavoriRequest.java
A    geocallapp\scmita\cxf\sapletterafinelavori\letterafinelavorirequest\ObjectFactory.java
A    geocallapp\scmita\cxf\sapletterafinelavori\letterafinelavorirequest\Request.java
A    geocallapp\scmita\cxf\sapletterafinelavori\letterafinelavorirequest\package-info.java
A    geocallapp\scmita\cxf\sapletterafinelavori\wrapper\DATCallSAPLetteraFineLavori.java
A    geocallapp\scmita\cxf\sapletterafinelavori\LetteraFineLavori.java
A    geocallapp\scmita\cxf\sapletterafinelavori\LetteraFineLavori.wsdl
A    geocallapp\scmita\cxf\sapletterafinelavori\LetteraFineLavoriEndpoint1Impl.java
A    geocallapp\scmita\cxf\sapletterafinelavori\LetteraFineLavori_LetteraFineLavoriEndpoint1_Client.java
A    geocallapp\scmita\cxf\sapletterafinelavori\LetteraFineLavori_LetteraFineLavoriEndpoint1_Server.java
A    geocallapp\scmita\cxf\sapletterafinelavori\LetteraFineLavori_Service.java
A    geocallapp\scmita\cxf\sapletterafinelavori\LetteraFineLavori_Service_handler.xml
A    geocallapp\scmita\cxf\sapletterafinelavori\LetteraFineLavori_handler.xml
A    geocallapp\scmita\cxf\sapletterafinelavori\StatusError.java
A    geocallapp\scmita\cxf\sapletterafinelavori\ackresponse\AckResponse.java
A    geocallapp\scmita\cxf\sapletterafinelavori\ackresponse\ObjectFactory.java
A    geocallapp\scmita\cxf\sapletterafinelavori\ackresponse\Response.java
A    geocallapp\scmita\cxf\sapletterafinelavori\ackresponse\package-info.java
A    geocallapp\scmita\cxf\sapletterafinelavori\cmd\compile.txt
A    geocallapp\scmita\cxf\sapletterafinelavori\custom.xml
A    geocallapp\scmita\cxf\sapletterafinelavori\eneloutputheader\EnelheaderOutputSchema.java
A    geocallapp\scmita\cxf\sapletterafinelavori\eneloutputheader\ObjectFactory.java
A    geocallapp\scmita\cxf\sapletterafinelavori\eneloutputheader\package-info.java
A    geocallapp\scmita\cxf\sapletterafinelavori\enelwsheader\EnelWSMessageSchema.java
A    geocallapp\scmita\cxf\sapletterafinelavori\enelwsheader\ObjectFactory.java
A    geocallapp\scmita\cxf\sapletterafinelavori\enelwsheader\package-info.java
A    geocallapp\scmita\cxf\sapletterafinelavori\statuserror\Error.java
A    geocallapp\scmita\cxf\sapletterafinelavori\statuserror\ObjectFactory.java
A    geocallapp\scmita\cxf\sapletterafinelavori\statuserror\package-info.java
U    geocallapp\scmita\amministrazione\adatifissi\ADatiFissi.xsl
 G   .
--- Recording mergeinfo for merge of r367881 through r368128 into '.':
 G   .

C:\OVERIT\geocall61\SCMIta-10.40\overit>svn_commit.cmd

C:\OVERIT\geocall61\SCMIta-10.40\overit>svn commit -m "riportate modifiche dal branch 10.35 da rev 367880 a 368128 sul 10.40"
Trasmetto      .
Trasmetto      geocallapp\scmita\amministrazione\adatifissi\ADatiFissi.xsl
Aggiungo       geocallapp\scmita\anagrafiche\documenti\lfl
Aggiungo       geocallapp\scmita\anagrafiche\lcl\DAALclLavori.java
Aggiungo       geocallapp\scmita\cxf\sapletterafinelavori
Trasmetto      geocallapp\scmita\fibraottica\anagrafiche\attocontrollofoco\DAAAttiControlloFoCo.java
Trasmetto      geocallapp\scmita\fibraottica\report\spotfire\ReportSpotfire.xml
Aggiungo       geocallapp\scmita\install\scripts\10.35.19051000.sql
Trasmissione dati ...
Committed revision 368130.

** 2019/05/09
set PROJECT_NAME=SCMIta
set BRANCH_FROM=10.35
set BRANCH_TO=10.40
set REV_FROM=367522
set REV_TO=367880
set COMMENT="riportate modifiche dal branch %BRANCH_FROM% da rev %REV_FROM% a %REV_TO% sul %BRANCH_TO%"
cd ..\..\%PROJECT_NAME%-%BRANCH_TO%\overit
svn update
svn_merge_branch.cmd
svn_commit.cmd

C:\OVERIT\geocall61\SCMIta-10.35\overit>set PROJECT_NAME=SCMIta

C:\OVERIT\geocall61\SCMIta-10.35\overit>set BRANCH_FROM=10.35

C:\OVERIT\geocall61\SCMIta-10.35\overit>set BRANCH_TO=10.40

C:\OVERIT\geocall61\SCMIta-10.35\overit>set REV_FROM=367522

C:\OVERIT\geocall61\SCMIta-10.35\overit>set REV_TO=367880

C:\OVERIT\geocall61\SCMIta-10.35\overit>set COMMENT="riportate modifiche dal branch %BRANCH_FROM% da rev %REV_FROM% a %REV_TO% sul %BRANCH_TO%"

C:\OVERIT\geocall61\SCMIta-10.35\overit>cd ..\..\%PROJECT_NAME%-%BRANCH_TO%\overit

C:\OVERIT\geocall61\SCMIta-10.40\overit>svn update
Updating '.':
Alla revisione 367882.

C:\OVERIT\geocall61\SCMIta-10.40\overit>svn_merge_branch.cmd

C:\OVERIT\geocall61\SCMIta-10.40\overit>svn merge -r 367522:367880 http://svn.overit.it/repositories/geocall/SCMIta/branches/10.35/src/overit
--- Fusione di r367523 attraverso r367880 in '.':
U    geocallapp\scmita\fibraottica\report\spotfire\ReportSpotfire.xml
 G   .
--- Recording mergeinfo for merge of r367523 through r367880 into '.':
 G   .

C:\OVERIT\geocall61\SCMIta-10.40\overit>svn_commit.cmd

C:\OVERIT\geocall61\SCMIta-10.40\overit>svn commit -m "riportate modifiche dal branch 10.35 da rev 367522 a 367880 sul 10.40"
Trasmetto      .
Trasmetto      geocallapp\scmita\fibraottica\report\spotfire\ReportSpotfire.xml
Trasmissione dati .
Committed revision 367883.

** 2019/05/08
set PROJECT_NAME=SCMIta
set BRANCH_FROM=10.35
set BRANCH_TO=10.40
set REV_FROM=366864
set REV_TO=367522
set COMMENT="riportate modifiche dal branch %BRANCH_FROM% da rev %REV_FROM% a %REV_TO% sul %BRANCH_TO%"
cd ..\..\%PROJECT_NAME%-%BRANCH_TO%\overit
svn update
svn_merge_branch.cmd
svn_commit.cmd

C:\OVERIT\geocall61\SCMIta-10.35\overit> set PROJECT_NAME=SCMIta

C:\OVERIT\geocall61\SCMIta-10.35\overit>set BRANCH_FROM=10.35

C:\OVERIT\geocall61\SCMIta-10.35\overit>set BRANCH_TO=10.40

C:\OVERIT\geocall61\SCMIta-10.35\overit>set REV_FROM=366864

C:\OVERIT\geocall61\SCMIta-10.35\overit>set REV_TO=367522

C:\OVERIT\geocall61\SCMIta-10.35\overit>set COMMENT="riportate modifiche dal branch %BRANCH_FROM% da rev %REV_FROM% a %REV_TO% sul %BRANCH_TO%"

C:\OVERIT\geocall61\SCMIta-10.35\overit>cd ..\..\%PROJECT_NAME%-%BRANCH_TO%\overit

C:\OVERIT\geocall61\SCMIta-10.40\overit>svn update
Updating '.':
Alla revisione 367522.

C:\OVERIT\geocall61\SCMIta-10.40\overit>svn_merge_branch.cmd

C:\OVERIT\geocall61\SCMIta-10.40\overit>svn merge -r 366864:367522 http://svn.overit.it/repositories/geocall/SCMIta/branches/10.35/src/overit
--- Fusione di r366865 attraverso r367522 in '.':
A    geocallapp\scmita\cxf\spotfirescambiofile\cmd
U    geocallapp\scmita\cxf\spotfirescambiofile\ScambioFile.wsdl
U    geocallapp\scmita\cxf\spotfirescambiofile\ScambioFileSOAPImpl.java
U    geocallapp\scmita\cxf\spotfirescambiofile\ScambioFile_ScambioFileSOAP_Client.java
U    geocallapp\scmita\cxf\spotfirescambiofile\ScambioFile_ScambioFileSOAP_Server.java
A    geocallapp\scmita\cxf\spotfirescambiofile\cmd\compile.txt
U    geocallapp\scmita\fibraottica\anagrafiche\attocontrollofovf\AttiControlloFoVF.java
U    geocallapp\scmita\fibraottica\anagrafiche\attocontrollofovf\DAAttiControlloFoVF.java
U    geocallapp\scmita\fibraottica\anagrafiche\incarichivf\IncarichiVF.java
 G   .
--- Recording mergeinfo for merge of r366865 through r367522 into '.':
 G   .

C:\OVERIT\geocall61\SCMIta-10.40\overit>svn_commit.cmd

C:\OVERIT\geocall61\SCMIta-10.40\overit>svn commit -m "riportate modifiche dal branch 10.35 da rev 366864 a 367522 sul 10.40"
Trasmetto      .
Trasmetto      geocallapp\scmita\cxf\spotfirescambiofile\ScambioFile.wsdl
Trasmetto      geocallapp\scmita\cxf\spotfirescambiofile\ScambioFileSOAPImpl.java
Trasmetto      geocallapp\scmita\cxf\spotfirescambiofile\ScambioFile_ScambioFileSOAP_Client.java
Trasmetto      geocallapp\scmita\cxf\spotfirescambiofile\ScambioFile_ScambioFileSOAP_Server.java
Aggiungo       geocallapp\scmita\cxf\spotfirescambiofile\cmd
Trasmetto      geocallapp\scmita\fibraottica\anagrafiche\attocontrollofovf\AttiControlloFoVF.java
Trasmetto      geocallapp\scmita\fibraottica\anagrafiche\attocontrollofovf\DAAttiControlloFoVF.java
Trasmetto      geocallapp\scmita\fibraottica\anagrafiche\incarichivf\IncarichiVF.java
Trasmissione dati .......
Committed revision 367523.

** 2019/05/03
set PROJECT_NAME=SCMIta
set BRANCH_FROM=10.35
set BRANCH_TO=10.40
set REV_FROM=366043
set REV_TO=366864
set COMMENT="riportate modifiche dal branch %BRANCH_FROM% da rev %REV_FROM% a %REV_TO% sul %BRANCH_TO%"
cd ..\..\%PROJECT_NAME%-%BRANCH_TO%\overit
svn update
svn_merge_branch.cmd
svn_commit.cmd

C:\OVERIT\geocall61\SCMIta-10.35\overit>set PROJECT_NAME=SCMIta

C:\OVERIT\geocall61\SCMIta-10.35\overit>set BRANCH_FROM=10.35

C:\OVERIT\geocall61\SCMIta-10.35\overit>set BRANCH_TO=10.40

C:\OVERIT\geocall61\SCMIta-10.35\overit>set REV_FROM=366043

C:\OVERIT\geocall61\SCMIta-10.35\overit>set REV_TO=366864

C:\OVERIT\geocall61\SCMIta-10.35\overit>set COMMENT="riportate modifiche dal branch %BRANCH_FROM% da rev %REV_FROM% a %REV_TO% sul %BRANCH_TO%"

C:\OVERIT\geocall61\SCMIta-10.35\overit>cd ..\..\%PROJECT_NAME%-%BRANCH_TO%\overit

C:\OVERIT\geocall61\SCMIta-10.40\overit>svn update
Updating '.':
Alla revisione 366864.

C:\OVERIT\geocall61\SCMIta-10.40\overit>svn_merge_branch.cmd

C:\OVERIT\geocall61\SCMIta-10.40\overit>svn merge -r 366043:366864 http://svn.overit.it/repositories/geocall/SCMIta/branches/10.35/src/overit
--- Fusione di r366044 attraverso r366864 in '.':
U    geocallapp\scmita\fibraottica\anagrafiche\attocontrollofovf\AttiControlloFoVF.xml
U    geocallapp\scmita\fibraottica\cruscottofovf\CruscottoFoVfOte.xml
 G   .
--- Recording mergeinfo for merge of r366044 through r366864 into '.':
 G   .

C:\OVERIT\geocall61\SCMIta-10.40\overit>svn_commit.cmd

C:\OVERIT\geocall61\SCMIta-10.40\overit>svn commit -m "riportate modifiche dal branch 10.35 da rev 366043 a 366864 sul 10.40"
Trasmetto      .
Trasmetto      geocallapp\scmita\fibraottica\anagrafiche\attocontrollofovf\AttiControlloFoVF.xml
Trasmetto      geocallapp\scmita\fibraottica\cruscottofovf\CruscottoFoVfOte.xml
Trasmissione dati ..
Committed revision 366866.

** 2019/04/24
set PROJECT_NAME=SCMIta
set BRANCH_FROM=10.35
set BRANCH_TO=10.40
set REV_FROM=365890
set REV_TO=366043
set COMMENT="riportate modifiche dal branch %BRANCH_FROM% da rev %REV_FROM% a %REV_TO% sul %BRANCH_TO%"
cd ..\..\%PROJECT_NAME%-%BRANCH_TO%\overit
svn update
svn_merge_branch.cmd
svn_commit.cmd

C:\OVERIT\geocall61\SCMIta-10.35\overit>set PROJECT_NAME=SCMIta

C:\OVERIT\geocall61\SCMIta-10.35\overit>set BRANCH_FROM=10.35

C:\OVERIT\geocall61\SCMIta-10.35\overit>set BRANCH_TO=10.40

C:\OVERIT\geocall61\SCMIta-10.35\overit>set REV_FROM=365890

C:\OVERIT\geocall61\SCMIta-10.35\overit>set REV_TO=366043

C:\OVERIT\geocall61\SCMIta-10.35\overit>set COMMENT="riportate modifiche dal branch %BRANCH_FROM% da rev %REV_FROM% a %REV_TO% sul %BRANCH_TO%"

C:\OVERIT\geocall61\SCMIta-10.35\overit>cd ..\..\%PROJECT_NAME%-%BRANCH_TO%\overit

C:\OVERIT\geocall61\SCMIta-10.40\overit>svn update
Updating '.':
Alla revisione 366043.

C:\OVERIT\geocall61\SCMIta-10.40\overit>svn_merge_branch.cmd

C:\OVERIT\geocall61\SCMIta-10.40\overit>svn merge -r 365890:366043 http://svn.overit.it/repositories/geocall/SCMIta/branches/10.35/src/overit
--- Fusione di r365891 attraverso r366043 in '.':
U    geocallapp\scmita\anagrafichegestioneambientale\ui\CGestioneAmbientale.java
U    geocallapp\scmita\fibraottica\anagrafiche\incarichivf\IncarichiVF.java
U    geocallapp\scmita\fibraottica\anagrafiche\incarichivf\PEditIncaricoVF.java
U    geocallapp\scmita\fibraottica\anagrafiche\incarichivf\PEditIncaricoVF.xml
U    geocallapp\scmita\functions.xml
 G   .
--- Recording mergeinfo for merge of r365891 through r366043 into '.':
 G   .

C:\OVERIT\geocall61\SCMIta-10.40\overit>svn_commit.cmd

C:\OVERIT\geocall61\SCMIta-10.40\overit>svn commit -m "riportate modifiche dal branch 10.35 da rev 365890 a 366043 sul 10.40"
Trasmetto      .
Trasmetto      geocallapp\scmita\anagrafichegestioneambientale\ui\CGestioneAmbientale.java
Trasmetto      geocallapp\scmita\fibraottica\anagrafiche\incarichivf\IncarichiVF.java
Trasmetto      geocallapp\scmita\fibraottica\anagrafiche\incarichivf\PEditIncaricoVF.java
Trasmetto      geocallapp\scmita\fibraottica\anagrafiche\incarichivf\PEditIncaricoVF.xml
Trasmetto      geocallapp\scmita\functions.xml
Trasmissione dati .....
Committed revision 366044.

** 2019/04/23
set PROJECT_NAME=SCMIta
set BRANCH_FROM=10.35
set BRANCH_TO=10.40
set REV_FROM=364978
set REV_TO=365890
set COMMENT="riportate modifiche dal branch %BRANCH_FROM% da rev %REV_FROM% a %REV_TO% sul %BRANCH_TO%"
cd ..\..\%PROJECT_NAME%-%BRANCH_TO%\overit
svn update
svn_merge_branch.cmd
svn_commit.cmd

C:\OVERIT\geocall61\SCMIta-10.35\overit>set PROJECT_NAME=SCMIta

C:\OVERIT\geocall61\SCMIta-10.35\overit>set BRANCH_FROM=10.35

C:\OVERIT\geocall61\SCMIta-10.35\overit>set BRANCH_TO=10.40

C:\OVERIT\geocall61\SCMIta-10.35\overit>set REV_FROM=364978

C:\OVERIT\geocall61\SCMIta-10.35\overit>set REV_TO=365890

C:\OVERIT\geocall61\SCMIta-10.35\overit>set COMMENT="riportate modifiche dal branch %BRANCH_FROM% da rev %REV_FROM% a %REV_TO% sul %BRANCH_TO%"

C:\OVERIT\geocall61\SCMIta-10.35\overit>cd ..\..\%PROJECT_NAME%-%BRANCH_TO%\overit

C:\OVERIT\geocall61\SCMIta-10.40\overit>svn update
Updating '.':
Alla revisione 365890.

C:\OVERIT\geocall61\SCMIta-10.40\overit>svn_merge_branch.cmd

C:\OVERIT\geocall61\SCMIta-10.40\overit>svn merge -r 364978:365890 http://svn.overit.it/repositories/geocall/SCMIta/branches/10.35/src/overit
--- Fusione di r364979 attraverso r365890 in '.':
U    geocallapp\scmita\anagrafiche\materialiconsuntivati\DAAMaterialiConsuntivati.java
U    geocallapp\scmita\anagrafichegestioneambientale\autorizzazionianga\da\DAAutoMezzi.java
U    geocallapp\scmita\cxf\scma2a\wrapper\DATSetBarcode.java
U    geocallapp\scmita\fibraottica\anagrafiche\incarichivf\DAIncaricoVF.java
 G   .
--- Recording mergeinfo for merge of r364979 through r365890 into '.':
 G   .

C:\OVERIT\geocall61\SCMIta-10.40\overit>svn_commit.cmd

C:\OVERIT\geocall61\SCMIta-10.40\overit>svn commit -m "riportate modifiche dal branch 10.35 da rev 364978 a 365890 sul 10.40"
Trasmetto      .
Trasmetto      geocallapp\scmita\anagrafiche\materialiconsuntivati\DAAMaterialiConsuntivati.java
Trasmetto      geocallapp\scmita\anagrafichegestioneambientale\autorizzazionianga\da\DAAutoMezzi.java
Trasmetto      geocallapp\scmita\cxf\scma2a\wrapper\DATSetBarcode.java
Trasmetto      geocallapp\scmita\fibraottica\anagrafiche\incarichivf\DAIncaricoVF.java
Trasmissione dati ....
Committed revision 365891.

** 2019/04/16
set PROJECT_NAME=SCMIta
set BRANCH_FROM=10.35
set BRANCH_TO=10.40
set REV_FROM=364402
set REV_TO=364978
set COMMENT="riportate modifiche dal branch %BRANCH_FROM% da rev %REV_FROM% a %REV_TO% sul %BRANCH_TO%"
cd ..\..\%PROJECT_NAME%-%BRANCH_TO%\overit
svn update
svn_merge_branch.cmd
svn_commit.cmd

C:\OVERIT\geocall61\SCMIta-10.35\overit> set PROJECT_NAME=SCMIta

C:\OVERIT\geocall61\SCMIta-10.35\overit>set BRANCH_FROM=10.35

C:\OVERIT\geocall61\SCMIta-10.35\overit>set BRANCH_TO=10.40

C:\OVERIT\geocall61\SCMIta-10.35\overit>set REV_FROM=364402

C:\OVERIT\geocall61\SCMIta-10.35\overit>set REV_TO=364978

C:\OVERIT\geocall61\SCMIta-10.35\overit>set COMMENT="riportate modifiche dal branch %BRANCH_FROM% da rev %REV_FROM% a %REV_TO% sul %BRANCH_TO%"

C:\OVERIT\geocall61\SCMIta-10.35\overit>cd ..\..\%PROJECT_NAME%-%BRANCH_TO%\overit

C:\OVERIT\geocall61\SCMIta-10.40\overit>svn update
Updating '.':
Alla revisione 364978.

C:\OVERIT\geocall61\SCMIta-10.40\overit>svn_merge_branch.cmd

C:\OVERIT\geocall61\SCMIta-10.40\overit>svn merge -r 364402:364978 http://svn.overit.it/repositories/geocall/SCMIta/branches/10.35/src/overit
--- Fusione di r364403 attraverso r364978 in '.':
U    geocallapp\scmita\anagrafiche\comunicazioni\DATSalvaComunicazione.java
U    geocallapp\scmita\fibraottica\anagrafiche\attocontrollofoco\CompilaSchedaAttoFoCo.java
U    geocallapp\scmita\fibraottica\anagrafiche\attocontrollofovf\AttiControlloFoVF.xml
U    geocallapp\scmita\fibraottica\anagrafiche\attocontrollofovf\DAAttiControlloFoVF.java
U    geocallapp\scmita\fibraottica\anagrafiche\attocontrollofovf\PFiltriRicercaAttiFoVF.xml
U    geocallapp\scmita\fibraottica\anagrafiche\incarichivf\DAIncaricoVF.java
U    geocallapp\scmita\fibraottica\anagrafiche\incarichivf\PFiltriIncarichiVF.xml
 G   .
--- Recording mergeinfo for merge of r364403 through r364978 into '.':
 G   .

C:\OVERIT\geocall61\SCMIta-10.40\overit>svn_commit.cmd

C:\OVERIT\geocall61\SCMIta-10.40\overit>svn commit -m "riportate modifiche dal branch 10.35 da rev 364402 a 364978 sul 10.40"
Trasmetto      .
Trasmetto      geocallapp\scmita\anagrafiche\comunicazioni\DATSalvaComunicazione.java
Trasmetto      geocallapp\scmita\fibraottica\anagrafiche\attocontrollofoco\CompilaSchedaAttoFoCo.java
Trasmetto      geocallapp\scmita\fibraottica\anagrafiche\attocontrollofovf\AttiControlloFoVF.xml
Trasmetto      geocallapp\scmita\fibraottica\anagrafiche\attocontrollofovf\DAAttiControlloFoVF.java
Trasmetto      geocallapp\scmita\fibraottica\anagrafiche\attocontrollofovf\PFiltriRicercaAttiFoVF.xml
Trasmetto      geocallapp\scmita\fibraottica\anagrafiche\incarichivf\DAIncaricoVF.java
Trasmetto      geocallapp\scmita\fibraottica\anagrafiche\incarichivf\PFiltriIncarichiVF.xml
Trasmissione dati .......
Committed revision 364979.

** 2019/04/12
set PROJECT_NAME=SCMIta
set BRANCH_FROM=10.35
set BRANCH_TO=10.40
set REV_FROM=363861
set REV_TO=364402
set COMMENT="riportate modifiche dal branch %BRANCH_FROM% da rev %REV_FROM% a %REV_TO% sul %BRANCH_TO%"
cd ..\..\%PROJECT_NAME%-%BRANCH_TO%\overit
svn update
svn_merge_branch.cmd
svn_commit.cmd

c:\OVERIT\geocall61\SCMIta-10.35\overit> set PROJECT_NAME=SCMIta

c:\OVERIT\geocall61\SCMIta-10.35\overit>set BRANCH_FROM=10.35

c:\OVERIT\geocall61\SCMIta-10.35\overit>set BRANCH_TO=10.40

c:\OVERIT\geocall61\SCMIta-10.35\overit>set REV_FROM=363861

c:\OVERIT\geocall61\SCMIta-10.35\overit>set REV_TO=364402

c:\OVERIT\geocall61\SCMIta-10.35\overit>set COMMENT="riportate modifiche dal branch %BRANCH_FROM% da rev %REV_FROM% a %REV_TO% sul %BRANCH_TO%"

c:\OVERIT\geocall61\SCMIta-10.35\overit>cd ..\..\%PROJECT_NAME%-%BRANCH_TO%\overit

c:\OVERIT\geocall61\SCMIta-10.40\overit>svn update
Updating '.':
Alla revisione 364402.

c:\OVERIT\geocall61\SCMIta-10.40\overit>svn_merge_branch.cmd

c:\OVERIT\geocall61\SCMIta-10.40\overit>svn merge -r 363861:364402 http://svn.overit.it/repositories/geocall/SCMIta/branches/10.35/src/overit
--- Fusione di r363862 attraverso r364402 in '.':
U    geocallapp\scmita\amministrazione\aschederisposte\PanelDatiAggSchedeRisposte.xml
A    geocallapp\scmita\install\scripts\10.11.19041200.sql
 G   .
--- Recording mergeinfo for merge of r363862 through r364402 into '.':
 G   .

c:\OVERIT\geocall61\SCMIta-10.40\overit>svn_commit.cmd

c:\OVERIT\geocall61\SCMIta-10.40\overit>svn commit -m "riportate modifiche dal branch 10.35 da rev 363861 a 364402 sul 10.40"
Trasmetto      .
Trasmetto      geocallapp\scmita\amministrazione\aschederisposte\PanelDatiAggSchedeRisposte.xml
Aggiungo       geocallapp\scmita\install\scripts\10.11.19041200.sql
Trasmissione dati .
Committed revision 364403.

** 2019/04/10
set PROJECT_NAME=SCMIta
set BRANCH_FROM=10.35
set BRANCH_TO=10.40
set REV_FROM=363656
set REV_TO=363861
set COMMENT="riportate modifiche dal branch %BRANCH_FROM% da rev %REV_FROM% a %REV_TO% sul %BRANCH_TO%"
cd ..\..\%PROJECT_NAME%-%BRANCH_TO%\overit
svn update
svn_merge_branch.cmd
svn_commit.cmd

c:\OVERIT\geocall61\SCMIta-10.35\overit> set PROJECT_NAME=SCMIta

c:\OVERIT\geocall61\SCMIta-10.35\overit>set BRANCH_FROM=10.35

c:\OVERIT\geocall61\SCMIta-10.35\overit>set BRANCH_TO=10.40

c:\OVERIT\geocall61\SCMIta-10.35\overit>set REV_FROM=363656

c:\OVERIT\geocall61\SCMIta-10.35\overit>set REV_TO=363861

c:\OVERIT\geocall61\SCMIta-10.35\overit>set COMMENT="riportate modifiche dal branch %BRANCH_FROM% da rev %REV_FROM% a %REV_TO% sul %BRANCH_TO%"

c:\OVERIT\geocall61\SCMIta-10.35\overit>cd ..\..\%PROJECT_NAME%-%BRANCH_TO%\overit

c:\OVERIT\geocall61\SCMIta-10.40\overit>svn update
Updating '.':
Alla revisione 363861.

c:\OVERIT\geocall61\SCMIta-10.40\overit>svn_merge_branch.cmd

c:\OVERIT\geocall61\SCMIta-10.40\overit>svn merge -r 363656:363861 http://svn.overit.it/repositories/geocall/SCMIta/branches/10.35/src/overit
--- Fusione di r363657 attraverso r363861 in '.':
 G   .
--- Recording mergeinfo for merge of r363657 through r363861 into '.':
 G   .

c:\OVERIT\geocall61\SCMIta-10.40\overit>svn_commit.cmd

c:\OVERIT\geocall61\SCMIta-10.40\overit>svn commit -m "riportate modifiche dal branch 10.35 da rev 363656 a 363861 sul 10.40"
Trasmetto      .

Committed revision 363862.

** 2019/04/09
set PROJECT_NAME=SCMIta
set BRANCH_FROM=10.35
set BRANCH_TO=10.40
set REV_FROM=363238
set REV_TO=363656
set COMMENT="riportate modifiche dal branch %BRANCH_FROM% da rev %REV_FROM% a %REV_TO% sul %BRANCH_TO%"
cd ..\..\%PROJECT_NAME%-%BRANCH_TO%\overit
svn update
svn_merge_branch.cmd
svn_commit.cmd

c:\OVERIT\geocall61\SCMIta-10.35\overit> set PROJECT_NAME=SCMIta

c:\OVERIT\geocall61\SCMIta-10.35\overit>set BRANCH_FROM=10.35

c:\OVERIT\geocall61\SCMIta-10.35\overit>set BRANCH_TO=10.40

c:\OVERIT\geocall61\SCMIta-10.35\overit>set REV_FROM=363238

c:\OVERIT\geocall61\SCMIta-10.35\overit>set REV_TO=363656

c:\OVERIT\geocall61\SCMIta-10.35\overit>set COMMENT="riportate modifiche dal branch %BRANCH_FROM% da rev %REV_FROM% a %REV_TO% sul %BRANCH_TO%"

c:\OVERIT\geocall61\SCMIta-10.35\overit>cd ..\..\%PROJECT_NAME%-%BRANCH_TO%\overit

c:\OVERIT\geocall61\SCMIta-10.40\overit>svn update
Updating '.':
Alla revisione 363656.

c:\OVERIT\geocall61\SCMIta-10.40\overit>svn_merge_branch.cmd

c:\OVERIT\geocall61\SCMIta-10.40\overit>svn merge -r 363238:363656 http://svn.overit.it/repositories/geocall/SCMIta/branches/10.35/src/overit
--- Fusione di r363242 attraverso r363656 in '.':
A    geocallapp\scmita\amministrazione\aravicadipendenti
U    geocallapp\scmita\cxf\scmrichiestefo\wrapper\SottoPosizione.xml
A    geocallapp\scmita\amministrazione\aravicadipendenti\DAARavicaDipendenti.java
U    geocallapp\scmita\amministrazione\aravica\CompilaSchedaRavicaVS.java
U    geocallapp\scmita\amministrazione\aschedetestate\DAASchedeTestate.java
A    geocallapp\scmita\global\LClassificazioneSchedeReportMaster.xml
U    geocallapp\scmita\visitesorveglianza\report\reportmaster\DATReportMaster.java
U    geocallapp\scmita\visitesorveglianza\report\reportmaster\FineReportMaster.xml
U    geocallapp\scmita\visitesorveglianza\report\reportmaster\InizioReportMaster.xml
U    geocallapp\scmita\visitesorveglianza\report\reportmaster\ReportMaster.xml
U    geocallapp\scmita\visitesorveglianza\report\reportconteggiterritorio\XlsLivello1.xml
U    geocallapp\scmita\visitesorveglianza\report\reportconteggiterritorio\XlsLivello2.xml
U    geocallapp\scmita\visitesorveglianza\report\reportconteggiterritorio\XlsLivello3.xml
U    geocallapp\scmita\visitesorveglianza\report\reportconteggiterritorio\ReportConteggiTerritorio.xml
U    geocallapp\scmita\menu.xml
 G   .
--- Recording mergeinfo for merge of r363242 through r363656 into '.':
 G   .

c:\OVERIT\geocall61\SCMIta-10.40\overit>svn_commit.cmd

c:\OVERIT\geocall61\SCMIta-10.40\overit>svn commit -m "riportate modifiche dal branch 10.35 da rev 363238 a 363656 sul 10.40"
Trasmetto      .
Trasmetto      geocallapp\scmita\amministrazione\aravica\CompilaSchedaRavicaVS.java
Aggiungo       geocallapp\scmita\amministrazione\aravicadipendenti
Trasmetto      geocallapp\scmita\amministrazione\aschedetestate\DAASchedeTestate.java
Trasmetto      geocallapp\scmita\cxf\scmrichiestefo\wrapper\SottoPosizione.xml
Aggiungo       geocallapp\scmita\global\LClassificazioneSchedeReportMaster.xml
Trasmetto      geocallapp\scmita\menu.xml
Trasmetto      geocallapp\scmita\visitesorveglianza\report\reportconteggiterritorio\ReportConteggiTerritorio.xml
Trasmetto      geocallapp\scmita\visitesorveglianza\report\reportconteggiterritorio\XlsLivello1.xml
Trasmetto      geocallapp\scmita\visitesorveglianza\report\reportconteggiterritorio\XlsLivello2.xml
Trasmetto      geocallapp\scmita\visitesorveglianza\report\reportconteggiterritorio\XlsLivello3.xml
Trasmetto      geocallapp\scmita\visitesorveglianza\report\reportmaster\DATReportMaster.java
Trasmetto      geocallapp\scmita\visitesorveglianza\report\reportmaster\FineReportMaster.xml
Trasmetto      geocallapp\scmita\visitesorveglianza\report\reportmaster\InizioReportMaster.xml
Trasmetto      geocallapp\scmita\visitesorveglianza\report\reportmaster\ReportMaster.xml
Trasmissione dati ............
Committed revision 363657.

** 2019/04/xx
set PROJECT_NAME=SCMIta
set BRANCH_FROM=10.35
set BRANCH_TO=10.40
set REV_FROM=363238
set REV_TO=363238
set COMMENT="riportate modifiche dal branch %BRANCH_FROM% da rev %REV_FROM% a %REV_TO% sul %BRANCH_TO%"
cd ..\..\%PROJECT_NAME%-%BRANCH_TO%\overit
svn update
svn_merge_branch.cmd
svn_commit.cmd

