REM 2019-06-17 09:21:38.922498
set PROJECT_NAME=SCMIta
set BRANCH_FROM=10.50
set BRANCH_TO=11.0
set REV_FROM=374063
set REV_TO=374811
set COMMENT="riportate modifiche dal branch %BRANCH_FROM% da rev %REV_FROM% a %REV_TO% sul %BRANCH_TO%"
cd \OVERIT\geocall61\%PROJECT_NAME%-%BRANCH_TO%\overit
svn update
svn_merge_branch.cmd

C:\development-cri\test-python\test-python\mergesvnscmita>REM 2019-06-17 09:21:38.922498 

C:\development-cri\test-python\test-python\mergesvnscmita>set PROJECT_NAME=SCMIta 

C:\development-cri\test-python\test-python\mergesvnscmita>set BRANCH_FROM=10.50 

C:\development-cri\test-python\test-python\mergesvnscmita>set BRANCH_TO=11.0 

C:\development-cri\test-python\test-python\mergesvnscmita>set REV_FROM=374063 

C:\development-cri\test-python\test-python\mergesvnscmita>set REV_TO=374811 

C:\development-cri\test-python\test-python\mergesvnscmita>set COMMENT="riportate modifiche dal branch 10.50 da rev 374063 a 374811 sul 11.0" 

C:\development-cri\test-python\test-python\mergesvnscmita>cd \OVERIT\geocall61\SCMIta-11.0\overit 

C:\OVERIT\geocall61\SCMIta-11.0\overit>svn update 
Updating '.':
Alla revisione 374811.

C:\OVERIT\geocall61\SCMIta-11.0\overit>svn_merge_branch.cmd

C:\OVERIT\geocall61\SCMIta-11.0\overit>svn merge -r 374063:374811 http://svn.overit.it/repositories/geocall/SCMIta/branches/10.50/src/overit --accept postpone 
--- Fusione di r374064 attraverso r374811 in '.':
U    geocallapp\scmita\cxf\gwfesitoverifiche\wrapper\DATCallEsitoVerificaFinale.java
U    geocallapp\scmita\visitesorveglianza\report\reportmaster\DATReportMaster.java
 G   .
--- Recording mergeinfo for merge of r374064 through r374811 into '.':
 G   .

C:\development-cri\test-python\test-python\mergesvnscmita>set PROJECT_NAME=SCMIta 

C:\development-cri\test-python\test-python\mergesvnscmita>set BRANCH_FROM=10.50 

C:\development-cri\test-python\test-python\mergesvnscmita>set BRANCH_TO=11.0 

C:\development-cri\test-python\test-python\mergesvnscmita>set REV_FROM=374063 

C:\development-cri\test-python\test-python\mergesvnscmita>set REV_TO=374811 

C:\development-cri\test-python\test-python\mergesvnscmita>set COMMENT="riportate modifiche dal branch 10.50 da rev 374063 a 374811 sul 11.0" 

C:\development-cri\test-python\test-python\mergesvnscmita>cd \OVERIT\geocall61\SCMIta-11.0\overit 

C:\OVERIT\geocall61\SCMIta-11.0\overit>svn_commit.cmd

C:\OVERIT\geocall61\SCMIta-11.0\overit>svn commit -m "riportate modifiche dal branch 10.50 da rev 374063 a 374811 sul 11.0" 
Trasmetto      .
Trasmetto      geocallapp\scmita\cxf\gwfesitoverifiche\wrapper\DATCallEsitoVerificaFinale.java
Trasmetto      geocallapp\scmita\visitesorveglianza\report\reportmaster\DATReportMaster.java
Trasmissione dati ..
Committed revision 374812.


----
REM 2019-06-12 10:19:50.073691
set PROJECT_NAME=SCMIta
set BRANCH_FROM=10.50
set BRANCH_TO=11.0
set REV_FROM=373708
set REV_TO=374063
set COMMENT="riportate modifiche dal branch %BRANCH_FROM% da rev %REV_FROM% a %REV_TO% sul %BRANCH_TO%"
cd \OVERIT\geocall61\%PROJECT_NAME%-%BRANCH_TO%\overit
svn update
svn_merge_branch.cmd

C:\development-cri\test-python\test-python\mergesvnscmita>REM 2019-06-12 10:19:50.073691 

C:\development-cri\test-python\test-python\mergesvnscmita>set PROJECT_NAME=SCMIta 

C:\development-cri\test-python\test-python\mergesvnscmita>set BRANCH_FROM=10.50 

C:\development-cri\test-python\test-python\mergesvnscmita>set BRANCH_TO=11.0 

C:\development-cri\test-python\test-python\mergesvnscmita>set REV_FROM=373708 

C:\development-cri\test-python\test-python\mergesvnscmita>set REV_TO=374063 

C:\development-cri\test-python\test-python\mergesvnscmita>set COMMENT="riportate modifiche dal branch 10.50 da rev 373708 a 374063 sul 11.0" 

C:\development-cri\test-python\test-python\mergesvnscmita>cd \OVERIT\geocall61\SCMIta-11.0\overit 

C:\OVERIT\geocall61\SCMIta-11.0\overit>svn update 
Updating '.':
Alla revisione 374063.

C:\OVERIT\geocall61\SCMIta-11.0\overit>svn_merge_branch.cmd

C:\OVERIT\geocall61\SCMIta-11.0\overit>svn merge -r 373708:374063 http://svn.overit.it/repositories/geocall/SCMIta/branches/10.50/src/overit --accept postpone 
--- Fusione di r373709 attraverso r374063 in '.':
U    geocallapp\scmita\amministrazione\aschede\AllegatiSchede.xsl
U    geocallapp\scmita\amministrazione\aschede\CAllegatiSchede.java
A    geocallapp\scmita\anagrafiche\strategiecl\RicercaStrategiaCL.java
U    geocallapp\scmita\fibraottica\anagrafiche\attocontrollofovf\DATLavorazioniAttoVF.java
U    geocallapp\scmita\fibraottica\anagrafiche\attocontrollofovf\LavorazioneAttoVF.java
 G   .
--- Recording mergeinfo for merge of r373709 through r374063 into '.':
 G   .

C:\development-cri\test-python\test-python\mergesvnscmita>set PROJECT_NAME=SCMIta 

C:\development-cri\test-python\test-python\mergesvnscmita>set BRANCH_FROM=10.50 

C:\development-cri\test-python\test-python\mergesvnscmita>set BRANCH_TO=11.0 

C:\development-cri\test-python\test-python\mergesvnscmita>set REV_FROM=373708 

C:\development-cri\test-python\test-python\mergesvnscmita>set REV_TO=374063 

C:\development-cri\test-python\test-python\mergesvnscmita>set COMMENT="riportate modifiche dal branch 10.50 da rev 373708 a 374063 sul 11.0" 

C:\development-cri\test-python\test-python\mergesvnscmita>cd \OVERIT\geocall61\SCMIta-11.0\overit 

C:\OVERIT\geocall61\SCMIta-11.0\overit>svn_commit.cmd

C:\OVERIT\geocall61\SCMIta-11.0\overit>svn commit -m "riportate modifiche dal branch 10.50 da rev 373708 a 374063 sul 11.0" 
Trasmetto      .
Trasmetto      geocallapp\scmita\amministrazione\aschede\AllegatiSchede.xsl
Trasmetto      geocallapp\scmita\amministrazione\aschede\CAllegatiSchede.java
Aggiungo       geocallapp\scmita\anagrafiche\strategiecl\RicercaStrategiaCL.java
Trasmetto      geocallapp\scmita\fibraottica\anagrafiche\attocontrollofovf\DATLavorazioniAttoVF.java
Trasmetto      geocallapp\scmita\fibraottica\anagrafiche\attocontrollofovf\LavorazioneAttoVF.java
Trasmissione dati ....
Committed revision 374064.


----
REM 2019-06-10 17:55:58.652376
set PROJECT_NAME=SCMIta
set BRANCH_FROM=10.50
set BRANCH_TO=11.0
set REV_FROM=373301
set REV_TO=373708
set COMMENT="riportate modifiche dal branch %BRANCH_FROM% da rev %REV_FROM% a %REV_TO% sul %BRANCH_TO%"
cd \OVERIT\geocall61\%PROJECT_NAME%-%BRANCH_TO%\overit
svn update
svn_merge_branch.cmd

C:\development-cri\test-python\test-python>REM 2019-06-10 17:55:58.652376 

C:\development-cri\test-python\test-python>set PROJECT_NAME=SCMIta 

C:\development-cri\test-python\test-python>set BRANCH_FROM=10.50 

C:\development-cri\test-python\test-python>set BRANCH_TO=11.0 

C:\development-cri\test-python\test-python>set REV_FROM=373301 

C:\development-cri\test-python\test-python>set REV_TO=373708 

C:\development-cri\test-python\test-python>set COMMENT="riportate modifiche dal branch 10.50 da rev 373301 a 373708 sul 11.0" 

C:\development-cri\test-python\test-python>cd \OVERIT\geocall61\SCMIta-11.0\overit 

C:\OVERIT\geocall61\SCMIta-11.0\overit>svn update 
Updating '.':
Alla revisione 373708.

C:\OVERIT\geocall61\SCMIta-11.0\overit>svn_merge_branch.cmd

C:\OVERIT\geocall61\SCMIta-11.0\overit>svn merge -r 373301:373708 http://svn.overit.it/repositories/geocall/SCMIta/branches/10.50/src/overit --accept postpone 
--- Fusione di r373302 attraverso r373708 in '.':
 G   .
--- Recording mergeinfo for merge of r373302 through r373708 into '.':
 G   .

C:\development-cri\test-python\test-python>set PROJECT_NAME=SCMIta 

C:\development-cri\test-python\test-python>set BRANCH_FROM=10.50 

C:\development-cri\test-python\test-python>set BRANCH_TO=11.0 

C:\development-cri\test-python\test-python>set REV_FROM=373301 

C:\development-cri\test-python\test-python>set REV_TO=373708 

C:\development-cri\test-python\test-python>set COMMENT="riportate modifiche dal branch 10.50 da rev 373301 a 373708 sul 11.0" 

C:\development-cri\test-python\test-python>cd \OVERIT\geocall61\SCMIta-11.0\overit 

C:\OVERIT\geocall61\SCMIta-11.0\overit>svn_commit.cmd

C:\OVERIT\geocall61\SCMIta-11.0\overit>svn commit -m "riportate modifiche dal branch 10.50 da rev 373301 a 373708 sul 11.0" 
Trasmetto      .

Committed revision 373709.


----
2019-06-07 11:51:32.485764
set PROJECT_NAME=SCMIta
set BRANCH_FROM=10.50
set BRANCH_TO=11.0
set REV_FROM=373229
set REV_TO=373301
set COMMENT="riportate modifiche dal branch %BRANCH_FROM% da rev %REV_FROM% a %REV_TO% sul %BRANCH_TO%"
cd ..\..\%PROJECT_NAME%-%BRANCH_TO%\overit
svn update
svn_merge_branch.cmd
svn_commit.cmd

C:\OVERIT\geocall61\SCMIta-10.50\overit>set PROJECT_NAME=SCMIta

C:\OVERIT\geocall61\SCMIta-10.50\overit>set BRANCH_FROM=10.50

C:\OVERIT\geocall61\SCMIta-10.50\overit>set BRANCH_TO=11.0

C:\OVERIT\geocall61\SCMIta-10.50\overit>set REV_FROM=373229

C:\OVERIT\geocall61\SCMIta-10.50\overit>set REV_TO=373301

C:\OVERIT\geocall61\SCMIta-10.50\overit>set COMMENT="riportate modifiche dal branch %BRANCH_FROM% da rev %REV_FROM% a %REV_TO% sul %BRANCH_TO%"

C:\OVERIT\geocall61\SCMIta-10.50\overit>cd ..\..\%PROJECT_NAME%-%BRANCH_TO%\overit

C:\OVERIT\geocall61\SCMIta-11.0\overit>svn update
Updating '.':
Alla revisione 373301.

C:\OVERIT\geocall61\SCMIta-11.0\overit>svn_merge_branch.cmd

C:\OVERIT\geocall61\SCMIta-11.0\overit>svn merge -r 373229:373301 http://svn.overit.it/repositories/geocall/SCMIta/branches/10.50/src/overit --accept postpone
--- Fusione di r373230 attraverso r373301 in '.':
U    geocallapp\scmita\anagrafiche\lcl\DATSalvaLcl.java
 G   .
--- Recording mergeinfo for merge of r373230 through r373301 into '.':
 G   .

C:\OVERIT\geocall61\SCMIta-11.0\overit>svn_commit.cmd

C:\OVERIT\geocall61\SCMIta-11.0\overit>svn commit -m "riportate modifiche dal branch 10.50 da rev 373229 a 373301 sul 11.0"
Trasmetto      .
Trasmetto      geocallapp\scmita\anagrafiche\lcl\DATSalvaLcl.java
Trasmissione dati .
Committed revision 373302.

----
2019-06-06 17:07:29.397105
set PROJECT_NAME=SCMIta
set BRANCH_FROM=10.50
set BRANCH_TO=11.0
set REV_FROM=372542
set REV_TO=373229
set COMMENT="riportate modifiche dal branch %BRANCH_FROM% da rev %REV_FROM% a %REV_TO% sul %BRANCH_TO%"
cd ..\..\%PROJECT_NAME%-%BRANCH_TO%\overit
svn update
svn_merge_branch.cmd
svn_commit.cmd

C:\OVERIT\geocall61\SCMIta-10.50\overit> set PROJECT_NAME=SCMIta

C:\OVERIT\geocall61\SCMIta-10.50\overit>set BRANCH_FROM=10.50

C:\OVERIT\geocall61\SCMIta-10.50\overit>set BRANCH_TO=11.0

C:\OVERIT\geocall61\SCMIta-10.50\overit>set REV_FROM=372542

C:\OVERIT\geocall61\SCMIta-10.50\overit>set REV_TO=373229

C:\OVERIT\geocall61\SCMIta-10.50\overit>set COMMENT="riportate modifiche dal branch %BRANCH_FROM% da rev %REV_FROM% a %REV_TO% sul %BRANCH_TO%"

C:\OVERIT\geocall61\SCMIta-10.50\overit>cd ..\..\%PROJECT_NAME%-%BRANCH_TO%\overit

C:\OVERIT\geocall61\SCMIta-11.0\overit>svn update
Updating '.':
Alla revisione 373229.

C:\OVERIT\geocall61\SCMIta-11.0\overit>svn_merge_branch.cmd

C:\OVERIT\geocall61\SCMIta-11.0\overit>svn merge -r 372542:373229 http://svn.overit.it/repositories/geocall/SCMIta/branches/10.50/src/overit --accept postpone
--- Fusione di r372543 attraverso r373229 in '.':
U    geocallapp\scmita\anagrafiche\lcl\DATSalvaLcl.java
U    geocallapp\scmita\anagrafiche\ticketguasti\CompilazioneTicketGuasto.java
U    geocallapp\scmita\cxf\scmgetem\wrapper\DATSCMGetEM.java
U    geocallapp\scmita\visitesorveglianza\programmistrategie\strategievs\PEditStrategia.java
 G   .
--- Recording mergeinfo for merge of r372543 through r373229 into '.':
 G   .

C:\OVERIT\geocall61\SCMIta-11.0\overit>svn_commit.cmd

C:\OVERIT\geocall61\SCMIta-11.0\overit>svn commit -m "riportate modifiche dal branch 10.50 da rev 372542 a 373229 sul 11.0"
Trasmetto      .
Trasmetto      geocallapp\scmita\anagrafiche\lcl\DATSalvaLcl.java
Trasmetto      geocallapp\scmita\anagrafiche\ticketguasti\CompilazioneTicketGuasto.java
Trasmetto      geocallapp\scmita\cxf\scmgetem\wrapper\DATSCMGetEM.java
Trasmetto      geocallapp\scmita\visitesorveglianza\programmistrategie\strategievs\PEditStrategia.java
Trasmissione dati ....
Committed revision 373230.

----
2019-06-04 16:07:37.920764
set PROJECT_NAME=SCMIta
set BRANCH_FROM=10.50
set BRANCH_TO=11.0
set REV_FROM=371992
set REV_TO=372542
set COMMENT="riportate modifiche dal branch %BRANCH_FROM% da rev %REV_FROM% a %REV_TO% sul %BRANCH_TO%"
cd ..\..\%PROJECT_NAME%-%BRANCH_TO%\overit
svn update
svn_merge_branch.cmd
svn_commit.cmd

C:\OVERIT\geocall61\SCMIta-10.50\overit> set PROJECT_NAME=SCMIta

C:\OVERIT\geocall61\SCMIta-10.50\overit>set BRANCH_FROM=10.50

C:\OVERIT\geocall61\SCMIta-10.50\overit>set BRANCH_TO=11.0

C:\OVERIT\geocall61\SCMIta-10.50\overit>set REV_FROM=371992

C:\OVERIT\geocall61\SCMIta-10.50\overit>set REV_TO=372542

C:\OVERIT\geocall61\SCMIta-10.50\overit>set COMMENT="riportate modifiche dal branch %BRANCH_FROM% da rev %REV_FROM% a %REV_TO% sul %BRANCH_TO%"

C:\OVERIT\geocall61\SCMIta-10.50\overit>cd ..\..\%PROJECT_NAME%-%BRANCH_TO%\overit

C:\OVERIT\geocall61\SCMIta-11.0\overit>svn update
Updating '.':
U    geocallapp\scmita\anagrafiche\contratti\Contratto.java
U    geocallapp\scmita\anagrafiche\contratti\DAAContrattiTestate.java
U    geocallapp\scmita\anagrafiche\lcl\DAALclTestate.java
U    geocallapp\scmita\cruscottoco\CreaStrategiaDaLCL.java
U    geocallapp\scmita\cruscottoco\ParametriPerContratto.java
A    geocallapp\scmita\cruscottoco\ParametriPerContratto.xml
A    geocallapp\scmita\cruscottoco\ParametriPerContratto.xsl
A    geocallapp\scmita\cruscottoco\ParametriPerImpresa.java
A    geocallapp\scmita\cruscottoco\ParametriPerImpresa.xml
U    geocallapp\scmita\util\UtilsDMS.java
Aggiornato alla revisione 372543.

C:\OVERIT\geocall61\SCMIta-11.0\overit>svn_merge_branch.cmd

C:\OVERIT\geocall61\SCMIta-11.0\overit>svn merge -r 371992:372542 http://svn.overit.it/repositories/geocall/SCMIta/branches/10.50/src/overit --accept postpone
--- Fusione di r371993 attraverso r372542 in '.':
U    geocallapp\scmita\amministrazione\rdipendenticontrattirp\DARDipendentiContrattiRP.java
U    geocallapp\scmita\anagrafiche\materialiconsuntivati\DAAMaterialiConsuntivati.java
U    geocallapp\scmita\anagrafiche\ticketguasti\CompilazioneTicketGuasto.java
U    geocallapp\scmita\cxf\sapvisitesorveglianza\StatusError.java
U    geocallapp\scmita\cxf\sapvisitesorveglianza\VisiteDiSorveglianzaRequest.java
U    geocallapp\scmita\cxf\sapvisitesorveglianza\VisiteSorveglianza.java
U    geocallapp\scmita\cxf\sapvisitesorveglianza\VisiteSorveglianza.wsdl
U    geocallapp\scmita\cxf\sapvisitesorveglianza\VisiteSorveglianzaEndpoint1Impl.java
U    geocallapp\scmita\cxf\sapvisitesorveglianza\VisiteSorveglianza_Service.java
U    geocallapp\scmita\cxf\sapvisitesorveglianza\VisiteSorveglianza_VisiteSorveglianzaEndpoint1_Client.java
U    geocallapp\scmita\cxf\sapvisitesorveglianza\VisiteSorveglianza_VisiteSorveglianzaEndpoint1_Server.java
U    geocallapp\scmita\cxf\scmgetem\wrapper\DATSCMGetEM.java
U    geocallapp\scmita\functions.xml
 G   .
--- Recording mergeinfo for merge of r371993 through r372542 into '.':
 G   .

C:\OVERIT\geocall61\SCMIta-11.0\overit>svn_commit.cmd

C:\OVERIT\geocall61\SCMIta-11.0\overit>svn commit -m "riportate modifiche dal branch 10.50 da rev 371992 a 372542 sul 11.0"
Trasmetto      .
Trasmetto      geocallapp\scmita\amministrazione\rdipendenticontrattirp\DARDipendentiContrattiRP.java
Trasmetto      geocallapp\scmita\anagrafiche\materialiconsuntivati\DAAMaterialiConsuntivati.java
Trasmetto      geocallapp\scmita\anagrafiche\ticketguasti\CompilazioneTicketGuasto.java
Trasmetto      geocallapp\scmita\cxf\sapvisitesorveglianza\StatusError.java
Trasmetto      geocallapp\scmita\cxf\sapvisitesorveglianza\VisiteDiSorveglianzaRequest.java
Trasmetto      geocallapp\scmita\cxf\sapvisitesorveglianza\VisiteSorveglianza.java
Trasmetto      geocallapp\scmita\cxf\sapvisitesorveglianza\VisiteSorveglianza.wsdl
Trasmetto      geocallapp\scmita\cxf\sapvisitesorveglianza\VisiteSorveglianzaEndpoint1Impl.java
Trasmetto      geocallapp\scmita\cxf\sapvisitesorveglianza\VisiteSorveglianza_Service.java
Trasmetto      geocallapp\scmita\cxf\sapvisitesorveglianza\VisiteSorveglianza_VisiteSorveglianzaEndpoint1_Client.java
Trasmetto      geocallapp\scmita\cxf\sapvisitesorveglianza\VisiteSorveglianza_VisiteSorveglianzaEndpoint1_Server.java
Trasmetto      geocallapp\scmita\cxf\scmgetem\wrapper\DATSCMGetEM.java
Trasmetto      geocallapp\scmita\functions.xml
Trasmissione dati .............
Committed revision 372544.

----
2019-05-31 14:21:28.900420
set PROJECT_NAME=SCMIta
set BRANCH_FROM=10.50
set BRANCH_TO=11.0
set REV_FROM=371493
set REV_TO=371992
set COMMENT="riportate modifiche dal branch %BRANCH_FROM% da rev %REV_FROM% a %REV_TO% sul %BRANCH_TO%"
cd ..\..\%PROJECT_NAME%-%BRANCH_TO%\overit
svn update
svn_merge_branch.cmd
svn_commit.cmd

C:\OVERIT\geocall61\SCMIta-10.50\overit>set PROJECT_NAME=SCMIta

C:\OVERIT\geocall61\SCMIta-10.50\overit>set BRANCH_FROM=10.50

C:\OVERIT\geocall61\SCMIta-10.50\overit>set BRANCH_TO=11.0

C:\OVERIT\geocall61\SCMIta-10.50\overit>set REV_FROM=371493

C:\OVERIT\geocall61\SCMIta-10.50\overit>set REV_TO=371992

C:\OVERIT\geocall61\SCMIta-10.50\overit>set COMMENT="riportate modifiche dal branch %BRANCH_FROM% da rev %REV_FROM% a %REV_TO% sul %BRANCH_TO%"

C:\OVERIT\geocall61\SCMIta-10.50\overit>cd ..\..\%PROJECT_NAME%-%BRANCH_TO%\overit

C:\OVERIT\geocall61\SCMIta-11.0\overit>svn update
Updating '.':
Alla revisione 371992.

C:\OVERIT\geocall61\SCMIta-11.0\overit>svn_merge_branch.cmd

C:\OVERIT\geocall61\SCMIta-11.0\overit>svn merge -r 371493:371992 http://svn.overit.it/repositories/geocall/SCMIta/branches/10.50/src/overit --accept postpone
--- Fusione di r371494 attraverso r371992 in '.':
 G   .
--- Recording mergeinfo for merge of r371494 through r371992 into '.':
 G   .

C:\OVERIT\geocall61\SCMIta-11.0\overit>svn_commit.cmd

C:\OVERIT\geocall61\SCMIta-11.0\overit>svn commit -m "riportate modifiche dal branch 10.50 da rev 371493 a 371992 sul 11.0"
Trasmetto      .

Committed revision 371993.

----
2019-05-29 14:03:57.072328
set PROJECT_NAME=SCMIta
set BRANCH_FROM=10.50
set BRANCH_TO=11.0
set REV_FROM=371222
set REV_TO=371493
set COMMENT="riportate modifiche dal branch %BRANCH_FROM% da rev %REV_FROM% a %REV_TO% sul %BRANCH_TO%"
cd ..\..\%PROJECT_NAME%-%BRANCH_TO%\overit
svn update
svn_merge_branch.cmd
svn_commit.cmd

C:\OVERIT\geocall61\SCMIta-10.50\overit>set PROJECT_NAME=SCMIta

C:\OVERIT\geocall61\SCMIta-10.50\overit>set BRANCH_FROM=10.50

C:\OVERIT\geocall61\SCMIta-10.50\overit>set BRANCH_TO=11.0

C:\OVERIT\geocall61\SCMIta-10.50\overit>set REV_FROM=371222

C:\OVERIT\geocall61\SCMIta-10.50\overit>set REV_TO=371493

C:\OVERIT\geocall61\SCMIta-10.50\overit>set COMMENT="riportate modifiche dal branch %BRANCH_FROM% da rev %REV_FROM% a %REV_TO% sul %BRANCH_TO%"

C:\OVERIT\geocall61\SCMIta-10.50\overit>cd ..\..\%PROJECT_NAME%-%BRANCH_TO%\overit

C:\OVERIT\geocall61\SCMIta-11.0\overit>svn update
Updating '.':
Alla revisione 371493.

C:\OVERIT\geocall61\SCMIta-11.0\overit>svn_merge_branch.cmd

C:\OVERIT\geocall61\SCMIta-11.0\overit>svn merge -r 371222:371493 http://svn.overit.it/repositories/geocall/SCMIta/branches/10.50/src/overit
--- Fusione di r371223 attraverso r371493 in '.':
U    geocallapp\scmita\cxf\sapletterafinelavori\wrapper\DATCallSAPLetteraFineLavori.java
U    geocallapp\scmita\fibraottica\anagrafiche\attocontrollofovf\LavorazioneAttoVF.xml
A    geocallapp\scmita\install\scripts\10.10.19052900.sql
 G   .
--- Recording mergeinfo for merge of r371223 through r371493 into '.':
 G   .

C:\OVERIT\geocall61\SCMIta-11.0\overit>svn_commit.cmd

C:\OVERIT\geocall61\SCMIta-11.0\overit>svn commit -m "riportate modifiche dal branch 10.50 da rev 371222 a 371493 sul 11.0"
Trasmetto      .
Trasmetto      geocallapp\scmita\cxf\sapletterafinelavori\wrapper\DATCallSAPLetteraFineLavori.java
Trasmetto      geocallapp\scmita\fibraottica\anagrafiche\attocontrollofovf\LavorazioneAttoVF.xml
Aggiungo       geocallapp\scmita\install\scripts\10.10.19052900.sql
Trasmissione dati ..
Committed revision 371494.

----
?** 2019/05/27
set PROJECT_NAME=SCMIta
set BRANCH_FROM=10.50
set BRANCH_TO=11.0
set REV_FROM=370602
set REV_TO=371222
set COMMENT="riportate modifiche dal branch %BRANCH_FROM% da rev %REV_FROM% a %REV_TO% sul %BRANCH_TO%"
cd ..\..\%PROJECT_NAME%-%BRANCH_TO%\overit
svn update
svn_merge_branch.cmd
svn_commit.cmd

C:\OVERIT\geocall61\SCMIta-10.50\overit> set PROJECT_NAME=SCMIta

C:\OVERIT\geocall61\SCMIta-10.50\overit>set BRANCH_FROM=10.50

C:\OVERIT\geocall61\SCMIta-10.50\overit>set BRANCH_TO=11.0

C:\OVERIT\geocall61\SCMIta-10.50\overit>set REV_FROM=370602

C:\OVERIT\geocall61\SCMIta-10.50\overit>set REV_TO=371222

C:\OVERIT\geocall61\SCMIta-10.50\overit>set COMMENT="riportate modifiche dal branch %BRANCH_FROM% da rev %REV_FROM% a %REV_TO% sul %BRANCH_TO%"

C:\OVERIT\geocall61\SCMIta-10.50\overit>cd ..\..\%PROJECT_NAME%-%BRANCH_TO%\overit

C:\OVERIT\geocall61\SCMIta-11.0\overit>svn update
Updating '.':
Alla revisione 371222.

C:\OVERIT\geocall61\SCMIta-11.0\overit>svn_merge_branch.cmd

C:\OVERIT\geocall61\SCMIta-11.0\overit>svn merge -r 370602:371222 http://svn.overit.it/repositories/geocall/SCMIta/branches/10.50/src/overit
--- Fusione di r370603 attraverso r371222 in '.':
U    geocallapp\scmita\amministrazione\adatifissi\ADatiFissi.xsl
U    geocallapp\scmita\amministrazione\aschedetestate\DAASchedeTestate.java
U    geocallapp\scmita\anagrafiche\lotticampioni\DAALottiCampioniTestate.java
U    geocallapp\scmita\cxf\sapvisitesorveglianza\wrapper\DATCallSAPVisiteSorveglianza.java
 G   .
--- Recording mergeinfo for merge of r370603 through r371222 into '.':
 G   .

C:\OVERIT\geocall61\SCMIta-11.0\overit>svn_commit.cmd

C:\OVERIT\geocall61\SCMIta-11.0\overit>svn commit -m "riportate modifiche dal branch 10.50 da rev 370602 a 371222 sul 11.0"
Trasmetto      .
Trasmetto      geocallapp\scmita\amministrazione\adatifissi\ADatiFissi.xsl
Trasmetto      geocallapp\scmita\amministrazione\aschedetestate\DAASchedeTestate.java
Trasmetto      geocallapp\scmita\anagrafiche\lotticampioni\DAALottiCampioniTestate.java
Trasmetto      geocallapp\scmita\cxf\sapvisitesorveglianza\wrapper\DATCallSAPVisiteSorveglianza.java
Trasmissione dati ....
Committed revision 371223.

** 2019/05/23
set PROJECT_NAME=SCMIta
set BRANCH_FROM=10.50
set BRANCH_TO=11.0
set REV_FROM=370160
set REV_TO=370602
set COMMENT="riportate modifiche dal branch %BRANCH_FROM% da rev %REV_FROM% a %REV_TO% sul %BRANCH_TO%"
cd ..\..\%PROJECT_NAME%-%BRANCH_TO%\overit
svn update
svn_merge_branch.cmd
svn_commit.cmd

C:\OVERIT\geocall61\SCMIta-10.50\overit>set PROJECT_NAME=SCMIta

C:\OVERIT\geocall61\SCMIta-10.50\overit>set BRANCH_FROM=10.50

C:\OVERIT\geocall61\SCMIta-10.50\overit>set BRANCH_TO=11.0

C:\OVERIT\geocall61\SCMIta-10.50\overit>set REV_FROM=370160

C:\OVERIT\geocall61\SCMIta-10.50\overit>set REV_TO=370602

C:\OVERIT\geocall61\SCMIta-10.50\overit>set COMMENT="riportate modifiche dal branch %BRANCH_FROM% da rev %REV_FROM% a %REV_TO% sul %BRANCH_TO%"

C:\OVERIT\geocall61\SCMIta-10.50\overit>cd ..\..\%PROJECT_NAME%-%BRANCH_TO%\overit

C:\OVERIT\geocall61\SCMIta-11.0\overit>svn update
Updating '.':
Alla revisione 370602.

C:\OVERIT\geocall61\SCMIta-11.0\overit>svn_merge_branch.cmd

C:\OVERIT\geocall61\SCMIta-11.0\overit>svn merge -r 370160:370602 http://svn.overit.it/repositories/geocall/SCMIta/branches/10.50/src/overit
--- Fusione di r370161 attraverso r370602 in '.':
U    geocallapp\scmita\amministrazione\tclusterprofili\TClusterProfili.java
U    geocallapp\scmita\anagrafiche\barcode\PSceltaBarcode.java
U    geocallapp\scmita\anagrafiche\libretti\DATSalvaLibretto.java
U    geocallapp\scmita\anagrafiche\libretti\MaterialiLM.xsl
U    geocallapp\scmita\anagrafiche\materialiconsuntivati\DAAMaterialiConsuntivati.java
U    geocallapp\scmita\cxf\sapvisitesorveglianza\VisiteDiSorveglianzaRequest.java
U    geocallapp\scmita\cxf\sapvisitesorveglianza\VisiteSorveglianza.wsdl
U    geocallapp\scmita\cxf\sapvisitesorveglianza\wrapper\DATCallSAPVisiteSorveglianza.java
U    geocallapp\scmita\cxf\scma2a\wrapper\DATSetDocumentoLM.java
U    geocallapp\scmita\visitesorveglianza\UtilsVS.java
 G   .
--- Recording mergeinfo for merge of r370161 through r370602 into '.':
 G   .

C:\OVERIT\geocall61\SCMIta-11.0\overit>svn_commit.cmd

C:\OVERIT\geocall61\SCMIta-11.0\overit>svn commit -m "riportate modifiche dal branch 10.50 da rev 370160 a 370602 sul 11.0"
Trasmetto      .
Trasmetto      geocallapp\scmita\amministrazione\tclusterprofili\TClusterProfili.java
Trasmetto      geocallapp\scmita\anagrafiche\barcode\PSceltaBarcode.java
Trasmetto      geocallapp\scmita\anagrafiche\libretti\DATSalvaLibretto.java
Trasmetto      geocallapp\scmita\anagrafiche\libretti\MaterialiLM.xsl
Trasmetto      geocallapp\scmita\anagrafiche\materialiconsuntivati\DAAMaterialiConsuntivati.java
Trasmetto      geocallapp\scmita\cxf\sapvisitesorveglianza\VisiteDiSorveglianzaRequest.java
Trasmetto      geocallapp\scmita\cxf\sapvisitesorveglianza\VisiteSorveglianza.wsdl
Trasmetto      geocallapp\scmita\cxf\sapvisitesorveglianza\wrapper\DATCallSAPVisiteSorveglianza.java
Trasmetto      geocallapp\scmita\cxf\scma2a\wrapper\DATSetDocumentoLM.java
Trasmetto      geocallapp\scmita\visitesorveglianza\UtilsVS.java
Trasmissione dati ..........
Committed revision 370603.

** 2019/05/22
set PROJECT_NAME=SCMIta
set BRANCH_FROM=10.50
set BRANCH_TO=11.0
set REV_FROM=369499
set REV_TO=370160
set COMMENT="riportate modifiche dal branch %BRANCH_FROM% da rev %REV_FROM% a %REV_TO% sul %BRANCH_TO%"
cd ..\..\%PROJECT_NAME%-%BRANCH_TO%\overit
svn update
svn_merge_branch.cmd
svn_commit.cmd

C:\OVERIT\geocall61\SCMIta-10.50\overit> set PROJECT_NAME=SCMIta

C:\OVERIT\geocall61\SCMIta-10.50\overit>set BRANCH_FROM=10.50

C:\OVERIT\geocall61\SCMIta-10.50\overit>set BRANCH_TO=11.0

C:\OVERIT\geocall61\SCMIta-10.50\overit>set REV_FROM=369499

C:\OVERIT\geocall61\SCMIta-10.50\overit>set REV_TO=370160

C:\OVERIT\geocall61\SCMIta-10.50\overit>set COMMENT="riportate modifiche dal branch %BRANCH_FROM% da rev %REV_FROM% a %REV_TO% sul %BRANCH_TO%"

C:\OVERIT\geocall61\SCMIta-10.50\overit>cd ..\..\%PROJECT_NAME%-%BRANCH_TO%\overit

C:\OVERIT\geocall61\SCMIta-11.0\overit>svn update
Updating '.':
A    geocallapp\scmita\install\scripts\11.0.19052200.sql
U    geocallapp\scmita\amministrazione\adatifissi\ADatiFissi.xsl
Aggiornato alla revisione 370160.

C:\OVERIT\geocall61\SCMIta-11.0\overit>svn_merge_branch.cmd

C:\OVERIT\geocall61\SCMIta-11.0\overit>svn merge -r 369499:370160 http://svn.overit.it/repositories/geocall/SCMIta/branches/10.50/src/overit
--- Fusione di r369500 attraverso r370160 in '.':
C    geocallapp\scmita\anagrafiche\atticontrollo\DAAAttiControllo.java
U    geocallapp\scmita\anagrafiche\comunicazioni\DATSalvaComunicazione.java
U    geocallapp\scmita\anagrafiche\libretti\DATSalvaLibretto.java
U    geocallapp\scmita\anagrafiche\libretti\StrutturaLM.java
U    geocallapp\scmita\cxf\sapvisitesorveglianza\ObjectFactory.java
U    geocallapp\scmita\cxf\sapvisitesorveglianza\VisiteDiSorveglianzaRequest.java
U    geocallapp\scmita\cxf\sapvisitesorveglianza\VisiteSorveglianza.wsdl
U    geocallapp\scmita\cxf\sapvisitesorveglianza\VisiteSorveglianza_VisiteSorveglianzaEndpoint1_Client.java
U    geocallapp\scmita\cxf\sapvisitesorveglianza\VisiteSorveglianza_VisiteSorveglianzaEndpoint1_Server.java
U    geocallapp\scmita\cxf\sapvisitesorveglianza\wrapper\DATCallSAPVisiteSorveglianza.java
U    geocallapp\scmita\cxf\idrauploadmodificafilelmds\wrapper\DATCallSCMUploadModificaFileLMDS.java
U    geocallapp\scmita\fibraottica\anagrafiche\attocontrollofoco\AttiControlloFoCo.xml
U    geocallapp\scmita\fibraottica\anagrafiche\attocontrollofoco\DAAAttiControlloFoCo.java
U    geocallapp\scmita\fibraottica\anagrafiche\attocontrollofovf\AttiControlloFoVF.xml
U    geocallapp\scmita\fibraottica\anagrafiche\attocontrollofovf\CompilaSchedaAttoFoVF.xml
U    geocallapp\scmita\fibraottica\anagrafiche\attocontrollofovf\DAAttiControlloFoVF.java
U    geocallapp\scmita\fibraottica\anagrafiche\attocontrollofovf\PFiltriRicercaAttiFoVF.xml
U    geocallapp\scmita\fibraottica\anagrafiche\incarichivf\DAIncaricoVF.java
U    geocallapp\scmita\install\scripts\10.10.19051700.sql
U    geocallapp\scmita\ws\UtilsWS.java
 G   .
--- Recording mergeinfo for merge of r369500 through r370160 into '.':
 G   .
Conflict discovered in file 'geocallapp\scmita\anagrafiche\atticontrollo\DAAAttiControllo.java'.
Select: (p) postpone, (df) show diff, (e) edit file, (m) merge,
        (mc) my side of conflict, (tc) their side of conflict,
        (s) show all options: p
Summary of conflicts:
  Text conflicts: 1
  
C:\OVERIT\geocall61\SCMIta-11.0\overit>geocallapp\scmita\anagrafiche\atticontrollo\DAAAttiControllo.java

C:\OVERIT\geocall61\SCMIta-11.0\overit>svn resolved geocallapp\scmita\anagrafiche\atticontrollo\DAAAttiControllo.java
Risolto lo stato di conflitto di 'geocallapp\scmita\anagrafiche\atticontrollo\DAAAttiControllo.java'

C:\OVERIT\geocall61\SCMIta-11.0\overit>svn_commit.cmd

C:\OVERIT\geocall61\SCMIta-11.0\overit>svn commit -m "riportate modifiche dal branch 10.50 da rev 369499 a 370160 sul 11.0"
Trasmetto      .
Trasmetto      geocallapp\scmita\anagrafiche\atticontrollo\DAAAttiControllo.java
Trasmetto      geocallapp\scmita\anagrafiche\comunicazioni\DATSalvaComunicazione.java
Trasmetto      geocallapp\scmita\anagrafiche\libretti\DATSalvaLibretto.java
Trasmetto      geocallapp\scmita\anagrafiche\libretti\StrutturaLM.java
Trasmetto      geocallapp\scmita\cxf\idrauploadmodificafilelmds\wrapper\DATCallSCMUploadModificaFileLMDS.java
Trasmetto      geocallapp\scmita\cxf\sapvisitesorveglianza\ObjectFactory.java
Trasmetto      geocallapp\scmita\cxf\sapvisitesorveglianza\VisiteDiSorveglianzaRequest.java
Trasmetto      geocallapp\scmita\cxf\sapvisitesorveglianza\VisiteSorveglianza.wsdl
Trasmetto      geocallapp\scmita\cxf\sapvisitesorveglianza\VisiteSorveglianza_VisiteSorveglianzaEndpoint1_Client.java
Trasmetto      geocallapp\scmita\cxf\sapvisitesorveglianza\VisiteSorveglianza_VisiteSorveglianzaEndpoint1_Server.java
Trasmetto      geocallapp\scmita\cxf\sapvisitesorveglianza\wrapper\DATCallSAPVisiteSorveglianza.java
Trasmetto      geocallapp\scmita\fibraottica\anagrafiche\attocontrollofoco\AttiControlloFoCo.xml
Trasmetto      geocallapp\scmita\fibraottica\anagrafiche\attocontrollofoco\DAAAttiControlloFoCo.java
Trasmetto      geocallapp\scmita\fibraottica\anagrafiche\attocontrollofovf\AttiControlloFoVF.xml
Trasmetto      geocallapp\scmita\fibraottica\anagrafiche\attocontrollofovf\CompilaSchedaAttoFoVF.xml
Trasmetto      geocallapp\scmita\fibraottica\anagrafiche\attocontrollofovf\DAAttiControlloFoVF.java
Trasmetto      geocallapp\scmita\fibraottica\anagrafiche\attocontrollofovf\PFiltriRicercaAttiFoVF.xml
Trasmetto      geocallapp\scmita\fibraottica\anagrafiche\incarichivf\DAIncaricoVF.java
Trasmetto      geocallapp\scmita\install\scripts\10.10.19051700.sql
Trasmetto      geocallapp\scmita\ws\UtilsWS.java
Trasmissione dati ....................
Committed revision 370170.  

** 2019/05/17
set PROJECT_NAME=SCMIta
set BRANCH_FROM=10.50
set BRANCH_TO=11.0
set REV_FROM=369483
set REV_TO=369499
set COMMENT="riportate modifiche dal branch %BRANCH_FROM% da rev %REV_FROM% a %REV_TO% sul %BRANCH_TO%"
cd ..\..\%PROJECT_NAME%-%BRANCH_TO%\overit
svn update
svn_merge_branch.cmd
svn_commit.cmd

C:\OVERIT\geocall61\SCMIta-10.50\overit>set PROJECT_NAME=SCMIta

C:\OVERIT\geocall61\SCMIta-10.50\overit>set BRANCH_FROM=10.50

C:\OVERIT\geocall61\SCMIta-10.50\overit>set BRANCH_TO=11.0

C:\OVERIT\geocall61\SCMIta-10.50\overit>set REV_FROM=369483

C:\OVERIT\geocall61\SCMIta-10.50\overit>set REV_TO=369499

C:\OVERIT\geocall61\SCMIta-10.50\overit>set COMMENT="riportate modifiche dal branch %BRANCH_FROM% da rev %REV_FROM% a %REV_TO% sul %BRANCH_TO%"

C:\OVERIT\geocall61\SCMIta-10.50\overit>cd ..\..\%PROJECT_NAME%-%BRANCH_TO%\overit

C:\OVERIT\geocall61\SCMIta-11.0\overit>svn update
Updating '.':
Alla revisione 369500.

C:\OVERIT\geocall61\SCMIta-11.0\overit>svn_merge_branch.cmd

C:\OVERIT\geocall61\SCMIta-11.0\overit>svn merge -r 369483:369499 http://svn.overit.it/repositories/geocall/SCMIta/branches/10.50/src/overit
--- Fusione di r369484 attraverso r369499 in '.':
U    geocallapp\scmita\cxf\scmrichiesteaccessofo\wrapper\DATSCMRichiesteAccessoFO.java
 G   .
--- Recording mergeinfo for merge of r369484 through r369499 into '.':
 G   .

C:\OVERIT\geocall61\SCMIta-11.0\overit>svn_commit.cmd

C:\OVERIT\geocall61\SCMIta-11.0\overit>svn commit -m "riportate modifiche dal branch 10.50 da rev 369483 a 369499 sul 11.0"
Trasmetto      .
Trasmetto      geocallapp\scmita\cxf\scmrichiesteaccessofo\wrapper\DATSCMRichiesteAccessoFO.java
Trasmissione dati .
Committed revision 369501.

** 2019/05/17
set PROJECT_NAME=SCMIta
set BRANCH_FROM=10.50
set BRANCH_TO=11.0
set REV_FROM=368131
set REV_TO=369483
set COMMENT="riportate modifiche dal branch %BRANCH_FROM% da rev %REV_FROM% a %REV_TO% sul %BRANCH_TO%"
cd ..\..\%PROJECT_NAME%-%BRANCH_TO%\overit
svn update
svn_merge_branch.cmd
svn_commit.cmd

C:\OVERIT\geocall61\SCMIta-10.50\overit>svn merge -r 368130:369481 http://svn.overit.it/repositories/geocall/SCMIta/branches/10.40/src/overit
--- Fusione di r368131 attraverso r369481 in '.':
U    geocallapp\scmita\anagrafiche\caricamentomaestranzemezzi\mezzi\DettaglioMezzo.java
U    geocallapp\scmita\anagrafiche\lcl\DATSalvaLcl.java
U    geocallapp\scmita\cxf\scmgetlclgu\lclgu\DATImportLclGU.java
U    geocallapp\scmita\global\LSistemiEmittentiTicket.xml
A    geocallapp\scmita\install\scripts\10.10.19051700.sql
 G   .
--- Recording mergeinfo for merge of r368131 through r369481 into '.':
 G   .

C:\OVERIT\geocall61\SCMIta-10.50\overit>svn_commit.cmd

C:\OVERIT\geocall61\SCMIta-10.50\overit>svn commit -m "riportate modifiche dal branch 10.40 da rev 368130 a 369481 sul 10.50"
Trasmetto      .
Trasmetto      geocallapp\scmita\anagrafiche\caricamentomaestranzemezzi\mezzi\DettaglioMezzo.java
Trasmetto      geocallapp\scmita\anagrafiche\lcl\DATSalvaLcl.java
Trasmetto      geocallapp\scmita\cxf\scmgetlclgu\lclgu\DATImportLclGU.java
Trasmetto      geocallapp\scmita\global\LSistemiEmittentiTicket.xml
Aggiungo       geocallapp\scmita\install\scripts\10.10.19051700.sql
Trasmissione dati ....
Committed revision 369483.

C:\OVERIT\geocall61\SCMIta-10.50\overit> set PROJECT_NAME=SCMIta

C:\OVERIT\geocall61\SCMIta-10.50\overit>set BRANCH_FROM=10.50

C:\OVERIT\geocall61\SCMIta-10.50\overit>set BRANCH_TO=11.0

C:\OVERIT\geocall61\SCMIta-10.50\overit>set REV_FROM=368131

C:\OVERIT\geocall61\SCMIta-10.50\overit>set REV_TO=369483

C:\OVERIT\geocall61\SCMIta-10.50\overit>set COMMENT="riportate modifiche dal branch %BRANCH_FROM% da rev %REV_FROM% a %REV_TO% sul %BRANCH_TO%"

C:\OVERIT\geocall61\SCMIta-10.50\overit>cd ..\..\%PROJECT_NAME%-%BRANCH_TO%\overit

C:\OVERIT\geocall61\SCMIta-11.0\overit>svn update
Updating '.':
Alla revisione 369483.

C:\OVERIT\geocall61\SCMIta-11.0\overit>svn_merge_branch.cmd

C:\OVERIT\geocall61\SCMIta-11.0\overit>svn merge -r 368131:369483 http://svn.overit.it/repositories/geocall/SCMIta/branches/10.50/src/overit
--- Fusione di r368132 attraverso r369483 in '.':
U    geocallapp\scmita\anagrafiche\caricamentomaestranzemezzi\mezzi\DettaglioMezzo.java
U    geocallapp\scmita\anagrafiche\lcl\DATSalvaLcl.java
C    geocallapp\scmita\cxf\scmgetlclgu\lclgu\DATImportLclGU.java
U    geocallapp\scmita\global\LSistemiEmittentiTicket.xml
A    geocallapp\scmita\install\scripts\10.10.19051700.sql
 G   .
--- Recording mergeinfo for merge of r368132 through r369483 into '.':
 G   .
Conflict discovered in file 'geocallapp\scmita\cxf\scmgetlclgu\lclgu\DATImportLclGU.java'.
Select: (p) postpone, (df) show diff, (e) edit file, (m) merge,
        (mc) my side of conflict, (tc) their side of conflict,
        (s) show all options: p
Summary of conflicts:
  Text conflicts: 1


C:\OVERIT\geocall61\SCMIta-11.0\overit>svn resolved geocallapp\scmita\cxf\scmgetlclgu\lclgu\DATImportLclGU.java
Risolto lo stato di conflitto di 'geocallapp\scmita\cxf\scmgetlclgu\lclgu\DATImportLclGU.java'

C:\OVERIT\geocall61\SCMIta-11.0\overit>svn_commit;

C:\OVERIT\geocall61\SCMIta-11.0\overit>svn commit -m "riportate modifiche dal branch 10.50 da rev 368131 a 369483 sul 11.0"
Trasmetto      .
Trasmetto      geocallapp\scmita\anagrafiche\caricamentomaestranzemezzi\mezzi\DettaglioMezzo.java
Trasmetto      geocallapp\scmita\anagrafiche\lcl\DATSalvaLcl.java
Trasmetto      geocallapp\scmita\cxf\scmgetlclgu\lclgu\DATImportLclGU.java
Trasmetto      geocallapp\scmita\global\LSistemiEmittentiTicket.xml
Aggiungo       geocallapp\scmita\install\scripts\10.10.19051700.sql
Trasmissione dati ....
Committed revision 369490.

** 2019/05/10
set PROJECT_NAME=SCMIta
set BRANCH_FROM=10.50
set BRANCH_TO=11.0
set REV_FROM=367886
set REV_TO=368131
set COMMENT="riportate modifiche dal branch %BRANCH_FROM% da rev %REV_FROM% a %REV_TO% sul %BRANCH_TO%"
cd ..\..\%PROJECT_NAME%-%BRANCH_TO%\overit
svn update
svn_merge_branch.cmd
svn_commit.cmd

C:\OVERIT\geocall61\SCMIta-10.50\overit> set PROJECT_NAME=SCMIta

C:\OVERIT\geocall61\SCMIta-10.50\overit>set BRANCH_FROM=10.50

C:\OVERIT\geocall61\SCMIta-10.50\overit>set BRANCH_TO=11.0

C:\OVERIT\geocall61\SCMIta-10.50\overit>set REV_FROM=367886

C:\OVERIT\geocall61\SCMIta-10.50\overit>set REV_TO=368131

C:\OVERIT\geocall61\SCMIta-10.50\overit>set COMMENT="riportate modifiche dal branch %BRANCH_FROM% da rev %REV_FROM% a %REV_TO% sul %BRANCH_TO%"

C:\OVERIT\geocall61\SCMIta-10.50\overit>cd ..\..\%PROJECT_NAME%-%BRANCH_TO%\overit

C:\OVERIT\geocall61\SCMIta-11.0\overit>svn update
Updating '.':
Alla revisione 368131.

C:\OVERIT\geocall61\SCMIta-11.0\overit>svn_merge_branch.cmd

C:\OVERIT\geocall61\SCMIta-11.0\overit>svn merge -r 367886:368131 http://svn.overit.it/repositories/geocall/SCMIta/branches/10.50/src/overit
--- Fusione di r367887 attraverso r368131 in '.':
A    geocallapp\scmita\anagrafiche\documenti\lfl
A    geocallapp\scmita\cxf\sapletterafinelavori
A    geocallapp\scmita\cxf\sapletterafinelavori\letterafinelavorirequest
A    geocallapp\scmita\cxf\sapletterafinelavori\wrapper
A    geocallapp\scmita\cxf\sapletterafinelavori\ackresponse
A    geocallapp\scmita\cxf\sapletterafinelavori\cmd
A    geocallapp\scmita\cxf\sapletterafinelavori\eneloutputheader
A    geocallapp\scmita\cxf\sapletterafinelavori\enelwsheader
A    geocallapp\scmita\cxf\sapletterafinelavori\statuserror
U    geocallapp\scmita\amministrazione\adatifissi\ADatiFissi.xsl
A    geocallapp\scmita\anagrafiche\documenti\lfl\DATSalvaDocumentoLfl.java
A    geocallapp\scmita\anagrafiche\lcl\DAALclLavori.java
A    geocallapp\scmita\cxf\sapletterafinelavori\letterafinelavorirequest\LetteraFineLavoriRequest.java
A    geocallapp\scmita\cxf\sapletterafinelavori\letterafinelavorirequest\ObjectFactory.java
A    geocallapp\scmita\cxf\sapletterafinelavori\letterafinelavorirequest\Request.java
A    geocallapp\scmita\cxf\sapletterafinelavori\letterafinelavorirequest\package-info.java
A    geocallapp\scmita\cxf\sapletterafinelavori\wrapper\DATCallSAPLetteraFineLavori.java
A    geocallapp\scmita\cxf\sapletterafinelavori\LetteraFineLavori.java
A    geocallapp\scmita\cxf\sapletterafinelavori\LetteraFineLavori.wsdl
A    geocallapp\scmita\cxf\sapletterafinelavori\LetteraFineLavoriEndpoint1Impl.java
A    geocallapp\scmita\cxf\sapletterafinelavori\LetteraFineLavori_LetteraFineLavoriEndpoint1_Client.java
A    geocallapp\scmita\cxf\sapletterafinelavori\LetteraFineLavori_LetteraFineLavoriEndpoint1_Server.java
A    geocallapp\scmita\cxf\sapletterafinelavori\LetteraFineLavori_Service.java
A    geocallapp\scmita\cxf\sapletterafinelavori\LetteraFineLavori_Service_handler.xml
A    geocallapp\scmita\cxf\sapletterafinelavori\LetteraFineLavori_handler.xml
A    geocallapp\scmita\cxf\sapletterafinelavori\StatusError.java
A    geocallapp\scmita\cxf\sapletterafinelavori\ackresponse\AckResponse.java
A    geocallapp\scmita\cxf\sapletterafinelavori\ackresponse\ObjectFactory.java
A    geocallapp\scmita\cxf\sapletterafinelavori\ackresponse\Response.java
A    geocallapp\scmita\cxf\sapletterafinelavori\ackresponse\package-info.java
A    geocallapp\scmita\cxf\sapletterafinelavori\cmd\compile.txt
A    geocallapp\scmita\cxf\sapletterafinelavori\custom.xml
A    geocallapp\scmita\cxf\sapletterafinelavori\eneloutputheader\EnelheaderOutputSchema.java
A    geocallapp\scmita\cxf\sapletterafinelavori\eneloutputheader\ObjectFactory.java
A    geocallapp\scmita\cxf\sapletterafinelavori\eneloutputheader\package-info.java
A    geocallapp\scmita\cxf\sapletterafinelavori\enelwsheader\EnelWSMessageSchema.java
A    geocallapp\scmita\cxf\sapletterafinelavori\enelwsheader\ObjectFactory.java
A    geocallapp\scmita\cxf\sapletterafinelavori\enelwsheader\package-info.java
A    geocallapp\scmita\cxf\sapletterafinelavori\statuserror\Error.java
A    geocallapp\scmita\cxf\sapletterafinelavori\statuserror\ObjectFactory.java
A    geocallapp\scmita\cxf\sapletterafinelavori\statuserror\package-info.java
U    geocallapp\scmita\fibraottica\anagrafiche\attocontrollofoco\DAAAttiControlloFoCo.java
U    geocallapp\scmita\fibraottica\report\spotfire\ReportSpotfire.xml
A    geocallapp\scmita\install\scripts\10.35.19051000.sql
 G   .
--- Recording mergeinfo for merge of r367887 through r368131 into '.':
 G   .

C:\OVERIT\geocall61\SCMIta-11.0\overit>svn_commit.cmd

C:\OVERIT\geocall61\SCMIta-11.0\overit>svn commit -m "riportate modifiche dal branch 10.50 da rev 367886 a 368131 sul 11.0"
Trasmetto      .
Trasmetto      geocallapp\scmita\amministrazione\adatifissi\ADatiFissi.xsl
Aggiungo       geocallapp\scmita\anagrafiche\documenti\lfl
Aggiungo       geocallapp\scmita\anagrafiche\lcl\DAALclLavori.java
Aggiungo       geocallapp\scmita\cxf\sapletterafinelavori
Trasmetto      geocallapp\scmita\fibraottica\anagrafiche\attocontrollofoco\DAAAttiControlloFoCo.java
Trasmetto      geocallapp\scmita\fibraottica\report\spotfire\ReportSpotfire.xml
Aggiungo       geocallapp\scmita\install\scripts\10.35.19051000.sql
Trasmissione dati ...
Committed revision 368132.

** 2019/05/09
set PROJECT_NAME=SCMIta
set BRANCH_FROM=10.50
set BRANCH_TO=11.0
set REV_FROM=367524
set REV_TO=367886
set COMMENT="riportate modifiche dal branch %BRANCH_FROM% da rev %REV_FROM% a %REV_TO% sul %BRANCH_TO%"
cd ..\..\%PROJECT_NAME%-%BRANCH_TO%\overit
svn update
svn_merge_branch.cmd
svn_commit.cmd

C:\OVERIT\geocall61\SCMIta-10.50\overit>set PROJECT_NAME=SCMIta

C:\OVERIT\geocall61\SCMIta-10.50\overit>set BRANCH_FROM=10.50

C:\OVERIT\geocall61\SCMIta-10.50\overit>set BRANCH_TO=11.0

C:\OVERIT\geocall61\SCMIta-10.50\overit>set REV_FROM=367524

C:\OVERIT\geocall61\SCMIta-10.50\overit>set REV_TO=367886

C:\OVERIT\geocall61\SCMIta-10.50\overit>set COMMENT="riportate modifiche dal branch %BRANCH_FROM% da rev %REV_FROM% a %REV_TO% sul %BRANCH_TO%"

C:\OVERIT\geocall61\SCMIta-10.50\overit>cd ..\..\%PROJECT_NAME%-%BRANCH_TO%\overit

C:\OVERIT\geocall61\SCMIta-11.0\overit>svn update
Updating '.':
Alla revisione 367886.

C:\OVERIT\geocall61\SCMIta-11.0\overit>svn_merge_branch.cmd

C:\OVERIT\geocall61\SCMIta-11.0\overit>svn merge -r 367524:367886 http://svn.overit.it/repositories/geocall/SCMIta/branches/10.50/src/overit
--- Fusione di r367525 attraverso r367886 in '.':
U    geocallapp\scmita\fibraottica\report\spotfire\ReportSpotfire.xml
 G   .
--- Recording mergeinfo for merge of r367525 through r367886 into '.':
 G   .

C:\OVERIT\geocall61\SCMIta-11.0\overit>svn_commit.cmd

C:\OVERIT\geocall61\SCMIta-11.0\overit>svn commit -m "riportate modifiche dal branch 10.50 da rev 367524 a 367886 sul 11.0"
Trasmetto      .
Trasmetto      geocallapp\scmita\fibraottica\report\spotfire\ReportSpotfire.xml
Trasmissione dati .
Committed revision 367887.

** 2019/05/08
set PROJECT_NAME=SCMIta
set BRANCH_FROM=10.50
set BRANCH_TO=11.0
set REV_FROM=366868
set REV_TO=367524
set COMMENT="riportate modifiche dal branch %BRANCH_FROM% da rev %REV_FROM% a %REV_TO% sul %BRANCH_TO%"
cd ..\..\%PROJECT_NAME%-%BRANCH_TO%\overit
svn update
svn_merge_branch.cmd
svn_commit.cmd

C:\OVERIT\geocall61\SCMIta-10.50\overit> set PROJECT_NAME=SCMIta

C:\OVERIT\geocall61\SCMIta-10.50\overit>set BRANCH_FROM=10.50

C:\OVERIT\geocall61\SCMIta-10.50\overit>set BRANCH_TO=11.0

C:\OVERIT\geocall61\SCMIta-10.50\overit>set REV_FROM=366868

C:\OVERIT\geocall61\SCMIta-10.50\overit>set REV_TO=367524

C:\OVERIT\geocall61\SCMIta-10.50\overit>set COMMENT="riportate modifiche dal branch %BRANCH_FROM% da rev %REV_FROM% a %REV_TO% sul %BRANCH_TO%"

C:\OVERIT\geocall61\SCMIta-10.50\overit>cd ..\..\%PROJECT_NAME%-%BRANCH_TO%\overit

C:\OVERIT\geocall61\SCMIta-11.0\overit>svn update
Updating '.':
U    geocallapp\scmita\io697\reportcl\ReportConteggiCL.xml
U    geocallapp\scmita\io697\reportco\ReportConteggiCO.xml
Aggiornato alla revisione 367524.

C:\OVERIT\geocall61\SCMIta-11.0\overit>svn_merge_branch.cmd

C:\OVERIT\geocall61\SCMIta-11.0\overit>svn merge -r 366868:367524 http://svn.overit.it/repositories/geocall/SCMIta/branches/10.50/src/overit
--- Fusione di r366869 attraverso r367524 in '.':
A    geocallapp\scmita\cxf\spotfirescambiofile\cmd
U    geocallapp\scmita\cxf\spotfirescambiofile\ScambioFile.wsdl
U    geocallapp\scmita\cxf\spotfirescambiofile\ScambioFileSOAPImpl.java
U    geocallapp\scmita\cxf\spotfirescambiofile\ScambioFile_ScambioFileSOAP_Client.java
U    geocallapp\scmita\cxf\spotfirescambiofile\ScambioFile_ScambioFileSOAP_Server.java
A    geocallapp\scmita\cxf\spotfirescambiofile\cmd\compile.txt
U    geocallapp\scmita\fibraottica\anagrafiche\attocontrollofovf\AttiControlloFoVF.java
U    geocallapp\scmita\fibraottica\anagrafiche\attocontrollofovf\DAAttiControlloFoVF.java
U    geocallapp\scmita\fibraottica\anagrafiche\incarichivf\IncarichiVF.java
 G   .
--- Recording mergeinfo for merge of r366869 through r367524 into '.':
 G   .

C:\OVERIT\geocall61\SCMIta-11.0\overit>svn_commit.cmd

C:\OVERIT\geocall61\SCMIta-11.0\overit>svn commit -m "riportate modifiche dal branch 10.50 da rev 366868 a 367524 sul 11.0"
Trasmetto      .
Trasmetto      geocallapp\scmita\cxf\spotfirescambiofile\ScambioFile.wsdl
Trasmetto      geocallapp\scmita\cxf\spotfirescambiofile\ScambioFileSOAPImpl.java
Trasmetto      geocallapp\scmita\cxf\spotfirescambiofile\ScambioFile_ScambioFileSOAP_Client.java
Trasmetto      geocallapp\scmita\cxf\spotfirescambiofile\ScambioFile_ScambioFileSOAP_Server.java
Aggiungo       geocallapp\scmita\cxf\spotfirescambiofile\cmd
Trasmetto      geocallapp\scmita\fibraottica\anagrafiche\attocontrollofovf\AttiControlloFoVF.java
Trasmetto      geocallapp\scmita\fibraottica\anagrafiche\attocontrollofovf\DAAttiControlloFoVF.java
Trasmetto      geocallapp\scmita\fibraottica\anagrafiche\incarichivf\IncarichiVF.java
Trasmissione dati .......
Committed revision 367525.

** 2019/05/03
set PROJECT_NAME=SCMIta
set BRANCH_FROM=10.50
set BRANCH_TO=11.0
set REV_FROM=366045
set REV_TO=366868
set COMMENT="riportate modifiche dal branch %BRANCH_FROM% da rev %REV_FROM% a %REV_TO% sul %BRANCH_TO%"
cd ..\..\%PROJECT_NAME%-%BRANCH_TO%\overit
svn update
svn_merge_branch.cmd
svn_commit.cmd

C:\OVERIT\geocall61\SCMIta-10.50\overit>set PROJECT_NAME=SCMIta

C:\OVERIT\geocall61\SCMIta-10.50\overit>set BRANCH_FROM=10.50

C:\OVERIT\geocall61\SCMIta-10.50\overit>set BRANCH_TO=11.0

C:\OVERIT\geocall61\SCMIta-10.50\overit>set REV_FROM=366045

C:\OVERIT\geocall61\SCMIta-10.50\overit>set REV_TO=366868

C:\OVERIT\geocall61\SCMIta-10.50\overit>set COMMENT="riportate modifiche dal branch %BRANCH_FROM% da rev %REV_FROM% a %REV_TO% sul %BRANCH_TO%"

C:\OVERIT\geocall61\SCMIta-10.50\overit>cd ..\..\%PROJECT_NAME%-%BRANCH_TO%\overit

C:\OVERIT\geocall61\SCMIta-11.0\overit>svn update
Updating '.':
A    geocallapp\scmita\io697\reportcl
U    geocallapp\scmita\functions.xml
U    geocallapp\scmita\anagrafiche\contratti\DAAContrattiTestate.java
A    geocallapp\scmita\io697\reportcl\DATExportReportConteggiCL.java
A    geocallapp\scmita\io697\reportcl\ReportConteggiCL.java
A    geocallapp\scmita\io697\reportcl\ReportConteggiCL.xml
A    geocallapp\scmita\io697\reportcl\XlsExportReportConteggiCL.xml
U    geocallapp\scmita\io697\reportco\ReportConteggiCO.xml
U    geocallapp\scmita\io697\reportco\XlsExportReportConteggiCO.xml
U    geocallapp\scmita\menu.xml
Aggiornato alla revisione 366870.

C:\OVERIT\geocall61\SCMIta-11.0\overit>svn_merge_branch.cmd

C:\OVERIT\geocall61\SCMIta-11.0\overit>svn merge -r 366045:366868 http://svn.overit.it/repositories/geocall/SCMIta/branches/10.50/src/overit
--- Fusione di r366046 attraverso r366868 in '.':
U    geocallapp\scmita\fibraottica\anagrafiche\attocontrollofovf\AttiControlloFoVF.xml
U    geocallapp\scmita\fibraottica\cruscottofovf\CruscottoFoVfOte.xml
 G   .
--- Recording mergeinfo for merge of r366046 through r366868 into '.':
 G   .

C:\OVERIT\geocall61\SCMIta-11.0\overit>svn_commit.cmd

C:\OVERIT\geocall61\SCMIta-11.0\overit>svn commit -m "riportate modifiche dal branch 10.50 da rev 366045 a 366868 sul 11.0"
Trasmetto      .
Trasmetto      geocallapp\scmita\fibraottica\anagrafiche\attocontrollofovf\AttiControlloFoVF.xml
Trasmetto      geocallapp\scmita\fibraottica\cruscottofovf\CruscottoFoVfOte.xml
Trasmissione dati ..
Committed revision 366871.

** 2019/04/24
set PROJECT_NAME=SCMIta
set BRANCH_FROM=10.50
set BRANCH_TO=11.0
set REV_FROM=365893
set REV_TO=366045
set COMMENT="riportate modifiche dal branch %BRANCH_FROM% da rev %REV_FROM% a %REV_TO% sul %BRANCH_TO%"
cd ..\..\%PROJECT_NAME%-%BRANCH_TO%\overit
svn update
svn_merge_branch.cmd
svn_commit.cmd

C:\OVERIT\geocall61\SCMIta-10.50\overit> set PROJECT_NAME=SCMIta

C:\OVERIT\geocall61\SCMIta-10.50\overit>set BRANCH_FROM=10.50

C:\OVERIT\geocall61\SCMIta-10.50\overit>set BRANCH_TO=11.0

C:\OVERIT\geocall61\SCMIta-10.50\overit>set REV_FROM=365893

C:\OVERIT\geocall61\SCMIta-10.50\overit>set REV_TO=366045

C:\OVERIT\geocall61\SCMIta-10.50\overit>set COMMENT="riportate modifiche dal branch %BRANCH_FROM% da rev %REV_FROM% a %REV_TO% sul %BRANCH_TO%"

C:\OVERIT\geocall61\SCMIta-10.50\overit>cd ..\..\%PROJECT_NAME%-%BRANCH_TO%\overit

C:\OVERIT\geocall61\SCMIta-11.0\overit>svn update
Updating '.':
U    geocallapp\scmita\io697\reportco\DATExportReportConteggiCO.java
U    geocallapp\scmita\io697\reportco\ReportConteggiCO.java
U    geocallapp\scmita\io697\reportco\ReportConteggiCO.xml
Aggiornato alla revisione 366045.

C:\OVERIT\geocall61\SCMIta-11.0\overit>svn_merge_branch.cmd

C:\OVERIT\geocall61\SCMIta-11.0\overit>svn merge -r 365893:366045 http://svn.overit.it/repositories/geocall/SCMIta/branches/10.50/src/overit
--- Fusione di r365894 attraverso r366045 in '.':
U    geocallapp\scmita\anagrafichegestioneambientale\ui\CGestioneAmbientale.java
U    geocallapp\scmita\fibraottica\anagrafiche\incarichivf\IncarichiVF.java
U    geocallapp\scmita\fibraottica\anagrafiche\incarichivf\PEditIncaricoVF.java
U    geocallapp\scmita\fibraottica\anagrafiche\incarichivf\PEditIncaricoVF.xml
U    geocallapp\scmita\functions.xml
 G   .
--- Recording mergeinfo for merge of r365894 through r366045 into '.':
 G   .

C:\OVERIT\geocall61\SCMIta-11.0\overit>svn_commit.cmd

C:\OVERIT\geocall61\SCMIta-11.0\overit>svn commit -m "riportate modifiche dal branch 10.50 da rev 365893 a 366045 sul 11.0"
Trasmetto      .
Trasmetto      geocallapp\scmita\anagrafichegestioneambientale\ui\CGestioneAmbientale.java
Trasmetto      geocallapp\scmita\fibraottica\anagrafiche\incarichivf\IncarichiVF.java
Trasmetto      geocallapp\scmita\fibraottica\anagrafiche\incarichivf\PEditIncaricoVF.java
Trasmetto      geocallapp\scmita\fibraottica\anagrafiche\incarichivf\PEditIncaricoVF.xml
Trasmetto      geocallapp\scmita\functions.xml
Trasmissione dati .....
Committed revision 366046.

** 2019/04/23
set PROJECT_NAME=SCMIta
set BRANCH_FROM=10.50
set BRANCH_TO=11.0
set REV_FROM=364981
set REV_TO=365893
set COMMENT="riportate modifiche dal branch %BRANCH_FROM% da rev %REV_FROM% a %REV_TO% sul %BRANCH_TO%"
cd ..\..\%PROJECT_NAME%-%BRANCH_TO%\overit
svn update
svn_merge_branch.cmd
svn_commit.cmd

C:\OVERIT\geocall61\SCMIta-10.50\overit> set PROJECT_NAME=SCMIta

C:\OVERIT\geocall61\SCMIta-10.50\overit>set BRANCH_FROM=10.50

C:\OVERIT\geocall61\SCMIta-10.50\overit>set BRANCH_TO=11.0

C:\OVERIT\geocall61\SCMIta-10.50\overit>set REV_FROM=364981

C:\OVERIT\geocall61\SCMIta-10.50\overit>set REV_TO=365893

C:\OVERIT\geocall61\SCMIta-10.50\overit>set COMMENT="riportate modifiche dal branch %BRANCH_FROM% da rev %REV_FROM% a %REV_TO% sul %BRANCH_TO%"

C:\OVERIT\geocall61\SCMIta-10.50\overit>cd ..\..\%PROJECT_NAME%-%BRANCH_TO%\overit

C:\OVERIT\geocall61\SCMIta-11.0\overit>svn update
Updating '.':
A    geocallapp\scmita\io697
A    geocallapp\scmita\io697\reportco
A    geocallapp\scmita\io697\reportcqi
A    geocallapp\scmita\io697\reportcqi\XlsExportReportCQI.xml
D    geocallapp\scmita\cruscottoco\io697
U    geocallapp\scmita\anagrafiche\contratti\DAAContrattiTestate.java
A    geocallapp\scmita\install\scripts\11.0.19041700.sql
A    geocallapp\scmita\install\scripts\11.0.19041601.sql
A    geocallapp\scmita\install\scripts\11.0.19041600.sql
U    geocallapp\scmita\functions.xml
A    geocallapp\scmita\io697\DARCQIContrattoImpresa.java
A    geocallapp\scmita\io697\reportco\DATExportReportConteggiCO.java
A    geocallapp\scmita\io697\reportco\ReportConteggiCO.java
A    geocallapp\scmita\io697\reportco\ReportConteggiCO.xml
A    geocallapp\scmita\io697\reportco\XlsExportReportConteggiCO.xml
A    geocallapp\scmita\io697\reportcqi\ReportCQI.xml
A    geocallapp\scmita\io697\reportcqi\DATExportReportCQI.java
A    geocallapp\scmita\io697\reportcqi\ReportCQI.java
A    geocallapp\scmita\io697\Cqi.java
A    geocallapp\scmita\io697\DASCQIContrattoImpresa.java
A    geocallapp\scmita\io697\DASCQIParametriTipoScheda.java
A    geocallapp\scmita\io697\DASCQITipoScheda.java
A    geocallapp\scmita\io697\DATCalcoloCQI.java
A    geocallapp\scmita\io697\DATCalcoloCQIContratto.java
A    geocallapp\scmita\io697\DATCalcoloMassivoRaggCQIImpresa.java
A    geocallapp\scmita\io697\DATCalcoloPeriodicoCQI.java
A    geocallapp\scmita\io697\DATLoadCQI.java
A    geocallapp\scmita\io697\DATSaveCQI.java
U    geocallapp\scmita\menu.xml
U    geocallapp\scmita\amministrazione\traggruppamenticqi\TRaggruppamentiCQI.java
U    geocallapp\scmita\cxf\scmgetaps\wrapper\DATSCMGetAPS.java
U    geocallapp\scmita\scmita_coll.xml
U    geocallapp\scmita\scmita_prep.xml
U    geocallapp\scmita\scmita_prod.xml
U    geocallapp\scmita\scmita_svil.xml
Aggiornato alla revisione 365893.

C:\OVERIT\geocall61\SCMIta-11.0\overit>svn_merge_branch.cmd

C:\OVERIT\geocall61\SCMIta-11.0\overit>svn merge -r 364981:365893 http://svn.overit.it/repositories/geocall/SCMIta/branches/10.50/src/overit
--- Fusione di r364982 attraverso r365893 in '.':
U    geocallapp\scmita\anagrafiche\materialiconsuntivati\DAAMaterialiConsuntivati.java
U    geocallapp\scmita\anagrafichegestioneambientale\autorizzazionianga\da\DAAutoMezzi.java
U    geocallapp\scmita\cxf\scma2a\wrapper\DATSetBarcode.java
U    geocallapp\scmita\fibraottica\anagrafiche\incarichivf\DAIncaricoVF.java
 G   .
--- Recording mergeinfo for merge of r364982 through r365893 into '.':
 G   .

C:\OVERIT\geocall61\SCMIta-11.0\overit>svn_commit.cmd

C:\OVERIT\geocall61\SCMIta-11.0\overit>svn commit -m "riportate modifiche dal branch 10.50 da rev 364981 a 365893 sul 11.0"
Trasmetto      .
Trasmetto      geocallapp\scmita\anagrafiche\materialiconsuntivati\DAAMaterialiConsuntivati.java
Trasmetto      geocallapp\scmita\anagrafichegestioneambientale\autorizzazionianga\da\DAAutoMezzi.java
Trasmetto      geocallapp\scmita\cxf\scma2a\wrapper\DATSetBarcode.java
Trasmetto      geocallapp\scmita\fibraottica\anagrafiche\incarichivf\DAIncaricoVF.java
Trasmissione dati ....
Committed revision 365894.

** 2019/04/16
set PROJECT_NAME=SCMIta
set BRANCH_FROM=10.50
set BRANCH_TO=11.0
set REV_FROM=364404
set REV_TO=364981
set COMMENT="riportate modifiche dal branch %BRANCH_FROM% da rev %REV_FROM% a %REV_TO% sul %BRANCH_TO%"
cd ..\..\%PROJECT_NAME%-%BRANCH_TO%\overit
svn update
svn_merge_branch.cmd
svn_commit.cmd

C:\OVERIT\geocall61\SCMIta-10.50\overit>set PROJECT_NAME=SCMIta

C:\OVERIT\geocall61\SCMIta-10.50\overit>set BRANCH_FROM=10.50

C:\OVERIT\geocall61\SCMIta-10.50\overit>set BRANCH_TO=11.0

C:\OVERIT\geocall61\SCMIta-10.50\overit>set REV_FROM=364404

C:\OVERIT\geocall61\SCMIta-10.50\overit>set REV_TO=364981

C:\OVERIT\geocall61\SCMIta-10.50\overit>set COMMENT="riportate modifiche dal branch %BRANCH_FROM% da rev %REV_FROM% a %REV_TO% sul %BRANCH_TO%"

C:\OVERIT\geocall61\SCMIta-10.50\overit>cd ..\..\%PROJECT_NAME%-%BRANCH_TO%\overit

C:\OVERIT\geocall61\SCMIta-11.0\overit>svn update
Updating '.':
Alla revisione 364981.

C:\OVERIT\geocall61\SCMIta-11.0\overit>svn_merge_branch.cmd

C:\OVERIT\geocall61\SCMIta-11.0\overit>svn merge -r 364404:364981 http://svn.overit.it/repositories/geocall/SCMIta/branches/10.50/src/overit
--- Fusione di r364405 attraverso r364981 in '.':
U    geocallapp\scmita\anagrafiche\comunicazioni\DATSalvaComunicazione.java
U    geocallapp\scmita\fibraottica\anagrafiche\attocontrollofoco\CompilaSchedaAttoFoCo.java
U    geocallapp\scmita\fibraottica\anagrafiche\attocontrollofovf\AttiControlloFoVF.xml
U    geocallapp\scmita\fibraottica\anagrafiche\attocontrollofovf\DAAttiControlloFoVF.java
U    geocallapp\scmita\fibraottica\anagrafiche\attocontrollofovf\PFiltriRicercaAttiFoVF.xml
U    geocallapp\scmita\fibraottica\anagrafiche\incarichivf\DAIncaricoVF.java
U    geocallapp\scmita\fibraottica\anagrafiche\incarichivf\PFiltriIncarichiVF.xml
 G   .
--- Recording mergeinfo for merge of r364405 through r364981 into '.':
 G   .

C:\OVERIT\geocall61\SCMIta-11.0\overit>svn_commit.cmd

C:\OVERIT\geocall61\SCMIta-11.0\overit>svn commit -m "riportate modifiche dal branch 10.50 da rev 364404 a 364981 sul 11.0"
Trasmetto      .
Trasmetto      geocallapp\scmita\anagrafiche\comunicazioni\DATSalvaComunicazione.java
Trasmetto      geocallapp\scmita\fibraottica\anagrafiche\attocontrollofoco\CompilaSchedaAttoFoCo.java
Trasmetto      geocallapp\scmita\fibraottica\anagrafiche\attocontrollofovf\AttiControlloFoVF.xml
Trasmetto      geocallapp\scmita\fibraottica\anagrafiche\attocontrollofovf\DAAttiControlloFoVF.java
Trasmetto      geocallapp\scmita\fibraottica\anagrafiche\attocontrollofovf\PFiltriRicercaAttiFoVF.xml
Trasmetto      geocallapp\scmita\fibraottica\anagrafiche\incarichivf\DAIncaricoVF.java
Trasmetto      geocallapp\scmita\fibraottica\anagrafiche\incarichivf\PFiltriIncarichiVF.xml
Trasmissione dati .......
Committed revision 364982.

** 2019/04/12
set PROJECT_NAME=SCMIta
set BRANCH_FROM=10.50
set BRANCH_TO=11.0
set REV_FROM=364100
set REV_TO=364404
set COMMENT="riportate modifiche dal branch %BRANCH_FROM% da rev %REV_FROM% a %REV_TO% sul %BRANCH_TO%"
cd ..\..\%PROJECT_NAME%-%BRANCH_TO%\overit
svn update
svn_merge_branch.cmd
svn_commit.cmd

c:\OVERIT\geocall61\SCMIta-10.50\overit> set PROJECT_NAME=SCMIta

c:\OVERIT\geocall61\SCMIta-10.50\overit>set BRANCH_FROM=10.50

c:\OVERIT\geocall61\SCMIta-10.50\overit>set BRANCH_TO=11.0

c:\OVERIT\geocall61\SCMIta-10.50\overit>set REV_FROM=364100

c:\OVERIT\geocall61\SCMIta-10.50\overit>set REV_TO=364404

c:\OVERIT\geocall61\SCMIta-10.50\overit>set COMMENT="riportate modifiche dal branch %BRANCH_FROM% da rev %REV_FROM% a %REV_TO% sul %BRANCH_TO%"

c:\OVERIT\geocall61\SCMIta-10.50\overit>cd ..\..\%PROJECT_NAME%-%BRANCH_TO%\overit

c:\OVERIT\geocall61\SCMIta-11.0\overit>svn update
Updating '.':
U    geocallapp\scmita\amministrazione\aparametrischeda\DAAParametriScheda.java
U    geocallapp\scmita\amministrazione\aschedetestate\DAASchedeTestate.java
U    geocallapp\scmita\anagrafiche\atticontrollo\CompilaSchedaAtto.java
A    geocallapp\scmita\anagrafiche\atticontrollocl\CompilaSchedaAttoCL.java
A    geocallapp\scmita\anagrafiche\atticontrollocl\CompilaSchedaAttoCL.xml
A    geocallapp\scmita\anagrafiche\atticontrollocl\CompilaSchedaAttoCL.xsl
U    geocallapp\scmita\cruscottoco\io697\DATCalcoloCQI.java
U    geocallapp\scmita\cruscottoco\io697\reportcqi\ReportCQI.java
U    geocallapp\scmita\cruscottoco\io697\reportcqi\ReportCQI.xml
U    geocallapp\scmita\functions.xml
U    geocallapp\scmita\menu.xml
U    geocallapp\scmita\cxf\scmgetlclgu\lclgu\DATImportLclGU.java
Aggiornato alla revisione 364404.

c:\OVERIT\geocall61\SCMIta-11.0\overit>svn_merge_branch.cmd

c:\OVERIT\geocall61\SCMIta-11.0\overit>svn merge -r 364100:364404 http://svn.overit.it/repositories/geocall/SCMIta/branches/10.50/src/overit
--- Fusione di r364101 attraverso r364404 in '.':
U    geocallapp\scmita\amministrazione\aschederisposte\PanelDatiAggSchedeRisposte.xml
A    geocallapp\scmita\install\scripts\10.11.19041200.sql
 G   .
--- Recording mergeinfo for merge of r364101 through r364404 into '.':
 G   .

c:\OVERIT\geocall61\SCMIta-11.0\overit>svn_commit.cmd

c:\OVERIT\geocall61\SCMIta-11.0\overit>svn commit -m "riportate modifiche dal branch 10.50 da rev 364100 a 364404 sul 11.0"
Trasmetto      .
Trasmetto      geocallapp\scmita\amministrazione\aschederisposte\PanelDatiAggSchedeRisposte.xml
Aggiungo       geocallapp\scmita\install\scripts\10.11.19041200.sql
Trasmissione dati .
Committed revision 364405.

** 2019/04/11
set PROJECT_NAME=SCMIta
set BRANCH_FROM=10.50
set BRANCH_TO=11.0
set REV_FROM=363863
set REV_TO=364100
set COMMENT="riportate modifiche dal branch %BRANCH_FROM% da rev %REV_FROM% a %REV_TO% sul %BRANCH_TO%"
cd ..\..\%PROJECT_NAME%-%BRANCH_TO%\overit
svn update
svn_merge_branch.cmd
svn_commit.cmd

c:\OVERIT\geocall61\SCMIta-10.50\overit> set PROJECT_NAME=SCMIta

c:\OVERIT\geocall61\SCMIta-10.50\overit>set BRANCH_FROM=10.50

c:\OVERIT\geocall61\SCMIta-10.50\overit>set BRANCH_TO=11.0

c:\OVERIT\geocall61\SCMIta-10.50\overit>set REV_FROM=363863

c:\OVERIT\geocall61\SCMIta-10.50\overit>set REV_TO=364100

c:\OVERIT\geocall61\SCMIta-10.50\overit>set COMMENT="riportate modifiche dal branch %BRANCH_FROM% da rev %REV_FROM% a %REV_TO% sul %BRANCH_TO%"

c:\OVERIT\geocall61\SCMIta-10.50\overit>cd ..\..\%PROJECT_NAME%-%BRANCH_TO%\overit

c:\OVERIT\geocall61\SCMIta-11.0\overit>svn update
Updating '.':
U    geocallapp\scmita\cruscottoco\io697\DATCalcoloCQI.java
U    geocallapp\scmita\cruscottoco\io697\DATCalcoloMassivoRaggCQIImpresa.java
U    geocallapp\scmita\anagrafiche\atticontrollo\DAAAttiControllo.java
U    geocallapp\scmita\amministrazione\rraggcquiimpresa\DARRaggCQIImpresa.java
U    geocallapp\scmita\amministrazione\traggruppamenticqi\TRaggruppamentiCQI.java
A    geocallapp\scmita\amministrazione\traggparametrischeda\TRaggParametriScheda.java
U    geocallapp\scmita\amministrazione\traggparametrischeda\TRaggParametriScheda.xml
U    geocallapp\scmita\cxf\scmgetaps\wrapper\DATSCMGetAPS.java
Aggiornato alla revisione 364100.

c:\OVERIT\geocall61\SCMIta-11.0\overit>svn_merge_branch.cmd

c:\OVERIT\geocall61\SCMIta-11.0\overit>svn merge -r 363863:364100 http://svn.overit.it/repositories/geocall/SCMIta/branches/10.50/src/overit
--- Fusione di r363864 attraverso r364100 in '.':
 G   .
--- Recording mergeinfo for merge of r363864 through r364100 into '.':
 G   .

c:\OVERIT\geocall61\SCMIta-11.0\overit>svn_commit.cmd

c:\OVERIT\geocall61\SCMIta-11.0\overit>svn commit -m "riportate modifiche dal branch 10.50 da rev 363863 a 364100 sul 11.0"
Trasmetto      .

Committed revision 364101.

** 2019/04/10
set PROJECT_NAME=SCMIta
set BRANCH_FROM=10.50
set BRANCH_TO=11.0
set REV_FROM=363660
set REV_TO=363863
set COMMENT="riportate modifiche dal branch %BRANCH_FROM% da rev %REV_FROM% a %REV_TO% sul %BRANCH_TO%"
cd ..\..\%PROJECT_NAME%-%BRANCH_TO%\overit
svn update
svn_merge_branch.cmd
svn_commit.cmd

c:\OVERIT\geocall61\SCMIta-10.50\overit> set PROJECT_NAME=SCMIta

c:\OVERIT\geocall61\SCMIta-10.50\overit>set BRANCH_FROM=10.50

c:\OVERIT\geocall61\SCMIta-10.50\overit>set BRANCH_TO=11.0

c:\OVERIT\geocall61\SCMIta-10.50\overit>set REV_FROM=363660

c:\OVERIT\geocall61\SCMIta-10.50\overit>set REV_TO=363863

c:\OVERIT\geocall61\SCMIta-10.50\overit>set COMMENT="riportate modifiche dal branch %BRANCH_FROM% da rev %REV_FROM% a %REV_TO% sul %BRANCH_TO%"

c:\OVERIT\geocall61\SCMIta-10.50\overit>cd ..\..\%PROJECT_NAME%-%BRANCH_TO%\overit

c:\OVERIT\geocall61\SCMIta-11.0\overit>svn update
Updating '.':
A    geocallapp\scmita\amministrazione\tmacrotipiimpianto
A    geocallapp\scmita\amministrazione\ttipiimpianto
A    geocallapp\scmita\cruscottoco\io697\reportcqi
U    geocallapp\scmita\menu.xml
A    geocallapp\scmita\amministrazione\tmacrotipiimpianto\AssociaTipiImpianto.java
A    geocallapp\scmita\amministrazione\tmacrotipiimpianto\AssociaTipiImpianto.xml
A    geocallapp\scmita\amministrazione\tmacrotipiimpianto\DAMacroTipiImpianto.java
A    geocallapp\scmita\amministrazione\tmacrotipiimpianto\TMacroTipiImpianto.java
A    geocallapp\scmita\amministrazione\tmacrotipiimpianto\TMacroTipiImpianto.xml
A    geocallapp\scmita\amministrazione\ttipiimpianto\DATTipiImpianto.java
A    geocallapp\scmita\amministrazione\ttipiimpianto\DATipiImpianto.java
A    geocallapp\scmita\amministrazione\ttipiimpianto\TTipiImpianto.java
A    geocallapp\scmita\amministrazione\ttipiimpianto\TTipiImpianto.xml
U    geocallapp\scmita\cxf\scmgetlcl\wrapper\DATSCMGetLcl.java
A    geocallapp\scmita\global\TMacroTipiImpianto.xml
A    geocallapp\scmita\global\TTipiImpianto.xml
A    geocallapp\scmita\cruscottoco\io697\reportcqi\ReportCQI.xml
A    geocallapp\scmita\cruscottoco\io697\reportcqi\DATExportReportCQI.java
A    geocallapp\scmita\cruscottoco\io697\reportcqi\ReportCQI.java
A    geocallapp\scmita\cruscottoco\io697\reportcqi\XlsExportReportCQI.xml
U    geocallapp\scmita\cruscottoco\io697\DASCQIContrattoImpresa.java
U    geocallapp\scmita\cruscottoco\io697\DASCQIParametriTipoScheda.java
U    geocallapp\scmita\cruscottoco\io697\DASCQITipoScheda.java
U    geocallapp\scmita\cruscottoco\io697\Cqi.java
U    geocallapp\scmita\cruscottoco\io697\DATCalcoloCQI.java
U    geocallapp\scmita\cruscottoco\io697\DATCalcoloCQIContratto.java
U    geocallapp\scmita\cruscottoco\io697\DATCalcoloPeriodicoCQI.java
A    geocallapp\scmita\install\scripts\11.0.19041000.sql
A    geocallapp\scmita\install\scripts\11.0.19040900.sql
U    geocallapp\scmita\anagrafiche\atticontrollo\DAAAttiControllo.java
Aggiornato alla revisione 363864.

c:\OVERIT\geocall61\SCMIta-11.0\overit>svn_merge_branch.cmd

c:\OVERIT\geocall61\SCMIta-11.0\overit>svn merge -r 363660:363863 http://svn.overit.it/repositories/geocall/SCMIta/branches/10.50/src/overit
--- Fusione di r363661 attraverso r363863 in '.':
 G   .
--- Recording mergeinfo for merge of r363661 through r363863 into '.':
 G   .

c:\OVERIT\geocall61\SCMIta-11.0\overit>svn_commit.cmd

c:\OVERIT\geocall61\SCMIta-11.0\overit>svn commit -m "riportate modifiche dal branch 10.50 da rev 363660 a 363863 sul 11.0"
Trasmetto      .

Committed revision 363865.

** 2019/04/09
set PROJECT_NAME=SCMIta
set BRANCH_FROM=10.50
set BRANCH_TO=11.0
set REV_FROM=363100
set REV_TO=363660
set COMMENT="riportate modifiche dal branch %BRANCH_FROM% da rev %REV_FROM% a %REV_TO% sul %BRANCH_TO%"
cd ..\..\%PROJECT_NAME%-%BRANCH_TO%\overit
svn update
svn_merge_branch.cmd
svn_commit.cmd

c:\OVERIT\geocall61\SCMIta-10.50\overit>set PROJECT_NAME=SCMIta

c:\OVERIT\geocall61\SCMIta-10.50\overit>set BRANCH_FROM=10.50

c:\OVERIT\geocall61\SCMIta-10.50\overit>set BRANCH_TO=11.0

c:\OVERIT\geocall61\SCMIta-10.50\overit>set REV_FROM=363100

c:\OVERIT\geocall61\SCMIta-10.50\overit>set REV_TO=363660

c:\OVERIT\geocall61\SCMIta-10.50\overit>set COMMENT="riportate modifiche dal branch %BRANCH_FROM% da rev %REV_FROM% a %REV_TO% sul %BRANCH_TO%"

c:\OVERIT\geocall61\SCMIta-10.50\overit>cd ..\..\%PROJECT_NAME%-%BRANCH_TO%\overit

c:\OVERIT\geocall61\SCMIta-11.0\overit>svn update
Updating '.':
A    geocallapp\scmita\amministrazione\rraggcquiimpresa
A    geocallapp\scmita\install\scripts\11.0.19040800.sql
A    geocallapp\scmita\install\scripts\11.0.19040500.sql
A    geocallapp\scmita\install\scripts\11.0.19040501.sql
U    geocallapp\scmita\amministrazione\adatifissi\ADatiFissi.xsl
A    geocallapp\scmita\amministrazione\rraggcquiimpresa\DARRaggCQIImpresa.java
U    geocallapp\scmita\anagrafiche\atticontrollo\DAAAttiControllo.java
U    geocallapp\scmita\anagrafiche\atticontrollocl\DAAAttiControlloCL.java
U    geocallapp\scmita\cruscottoco\io697\DARCQIContrattoImpresa.java
U    geocallapp\scmita\cruscottoco\io697\DATCalcoloCQI.java
U    geocallapp\scmita\cruscottoco\io697\DATCalcoloCQIContratto.java
U    geocallapp\scmita\cruscottoco\io697\DATCalcoloPeriodicoCQI.java
U    geocallapp\scmita\cruscottoco\io697\DATLoadCQI.java
U    geocallapp\scmita\cruscottoco\io697\DATSaveCQI.java
A    geocallapp\scmita\cruscottoco\io697\DATCalcoloMassivoRaggCQIImpresa.java
U    geocallapp\scmita\scmita_coll.xml
U    geocallapp\scmita\scmita_prep.xml
U    geocallapp\scmita\scmita_prod.xml
U    geocallapp\scmita\scmita_svil.xml
Aggiornato alla revisione 363662.

c:\OVERIT\geocall61\SCMIta-11.0\overit>svn_merge_branch.cmd

c:\OVERIT\geocall61\SCMIta-11.0\overit>svn merge -r 363100:363660 http://svn.overit.it/repositories/geocall/SCMIta/branches/10.50/src/overit
--- Fusione di r363101 attraverso r363660 in '.':
A    geocallapp\scmita\amministrazione\aravicadipendenti
U    geocallapp\scmita\amministrazione\aravica\CompilaSchedaRavicaVS.java
A    geocallapp\scmita\amministrazione\aravicadipendenti\DAARavicaDipendenti.java
U    geocallapp\scmita\amministrazione\aschedetestate\DAASchedeTestate.java
U    geocallapp\scmita\cxf\scmrichiestefo\wrapper\SottoPosizione.xml
A    geocallapp\scmita\global\LClassificazioneSchedeReportMaster.xml
U    geocallapp\scmita\menu.xml
U    geocallapp\scmita\visitesorveglianza\report\reportconteggiterritorio\ReportConteggiTerritorio.xml
U    geocallapp\scmita\visitesorveglianza\report\reportconteggiterritorio\XlsLivello1.xml
U    geocallapp\scmita\visitesorveglianza\report\reportconteggiterritorio\XlsLivello2.xml
U    geocallapp\scmita\visitesorveglianza\report\reportconteggiterritorio\XlsLivello3.xml
U    geocallapp\scmita\visitesorveglianza\report\reportmaster\DATReportMaster.java
U    geocallapp\scmita\visitesorveglianza\report\reportmaster\FineReportMaster.xml
U    geocallapp\scmita\visitesorveglianza\report\reportmaster\InizioReportMaster.xml
U    geocallapp\scmita\visitesorveglianza\report\reportmaster\ReportMaster.xml
 G   .
--- Recording mergeinfo for merge of r363101 through r363660 into '.':
 G   .

c:\OVERIT\geocall61\SCMIta-11.0\overit>svn_commit.cmd

c:\OVERIT\geocall61\SCMIta-11.0\overit>svn commit -m "riportate modifiche dal branch 10.50 da rev 363100 a 363660 sul 11.0"
Trasmetto      .
Trasmetto      geocallapp\scmita\amministrazione\aravica\CompilaSchedaRavicaVS.java
Aggiungo       geocallapp\scmita\amministrazione\aravicadipendenti
Trasmetto      geocallapp\scmita\amministrazione\aschedetestate\DAASchedeTestate.java
Trasmetto      geocallapp\scmita\cxf\scmrichiestefo\wrapper\SottoPosizione.xml
Aggiungo       geocallapp\scmita\global\LClassificazioneSchedeReportMaster.xml
Trasmetto      geocallapp\scmita\menu.xml
Trasmetto      geocallapp\scmita\visitesorveglianza\report\reportconteggiterritorio\ReportConteggiTerritorio.xml
Trasmetto      geocallapp\scmita\visitesorveglianza\report\reportconteggiterritorio\XlsLivello1.xml
Trasmetto      geocallapp\scmita\visitesorveglianza\report\reportconteggiterritorio\XlsLivello2.xml
Trasmetto      geocallapp\scmita\visitesorveglianza\report\reportconteggiterritorio\XlsLivello3.xml
Trasmetto      geocallapp\scmita\visitesorveglianza\report\reportmaster\DATReportMaster.java
Trasmetto      geocallapp\scmita\visitesorveglianza\report\reportmaster\FineReportMaster.xml
Trasmetto      geocallapp\scmita\visitesorveglianza\report\reportmaster\InizioReportMaster.xml
Trasmetto      geocallapp\scmita\visitesorveglianza\report\reportmaster\ReportMaster.xml
Trasmissione dati ............
Committed revision 363663.

** 2019/04/05
set PROJECT_NAME=SCMIta
set BRANCH_FROM=10.50
set BRANCH_TO=11.0
set REV_FROM=362619
set REV_TO=363100
set COMMENT="riportate modifiche dal branch %BRANCH_FROM% da rev %REV_FROM% a %REV_TO% sul %BRANCH_TO%"
cd ..\..\%PROJECT_NAME%-%BRANCH_TO%\overit
svn update
svn_merge_branch.cmd
svn_commit.cmd

c:\OVERIT\geocall61\SCMIta-10.50\overit> set PROJECT_NAME=SCMIta

c:\OVERIT\geocall61\SCMIta-10.50\overit>set BRANCH_FROM=10.50

c:\OVERIT\geocall61\SCMIta-10.50\overit>set BRANCH_TO=11.0

c:\OVERIT\geocall61\SCMIta-10.50\overit>set REV_FROM=362619

c:\OVERIT\geocall61\SCMIta-10.50\overit>set REV_TO=363100

c:\OVERIT\geocall61\SCMIta-10.50\overit>set COMMENT="riportate modifiche dal branch %BRANCH_FROM% da rev %REV_FROM% a %REV_TO% sul %BRANCH_TO%"

c:\OVERIT\geocall61\SCMIta-10.50\overit>cd ..\..\%PROJECT_NAME%-%BRANCH_TO%\overit

c:\OVERIT\geocall61\SCMIta-11.0\overit>svn update
Updating '.':
A    geocallapp\scmita\amministrazione\tfascecqi
A    geocallapp\scmita\amministrazione\traggruppamenticqi
U    geocallapp\scmita\menu.xml
U    geocallapp\scmita\cxf\scmgetcontratto\wrapper\DATSCMGetContratto.java
U    geocallapp\scmita\SCMITAConst.java
A    geocallapp\scmita\amministrazione\tfascecqi\DATFasceCQI.java
A    geocallapp\scmita\amministrazione\tfascecqi\TFasceCQI.java
A    geocallapp\scmita\amministrazione\tfascecqi\TFasceCQI.xml
A    geocallapp\scmita\amministrazione\tgruppomerci\DATGruppoMerci.java
U    geocallapp\scmita\amministrazione\tpesiclasschede\TPesiClassSchede.xml
U    geocallapp\scmita\amministrazione\tpesiitemrisposta\TPesiItemRisposta.xml
A    geocallapp\scmita\amministrazione\traggruppamenticqi\DARGruppiMerciRaggCQI.java
A    geocallapp\scmita\amministrazione\traggruppamenticqi\DATRaggruppamentiCQI.java
A    geocallapp\scmita\amministrazione\traggruppamenticqi\DATSaveRaggruppamentoCQI.java
A    geocallapp\scmita\amministrazione\traggruppamenticqi\PanelSelectGruppiMerci.java
A    geocallapp\scmita\amministrazione\traggruppamenticqi\PanelSelectGruppiMerci.xml
A    geocallapp\scmita\amministrazione\traggruppamenticqi\TRaggruppamentiCQI.java
A    geocallapp\scmita\amministrazione\traggruppamenticqi\TRaggruppamentiCQI.xml
U    geocallapp\scmita\amministrazione\ttipodocumento\TTipoDocumento.xsl
A    geocallapp\scmita\global\LTipoControlloCQI.xml
A    geocallapp\scmita\global\LTipoGestioneContratto.xml
A    geocallapp\scmita\global\TFasceCQI.xml
A    geocallapp\scmita\global\TRaggruppamentiCQI.xml
A    geocallapp\scmita\ui\container\PanelSimpleTablePlus.java
U    geocallapp\scmita\ws\UtilsWS.java
Aggiornato alla revisione 363100.

c:\OVERIT\geocall61\SCMIta-11.0\overit>svn_merge_branch.cmd

c:\OVERIT\geocall61\SCMIta-11.0\overit>svn merge -r 362619:363100 http://svn.overit.it/repositories/geocall/SCMIta/branches/10.50/src/overit
--- Fusione di r362620 attraverso r363100 in '.':
U    geocallapp\scmita\cxf\gwfesitoverifiche\wrapper\DATCallEsitoVerificaFinale.java
U    geocallapp\scmita\fibraottica\anagrafiche\attocontrollofoco\PCreaAttoDaStrategia.xml
A    geocallapp\scmita\install\scripts\10.10.19040500.sql
A    geocallapp\scmita\install\scripts\10.10.19040501.sql
 G   .
--- Recording mergeinfo for merge of r362620 through r363100 into '.':
 G   .

c:\OVERIT\geocall61\SCMIta-11.0\overit>svn_commit.cmd

c:\OVERIT\geocall61\SCMIta-11.0\overit>svn commit -m "riportate modifiche dal branch 10.50 da rev 362619 a 363100 sul 11.0"
Trasmetto      .
Trasmetto      geocallapp\scmita\cxf\gwfesitoverifiche\wrapper\DATCallEsitoVerificaFinale.java
Trasmetto      geocallapp\scmita\fibraottica\anagrafiche\attocontrollofoco\PCreaAttoDaStrategia.xml
Aggiungo       geocallapp\scmita\install\scripts\10.10.19040500.sql
Aggiungo       geocallapp\scmita\install\scripts\10.10.19040501.sql
Trasmissione dati ..
Committed revision 363101.

** 2019/04/03
set PROJECT_NAME=SCMIta
set BRANCH_FROM=10.50
set BRANCH_TO=11.0
set REV_FROM=361970
set REV_TO=362619
set COMMENT="riportate modifiche dal branch %BRANCH_FROM% da rev %REV_FROM% a %REV_TO% sul %BRANCH_TO%"
cd ..\..\%PROJECT_NAME%-%BRANCH_TO%\overit
svn update
svn_merge_branch.cmd
svn_commit.cmd

c:\OVERIT\geocall61\SCMIta-10.50\overit> set PROJECT_NAME=SCMIta

c:\OVERIT\geocall61\SCMIta-10.50\overit>set BRANCH_FROM=10.50

c:\OVERIT\geocall61\SCMIta-10.50\overit>set BRANCH_TO=11.0

c:\OVERIT\geocall61\SCMIta-10.50\overit>set REV_FROM=361970

c:\OVERIT\geocall61\SCMIta-10.50\overit>set REV_TO=362619

c:\OVERIT\geocall61\SCMIta-10.50\overit>set COMMENT="riportate modifiche dal branch %BRANCH_FROM% da rev %REV_FROM% a %REV_TO% sul %BRANCH_TO%"

c:\OVERIT\geocall61\SCMIta-10.50\overit>cd ..\..\%PROJECT_NAME%-%BRANCH_TO%\overit

c:\OVERIT\geocall61\SCMIta-11.0\overit>svn update
Updating '.':
A    geocallapp\scmita\amministrazione\tpesiclasschede
A    geocallapp\scmita\amministrazione\tpesiitemrisposta
A    geocallapp\scmita\cruscottoco\io697
U    geocallapp\scmita\amministrazione\adatifissi\ADatiFissi.xsl
U    geocallapp\scmita\amministrazione\adatifissi\DatiFissi.java
A    geocallapp\scmita\amministrazione\tpesiclasschede\DATPesiClassScheda.java
A    geocallapp\scmita\amministrazione\tpesiclasschede\TPesiClassSchede.java
A    geocallapp\scmita\amministrazione\tpesiclasschede\TPesiClassSchede.xml
A    geocallapp\scmita\amministrazione\tpesiitemrisposta\DATPesiItemRisposta.java
A    geocallapp\scmita\amministrazione\tpesiitemrisposta\TPesiItemRisposta.java
A    geocallapp\scmita\amministrazione\tpesiitemrisposta\TPesiItemRisposta.xml
U    geocallapp\scmita\scmita_svil.xml
U    geocallapp\scmita\scmita_coll.xml
U    geocallapp\scmita\anagrafiche\atticontrollo\DAAAttiControllo.java
U    geocallapp\scmita\anagrafiche\atticontrollocl\DAAAttiControlloCL.java
A    geocallapp\scmita\cruscottoco\io697\Cqi.java
A    geocallapp\scmita\cruscottoco\io697\DARCQIContrattoImpresa.java
A    geocallapp\scmita\cruscottoco\io697\DASCQIContrattoImpresa.java
A    geocallapp\scmita\cruscottoco\io697\DASCQIParametriTipoScheda.java
A    geocallapp\scmita\cruscottoco\io697\DASCQITipoScheda.java
A    geocallapp\scmita\cruscottoco\io697\DATCalcoloCQI.java
A    geocallapp\scmita\cruscottoco\io697\DATCalcoloCQIContratto.java
A    geocallapp\scmita\cruscottoco\io697\DATCalcoloPeriodicoCQI.java
A    geocallapp\scmita\cruscottoco\io697\DATLoadCQI.java
A    geocallapp\scmita\cruscottoco\io697\DATSaveCQI.java
A    geocallapp\scmita\global\LPenaleCQI.xml
A    geocallapp\scmita\global\TPesiClassScheda.xml
A    geocallapp\scmita\global\TPesiItemRisposta.xml
U    geocallapp\scmita\menu.xml
U    geocallapp\scmita\scmita_prep.xml
U    geocallapp\scmita\scmita_prod.xml
Aggiornato alla revisione 362619.

c:\OVERIT\geocall61\SCMIta-11.0\overit>svn_merge_branch.cmd

c:\OVERIT\geocall61\SCMIta-11.0\overit>svn merge -r 361970:362619 http://svn.overit.it/repositories/geocall/SCMIta/branches/10.50/src/overit
--- Fusione di r361971 attraverso r362619 in '.':
A    geocallapp\scmita\anagrafichegestioneambientale\autorizzazionianga\da
U    geocallapp\scmita\anagrafiche\contratti\DAAContrattiTestate.java
A    geocallapp\scmita\anagrafichegestioneambientale\autorizzazionianga\da\DAAutoMezzi.java
U    geocallapp\scmita\cxf\scma2a\wrapper\DATInviaFattura.java
U    geocallapp\scmita\cxf\scma2a\wrapper\DATSetDocumentoLM.java
U    geocallapp\scmita\cxf\spotfirescambiofile\wrapper\DATCallSpotfireScambioFile.java
U    geocallapp\scmita\fibraottica\anagrafiche\attocontrollofoco\DAAAttiControlloFoCo.java
U    geocallapp\scmita\fibraottica\anagrafiche\attocontrollofovf\AttiControlloFoVF.java
U    geocallapp\scmita\fibraottica\anagrafiche\attocontrollofovf\PFiltriRicercaAttiFoVF.xml
U    geocallapp\scmita\fibraottica\anagrafiche\incarichivf\PFiltriIncarichiVF.xml
U    geocallapp\scmita\fibraottica\anagrafiche\salasbuilt\PRicercaSAB.xml
U    geocallapp\scmita\fibraottica\anagrafiche\salasbuilt\RicercaSAB.java
A    geocallapp\scmita\fibraottica\report\spotfire\DAAReportSpotfire.java
U    geocallapp\scmita\fibraottica\report\spotfire\DATReportSpotfire.java
U    geocallapp\scmita\fibraottica\report\spotfire\ReportSpotfire.xml
A    geocallapp\scmita\fibraottica\report\spotfire\RicercaReportSpotfire.java
A    geocallapp\scmita\fibraottica\report\spotfire\RicercaReportSpotfire.xml
U    geocallapp\scmita\fibraottica\task\DATExportSpotfire.java
U    geocallapp\scmita\functions.xml
A    geocallapp\scmita\install\scripts\10.11.19040300.sql
U    geocallapp\scmita\menu.xml
 G   .
--- Recording mergeinfo for merge of r361971 through r362619 into '.':
 G   .

c:\OVERIT\geocall61\SCMIta-11.0\overit>svn_commit.cmd

c:\OVERIT\geocall61\SCMIta-11.0\overit>svn commit -m "riportate modifiche dal branch 10.50 da rev 361970 a 362619 sul 11.0"
Trasmetto      .
Trasmetto      geocallapp\scmita\anagrafiche\contratti\DAAContrattiTestate.java
Aggiungo       geocallapp\scmita\anagrafichegestioneambientale\autorizzazionianga\da
Trasmetto      geocallapp\scmita\cxf\scma2a\wrapper\DATInviaFattura.java
Trasmetto      geocallapp\scmita\cxf\scma2a\wrapper\DATSetDocumentoLM.java
Trasmetto      geocallapp\scmita\cxf\spotfirescambiofile\wrapper\DATCallSpotfireScambioFile.java
Trasmetto      geocallapp\scmita\fibraottica\anagrafiche\attocontrollofoco\DAAAttiControlloFoCo.java
Trasmetto      geocallapp\scmita\fibraottica\anagrafiche\attocontrollofovf\AttiControlloFoVF.java
Trasmetto      geocallapp\scmita\fibraottica\anagrafiche\attocontrollofovf\PFiltriRicercaAttiFoVF.xml
Trasmetto      geocallapp\scmita\fibraottica\anagrafiche\incarichivf\PFiltriIncarichiVF.xml
Trasmetto      geocallapp\scmita\fibraottica\anagrafiche\salasbuilt\PRicercaSAB.xml
Trasmetto      geocallapp\scmita\fibraottica\anagrafiche\salasbuilt\RicercaSAB.java
Aggiungo       geocallapp\scmita\fibraottica\report\spotfire\DAAReportSpotfire.java
Trasmetto      geocallapp\scmita\fibraottica\report\spotfire\DATReportSpotfire.java
Trasmetto      geocallapp\scmita\fibraottica\report\spotfire\ReportSpotfire.xml
Aggiungo       geocallapp\scmita\fibraottica\report\spotfire\RicercaReportSpotfire.java
Aggiungo       geocallapp\scmita\fibraottica\report\spotfire\RicercaReportSpotfire.xml
Trasmetto      geocallapp\scmita\fibraottica\task\DATExportSpotfire.java
Trasmetto      geocallapp\scmita\functions.xml
Aggiungo       geocallapp\scmita\install\scripts\10.11.19040300.sql
Trasmetto      geocallapp\scmita\menu.xml
Trasmissione dati ...............
Committed revision 362621.

** 2019/03/29
set PROJECT_NAME=SCMIta
set BRANCH_FROM=10.50
set BRANCH_TO=11.0
set REV_FROM=361677
set REV_TO=361970
set COMMENT="riportate modifiche dal branch %BRANCH_FROM% da rev %REV_FROM% a %REV_TO% sul %BRANCH_TO%"
cd ..\..\%PROJECT_NAME%-%BRANCH_TO%\overit
svn update
svn_merge_branch.cmd
svn_commit.cmd

c:\OVERIT\geocall61\SCMIta-10.50\overit> set PROJECT_NAME=SCMIta

c:\OVERIT\geocall61\SCMIta-10.50\overit>set BRANCH_FROM=10.50

c:\OVERIT\geocall61\SCMIta-10.50\overit>set BRANCH_TO=11.0

c:\OVERIT\geocall61\SCMIta-10.50\overit>set REV_FROM=361677

c:\OVERIT\geocall61\SCMIta-10.50\overit>set REV_TO=361970

c:\OVERIT\geocall61\SCMIta-10.50\overit>set COMMENT="riportate modifiche dal branch %BRANCH_FROM% da rev %REV_FROM% a %REV_TO% sul %BRANCH_TO%"

c:\OVERIT\geocall61\SCMIta-10.50\overit>cd ..\..\%PROJECT_NAME%-%BRANCH_TO%\overit

c:\OVERIT\geocall61\SCMIta-11.0\overit>svn update
Updating '.':
Alla revisione 361970.

c:\OVERIT\geocall61\SCMIta-11.0\overit>svn_merge_branch.cmd

c:\OVERIT\geocall61\SCMIta-11.0\overit>svn merge -r 361677:361970 http://svn.overit.it/repositories/geocall/SCMIta/branches/10.50/src/overit
--- Fusione di r361678 attraverso r361970 in '.':
U    geocallapp\scmita\amministrazione\anautente\DAAnaUtente.java
U    geocallapp\scmita\amministrazione\aschederisposte\PanelDatiAggSchedeRisposte.java
U    geocallapp\scmita\cxf\scmrichiesteaccessofo\wrapper\SottoPosizione.xml
U    geocallapp\scmita\fibraottica\UtilsFO.java
U    geocallapp\scmita\fibraottica\anagrafiche\attocontrollofoco\DAAAttiControlloFoCo.java
U    geocallapp\scmita\fibraottica\anagrafiche\attocontrollofoco\PIrregGidAtto.java
U    geocallapp\scmita\fibraottica\anagrafiche\attocontrollofoco\PIrregGidAttoVisual.java
U    geocallapp\scmita\fibraottica\anagrafiche\gid\DAAnagraficaGid.java
U    geocallapp\scmita\fibraottica\anagrafiche\incarichivf\DATSaveIncaricoVF.java
U    geocallapp\scmita\fibraottica\anagrafiche\notifichelavori\DANotificheLavori.java
U    geocallapp\scmita\fibraottica\anagrafiche\notifichelavori\ElencoPosizioni.xml
U    geocallapp\scmita\fibraottica\anagrafiche\strategiafoco\PEditStrategia.java
U    geocallapp\scmita\fibraottica\parametrizzazione\rgidrisposteirr\DARGidRisposteIrr.java
A    geocallapp\scmita\install\scripts\10.10.19032900.sql
U    geocallapp\scmita\scmita_coll.xml
U    geocallapp\scmita\scmita_svil.xml
 G   .
--- Recording mergeinfo for merge of r361678 through r361970 into '.':
 G   .

c:\OVERIT\geocall61\SCMIta-11.0\overit>svn_commit.cmd

c:\OVERIT\geocall61\SCMIta-11.0\overit>svn commit -m "riportate modifiche dal branch 10.50 da rev 361677 a 361970 sul 11.0"
Trasmetto      .
Trasmetto      geocallapp\scmita\amministrazione\anautente\DAAnaUtente.java
Trasmetto      geocallapp\scmita\amministrazione\aschederisposte\PanelDatiAggSchedeRisposte.java
Trasmetto      geocallapp\scmita\cxf\scmrichiesteaccessofo\wrapper\SottoPosizione.xml
Trasmetto      geocallapp\scmita\fibraottica\UtilsFO.java
Trasmetto      geocallapp\scmita\fibraottica\anagrafiche\attocontrollofoco\DAAAttiControlloFoCo.java
Trasmetto      geocallapp\scmita\fibraottica\anagrafiche\attocontrollofoco\PIrregGidAtto.java
Trasmetto      geocallapp\scmita\fibraottica\anagrafiche\attocontrollofoco\PIrregGidAttoVisual.java
Trasmetto      geocallapp\scmita\fibraottica\anagrafiche\gid\DAAnagraficaGid.java
Trasmetto      geocallapp\scmita\fibraottica\anagrafiche\incarichivf\DATSaveIncaricoVF.java
Trasmetto      geocallapp\scmita\fibraottica\anagrafiche\notifichelavori\DANotificheLavori.java
Trasmetto      geocallapp\scmita\fibraottica\anagrafiche\notifichelavori\ElencoPosizioni.xml
Trasmetto      geocallapp\scmita\fibraottica\anagrafiche\strategiafoco\PEditStrategia.java
Trasmetto      geocallapp\scmita\fibraottica\parametrizzazione\rgidrisposteirr\DARGidRisposteIrr.java
Aggiungo       geocallapp\scmita\install\scripts\10.10.19032900.sql
Trasmetto      geocallapp\scmita\scmita_coll.xml
Trasmetto      geocallapp\scmita\scmita_svil.xml
Trasmissione dati ...............
Committed revision 361971.

** 2019/03/28
set PROJECT_NAME=SCMIta
set BRANCH_FROM=10.50
set BRANCH_TO=11.0
set REV_FROM=361026
set REV_TO=361677
set COMMENT="riportate modifiche dal branch %BRANCH_FROM% da rev %REV_FROM% a %REV_TO% sul %BRANCH_TO%"
cd ..\..\%PROJECT_NAME%-%BRANCH_TO%\overit
svn update
svn_merge_branch.cmd
svn_commit.cmd

c:\OVERIT\geocall61\SCMIta-10.50\overit> set PROJECT_NAME=SCMIta

c:\OVERIT\geocall61\SCMIta-10.50\overit>set BRANCH_FROM=10.50

c:\OVERIT\geocall61\SCMIta-10.50\overit>set BRANCH_TO=11.0

c:\OVERIT\geocall61\SCMIta-10.50\overit>set REV_FROM=361026

c:\OVERIT\geocall61\SCMIta-10.50\overit>set REV_TO=361677

c:\OVERIT\geocall61\SCMIta-10.50\overit>set COMMENT="riportate modifiche dal branch %BRANCH_FROM% da rev %REV_FROM% a %REV_TO% sul %BRANCH_TO%"

c:\OVERIT\geocall61\SCMIta-10.50\overit>cd ..\..\%PROJECT_NAME%-%BRANCH_TO%\overit

c:\OVERIT\geocall61\SCMIta-11.0\overit>svn update
Updating '.':
Alla revisione 361677.

c:\OVERIT\geocall61\SCMIta-11.0\overit>svn_merge_branch.cmd

c:\OVERIT\geocall61\SCMIta-11.0\overit>svn merge -r 361026:361677 http://svn.overit.it/repositories/geocall/SCMIta/branches/10.50/src/overit
--- Fusione di r361027 attraverso r361677 in '.':
A    geocallapp\scmita\cxf\scmnotifichelavorifo\cmd
A    geocallapp\scmita\cxf\scmrichiesteaccessofo\cmd
U    geocallapp\scmita\amministrazione\adatifissi\ADatiFissi.java
U    geocallapp\scmita\amministrazione\adatifissi\ADatiFissi.xsl
U    geocallapp\scmita\amministrazione\adatifissi\DatiFissi.java
U    geocallapp\scmita\amministrazione\aschederisposte\DARDatiAggSchedeRisposte.java
U    geocallapp\scmita\amministrazione\aschederisposte\PanelDatiAggSchedeRisposte.java
U    geocallapp\scmita\amministrazione\aschederisposte\PanelDatiAggSchedeRisposte.xml
U    geocallapp\scmita\cxf\beans.xml
U    geocallapp\scmita\cxf\scmnotifichelavorifo\ISCMNotificheLavoriFO_SCMNotificheLavoriFOPort_Client.java
U    geocallapp\scmita\cxf\scmnotifichelavorifo\SCMNotificheLavoriFO.wsdl
U    geocallapp\scmita\cxf\scmnotifichelavorifo\Testata.java
A    geocallapp\scmita\cxf\scmnotifichelavorifo\cmd\compile.txt
A    geocallapp\scmita\cxf\scmnotifichelavorifo\custom.xml
U    geocallapp\scmita\cxf\scmnotifichelavorifo\scmnotifichelavorifo_proto\SCMNotificheLavoriFORequest.java
U    geocallapp\scmita\cxf\scmnotifichelavorifo\wrapper\Testata.xml
U    geocallapp\scmita\cxf\scmrichiesteaccessofo\ISCMRichiesteAccessoFO_SCMRichiesteAccessoFOPort_Client.java
U    geocallapp\scmita\cxf\scmrichiesteaccessofo\SCMRichiesteAccessoFO.wsdl
U    geocallapp\scmita\cxf\scmrichiesteaccessofo\SottoPosizione.java
U    geocallapp\scmita\cxf\scmrichiesteaccessofo\Testata.java
A    geocallapp\scmita\cxf\scmrichiesteaccessofo\cmd\compile.txt
A    geocallapp\scmita\cxf\scmrichiesteaccessofo\custom.xml
U    geocallapp\scmita\cxf\scmrichiesteaccessofo\scmrichiesteaccessofo_proto\SCMRichiesteAccessoFORequest.java
U    geocallapp\scmita\cxf\scmrichiesteaccessofo\wrapper\SottoPosizione.xml
U    geocallapp\scmita\cxf\scmrichiesteaccessofo\wrapper\Testata.xml
U    geocallapp\scmita\fibraottica\anagrafiche\attocontrollofoco\CompilaSchedaAttoFoCo.java
U    geocallapp\scmita\fibraottica\anagrafiche\attocontrollofoco\CompilaSchedaAttoFoCo.xml
U    geocallapp\scmita\fibraottica\anagrafiche\attocontrollofoco\DAAAttiControlloFoCo.java
U    geocallapp\scmita\fibraottica\anagrafiche\attocontrollofoco\DATLavorazioniAttoFoCo.java
U    geocallapp\scmita\fibraottica\anagrafiche\attocontrollofovf\CompilaSchedaAttoFoVF.java
U    geocallapp\scmita\fibraottica\anagrafiche\attocontrollofovf\LavorazioneAttoVF.java
U    geocallapp\scmita\fibraottica\anagrafiche\salasbuilt\DASalAsBuiltTestata.java
A    geocallapp\scmita\install\scripts\10.11.19032800.sql
 G   .
--- Recording mergeinfo for merge of r361027 through r361677 into '.':
 G   .

c:\OVERIT\geocall61\SCMIta-11.0\overit>svn_commit.cmd

c:\OVERIT\geocall61\SCMIta-11.0\overit>svn commit -m "riportate modifiche dal branch 10.50 da rev 361026 a 361677 sul 11.0"
Trasmetto      .
Trasmetto      geocallapp\scmita\amministrazione\adatifissi\ADatiFissi.java
Trasmetto      geocallapp\scmita\amministrazione\adatifissi\ADatiFissi.xsl
Trasmetto      geocallapp\scmita\amministrazione\adatifissi\DatiFissi.java
Trasmetto      geocallapp\scmita\amministrazione\aschederisposte\DARDatiAggSchedeRisposte.java
Trasmetto      geocallapp\scmita\amministrazione\aschederisposte\PanelDatiAggSchedeRisposte.java
Trasmetto      geocallapp\scmita\amministrazione\aschederisposte\PanelDatiAggSchedeRisposte.xml
Trasmetto      geocallapp\scmita\cxf\beans.xml
Trasmetto      geocallapp\scmita\cxf\scmnotifichelavorifo\ISCMNotificheLavoriFO_SCMNotificheLavoriFOPort_Client.java
Trasmetto      geocallapp\scmita\cxf\scmnotifichelavorifo\SCMNotificheLavoriFO.wsdl
Trasmetto      geocallapp\scmita\cxf\scmnotifichelavorifo\Testata.java
Aggiungo       geocallapp\scmita\cxf\scmnotifichelavorifo\cmd
Aggiungo       geocallapp\scmita\cxf\scmnotifichelavorifo\custom.xml
Trasmetto      geocallapp\scmita\cxf\scmnotifichelavorifo\scmnotifichelavorifo_proto\SCMNotificheLavoriFORequest.java
Trasmetto      geocallapp\scmita\cxf\scmnotifichelavorifo\wrapper\Testata.xml
Trasmetto      geocallapp\scmita\cxf\scmrichiesteaccessofo\ISCMRichiesteAccessoFO_SCMRichiesteAccessoFOPort_Client.java
Trasmetto      geocallapp\scmita\cxf\scmrichiesteaccessofo\SCMRichiesteAccessoFO.wsdl
Trasmetto      geocallapp\scmita\cxf\scmrichiesteaccessofo\SottoPosizione.java
Trasmetto      geocallapp\scmita\cxf\scmrichiesteaccessofo\Testata.java
Aggiungo       geocallapp\scmita\cxf\scmrichiesteaccessofo\cmd
Aggiungo       geocallapp\scmita\cxf\scmrichiesteaccessofo\custom.xml
Trasmetto      geocallapp\scmita\cxf\scmrichiesteaccessofo\scmrichiesteaccessofo_proto\SCMRichiesteAccessoFORequest.java
Trasmetto      geocallapp\scmita\cxf\scmrichiesteaccessofo\wrapper\SottoPosizione.xml
Trasmetto      geocallapp\scmita\cxf\scmrichiesteaccessofo\wrapper\Testata.xml
Trasmetto      geocallapp\scmita\fibraottica\anagrafiche\attocontrollofoco\CompilaSchedaAttoFoCo.java
Trasmetto      geocallapp\scmita\fibraottica\anagrafiche\attocontrollofoco\CompilaSchedaAttoFoCo.xml
Trasmetto      geocallapp\scmita\fibraottica\anagrafiche\attocontrollofoco\DAAAttiControlloFoCo.java
Trasmetto      geocallapp\scmita\fibraottica\anagrafiche\attocontrollofoco\DATLavorazioniAttoFoCo.java
Trasmetto      geocallapp\scmita\fibraottica\anagrafiche\attocontrollofovf\CompilaSchedaAttoFoVF.java
Trasmetto      geocallapp\scmita\fibraottica\anagrafiche\attocontrollofovf\LavorazioneAttoVF.java
Trasmetto      geocallapp\scmita\fibraottica\anagrafiche\salasbuilt\DASalAsBuiltTestata.java
Aggiungo       geocallapp\scmita\install\scripts\10.11.19032800.sql
Trasmissione dati ..........................
Committed revision 361679.

** 2019/03/26
set PROJECT_NAME=SCMIta
set BRANCH_FROM=10.50
set BRANCH_TO=11.0
set REV_FROM=360717
set REV_TO=361026
set COMMENT="riportate modifiche dal branch %BRANCH_FROM% da rev %REV_FROM% a %REV_TO% sul %BRANCH_TO%"
cd ..\..\%PROJECT_NAME%-%BRANCH_TO%\overit
svn update
svn_merge_branch.cmd
svn_commit.cmd

c:\OVERIT\geocall61\SCMIta-10.50\overit>set PROJECT_NAME=SCMIta

c:\OVERIT\geocall61\SCMIta-10.50\overit>set BRANCH_FROM=10.50

c:\OVERIT\geocall61\SCMIta-10.50\overit>set BRANCH_TO=11.0

c:\OVERIT\geocall61\SCMIta-10.50\overit>set REV_FROM=360717

c:\OVERIT\geocall61\SCMIta-10.50\overit>set REV_TO=361026

c:\OVERIT\geocall61\SCMIta-10.50\overit>set COMMENT="riportate modifiche dal branch %BRANCH_FROM% da rev %REV_FROM% a %REV_TO% sul %BRANCH_TO%"

c:\OVERIT\geocall61\SCMIta-10.50\overit>cd ..\..\%PROJECT_NAME%-%BRANCH_TO%\overit

c:\OVERIT\geocall61\SCMIta-11.0\overit>svn update
Updating '.':
Alla revisione 361027.

c:\OVERIT\geocall61\SCMIta-11.0\overit>svn_merge_branch.cmd

c:\OVERIT\geocall61\SCMIta-11.0\overit>svn merge -r 360717:361026 http://svn.overit.it/repositories/geocall/SCMIta/branches/10.50/src/overit
--- Fusione di r360718 attraverso r361026 in '.':
A    geocallapp\scmita\cxf\spotfirescambiofile
A    geocallapp\scmita\cxf\spotfirescambiofile\ackresponse
A    geocallapp\scmita\cxf\spotfirescambiofile\eneloutputheader
A    geocallapp\scmita\cxf\spotfirescambiofile\enelwsheader
A    geocallapp\scmita\cxf\spotfirescambiofile\request
A    geocallapp\scmita\cxf\spotfirescambiofile\statuserror
A    geocallapp\scmita\cxf\spotfirescambiofile\wrapper
A    geocallapp\scmita\fibraottica\report
A    geocallapp\scmita\fibraottica\report\spotfire
A    geocallapp\scmita\fibraottica\task
U    geocallapp\scmita\amministrazione\adatifissi\ADatiFissi.xsl
A    geocallapp\scmita\cxf\spotfirescambiofile\ScambioFile.java
A    geocallapp\scmita\cxf\spotfirescambiofile\ScambioFile.wsdl
A    geocallapp\scmita\cxf\spotfirescambiofile\ScambioFileSOAPImpl.java
A    geocallapp\scmita\cxf\spotfirescambiofile\ScambioFile_ScambioFileSOAP_Client.java
A    geocallapp\scmita\cxf\spotfirescambiofile\ScambioFile_ScambioFileSOAP_Server.java
A    geocallapp\scmita\cxf\spotfirescambiofile\ScambioFile_Service.java
A    geocallapp\scmita\cxf\spotfirescambiofile\ScambioFile_Service_handler.xml
A    geocallapp\scmita\cxf\spotfirescambiofile\ScambioFile_handler.xml
A    geocallapp\scmita\cxf\spotfirescambiofile\StatusError.java
A    geocallapp\scmita\cxf\spotfirescambiofile\ackresponse\AckResponse.java
A    geocallapp\scmita\cxf\spotfirescambiofile\ackresponse\ObjectFactory.java
A    geocallapp\scmita\cxf\spotfirescambiofile\ackresponse\Response.java
A    geocallapp\scmita\cxf\spotfirescambiofile\ackresponse\package-info.java
A    geocallapp\scmita\cxf\spotfirescambiofile\custom.xml
A    geocallapp\scmita\cxf\spotfirescambiofile\eneloutputheader\EnelheaderOutputSchema.java
A    geocallapp\scmita\cxf\spotfirescambiofile\eneloutputheader\ObjectFactory.java
A    geocallapp\scmita\cxf\spotfirescambiofile\eneloutputheader\package-info.java
A    geocallapp\scmita\cxf\spotfirescambiofile\enelwsheader\EnelWSMessageSchema.java
A    geocallapp\scmita\cxf\spotfirescambiofile\enelwsheader\ObjectFactory.java
A    geocallapp\scmita\cxf\spotfirescambiofile\enelwsheader\package-info.java
A    geocallapp\scmita\cxf\spotfirescambiofile\request\ObjectFactory.java
A    geocallapp\scmita\cxf\spotfirescambiofile\request\TestataType.java
A    geocallapp\scmita\cxf\spotfirescambiofile\request\package-info.java
A    geocallapp\scmita\cxf\spotfirescambiofile\statuserror\Error.java
A    geocallapp\scmita\cxf\spotfirescambiofile\statuserror\ObjectFactory.java
A    geocallapp\scmita\cxf\spotfirescambiofile\statuserror\package-info.java
A    geocallapp\scmita\cxf\spotfirescambiofile\wrapper\DATCallSpotfireScambioFile.java
U    geocallapp\scmita\fibraottica\anagrafiche\attocontrollofoco\DAAAttiControlloFoCo.java
A    geocallapp\scmita\fibraottica\report\spotfire\DATReportSpotfire.java
A    geocallapp\scmita\fibraottica\report\spotfire\ReportSpotfire.xml
A    geocallapp\scmita\fibraottica\task\DATExportSpotfire.java
A    geocallapp\scmita\install\scripts\10.11.19032600.sql
U    geocallapp\scmita\scmita_coll.xml
U    geocallapp\scmita\scmita_prep.xml
U    geocallapp\scmita\scmita_prod.xml
U    geocallapp\scmita\scmita_svil.xml
 G   .
--- Recording mergeinfo for merge of r360718 through r361026 into '.':
 G   .

c:\OVERIT\geocall61\SCMIta-11.0\overit>svn_commit.cmd

c:\OVERIT\geocall61\SCMIta-11.0\overit>svn commit -m "riportate modifiche dal branch 10.50 da rev 360717 a 361026 sul 11.0"
Trasmetto      .
Trasmetto      geocallapp\scmita\amministrazione\adatifissi\ADatiFissi.xsl
Aggiungo       geocallapp\scmita\cxf\spotfirescambiofile
Trasmetto      geocallapp\scmita\fibraottica\anagrafiche\attocontrollofoco\DAAAttiControlloFoCo.java
Aggiungo       geocallapp\scmita\fibraottica\report
Aggiungo       geocallapp\scmita\fibraottica\task
Aggiungo       geocallapp\scmita\install\scripts\10.11.19032600.sql
Trasmetto      geocallapp\scmita\scmita_coll.xml
Trasmetto      geocallapp\scmita\scmita_prep.xml
Trasmetto      geocallapp\scmita\scmita_prod.xml
Trasmetto      geocallapp\scmita\scmita_svil.xml
Trasmissione dati ......
Committed revision 361028.

** 2019/03/25
set PROJECT_NAME=SCMIta
set BRANCH_FROM=10.50
set BRANCH_TO=11.0
set REV_FROM=359995
set REV_TO=360717
set COMMENT="riportate modifiche dal branch %BRANCH_FROM% da rev %REV_FROM% a %REV_TO% sul %BRANCH_TO%"
cd ..\..\%PROJECT_NAME%-%BRANCH_TO%\overit
svn update
svn_merge_branch.cmd
svn_commit.cmd

c:\OVERIT\geocall61\SCMIta-10.50\overit>set PROJECT_NAME=SCMIta

c:\OVERIT\geocall61\SCMIta-10.50\overit>set BRANCH_FROM=10.50

c:\OVERIT\geocall61\SCMIta-10.50\overit>set BRANCH_TO=11.0

c:\OVERIT\geocall61\SCMIta-10.50\overit>set REV_FROM=359995

c:\OVERIT\geocall61\SCMIta-10.50\overit>set REV_TO=360717

c:\OVERIT\geocall61\SCMIta-10.50\overit>set COMMENT="riportate modifiche dal branch %BRANCH_FROM% da rev %REV_FROM% a %REV_TO% sul %BRANCH_TO%"

c:\OVERIT\geocall61\SCMIta-10.50\overit>cd ..\..\%PROJECT_NAME%-%BRANCH_TO%\overit

c:\OVERIT\geocall61\SCMIta-11.0\overit>svn update
Updating '.':
Alla revisione 360718.

c:\OVERIT\geocall61\SCMIta-11.0\overit>svn_merge_branch.cmd

c:\OVERIT\geocall61\SCMIta-11.0\overit>svn merge -r 359995:360717 http://svn.overit.it/repositories/geocall/SCMIta/branches/10.50/src/overit
--- Fusione di r359996 attraverso r360717 in '.':
A    geocallapp\scmita\install\scripts\10.50.19032500.sql
A    geocallapp\scmita\install\scripts\10.50.19032501.sql
U    geocallapp\scmita\cxf\gwfesitoverifiche\wrapper\DATCallEsitoVerificaFinale.java
U    geocallapp\scmita\cxf\sapnotificacaricamentomart26\wrapper\DATCallSAPNotificaMArt26.java
 U   .
--- Recording mergeinfo for merge of r359996 through r360717 into '.':
 G   .

c:\OVERIT\geocall61\SCMIta-11.0\overit>svn_commit.cmd

c:\OVERIT\geocall61\SCMIta-11.0\overit>svn commit -m "riportate modifiche dal branch 10.50 da rev 359995 a 360717 sul 11.0"
Trasmetto      .
Trasmetto      geocallapp\scmita\cxf\gwfesitoverifiche\wrapper\DATCallEsitoVerificaFinale.java
Trasmetto      geocallapp\scmita\cxf\sapnotificacaricamentomart26\wrapper\DATCallSAPNotificaMArt26.java
Aggiungo       geocallapp\scmita\install\scripts\10.50.19032500.sql
Aggiungo       geocallapp\scmita\install\scripts\10.50.19032501.sql
Trasmissione dati ..
Committed revision 360719.
